107.242.117.12 - - [28/Jan/2019:00:48:58 +0800] GET /activity.php HTTP/1.1 "200" 75 "-" "GPS\xE7\x8A\xB6\xE6\x80\x81 1.5.30 rv:1530 (iPhone; iOS 12.1.2; zh-Hans_US)" "-"
107.242.117.12 - - [28/Jan/2019:00:48:59 +0800] GET //save_token.php?token=a3e56f75%20447c81f6%2077d0bfe0%20f794588b%2098b10fe6%203ef17caf%20c7695ea3%203721b23f&os=IOS&version=12.1.2&type=iPhone7,1&city=%E6%98%86%E6%96%AF&loc=%3C+40.76055866,-73.82594264%3E%20+/-%2065.00m%20(speed%20-1.00%20mps%20/%20course%20-1.00)%20@%202019/1/27%20%E5%8C%97%E7%BE%8E%E4%B8%9C%E9%83%A8%E6%A0%87%E5%87%86%E6%97%B6%E9%97%B4%20%E4%B8%8A%E5%8D%8811:48:56&device_id=2E57DD1C-C544-46F1-9A48-B1C06FCAAF87&app_version=1.2 HTTP/1.1 "200" 12 "-" "GPS\xE7\x8A\xB6\xE6\x80\x81 1.5.30 rv:1530 (iPhone; iOS 12.1.2; zh-Hans_US)" "-"
125.94.189.77 - - [28/Jan/2019:00:49:00 +0800] GET /activity.php HTTP/1.1 "200" 88 "-" "GPS\xE7\x8A\xB6\xE6\x80\x81 1.5.31 rv:1535 (iPhone; iOS 12.1.2; zh_CN)" "-"
2001:470:c:829::2 - - [28/Jan/2019:00:49:00 +0800] GET //weather/weather_data_open.php?city=%E6%98%86%E6%96%AF HTTP/1.0 "200" 0 "-" "-" "-"
107.242.117.12 - - [28/Jan/2019:00:49:00 +0800] GET /weather/weather_data_new.php?city=%E6%98%86%E6%96%AF HTTP/1.1 "200" 5 "-" "GPS\xE7\x8A\xB6\xE6\x80\x81 1.5.30 rv:1530 (iPhone; iOS 12.1.2; zh-Hans_US)" "-"
121.237.238.101 - - [28/Jan/2019:00:49:04 +0800] GET /activity.php HTTP/1.1 "200" 88 "-" "GPS\xE7\x8A\xB6\xE6\x80\x81 1.5.31 rv:1535 (iPhone; iOS 12.1.2; zh_CN)" "-"
121.237.238.101 - - [28/Jan/2019:00:49:05 +0800] GET //save_token.php?token=3c383cc8%20323d154d%204927b8c1%2056518988%20f1c2667b%2042fd2117%2033e0e7f3%206890dba2&os=IOS&version=12.1.2&type=iPhone11,6&city=%E5%8D%97%E4%BA%AC&loc=%3C+32.01566790,+118.80390117%3E%20+/-%2065.00m%20(speed%20-1.00%20mps%20/%20course%20-1.00)%20@%202019/1/28%20%E4%B8%AD%E5%9B%BD%E6%A0%87%E5%87%86%E6%97%B6%E9%97%B4%2000:49:04&device_id=F70CAC11-5995-4951-9A3B-367BB98D3230&app_version=1.2 HTTP/1.1 "200" 33 "-" "GPS\xE7\x8A\xB6\xE6\x80\x81 1.5.31 rv:1535 (iPhone; iOS 12.1.2; zh_CN)" "-"
121.237.238.101 - - [28/Jan/2019:00:49:05 +0800] GET /weather/weather_data_new.php?city=%E5%8D%97%E4%BA%AC HTTP/1.1 "200" 281 "-" "GPS\xE7\x8A\xB6\xE6\x80\x81 1.5.31 rv:1535 (iPhone; iOS 12.1.2; zh_CN)" "-"
37.155.141.225 - - [28/Jan/2019:00:49:16 +0800] GET /activity.php HTTP/1.1 "200" 88 "-" "GPS Status 1.5.31 rv:1535 (iPhone; iOS 12.1.2; en_TR)" "-"
183.210.181.162 - - [28/Jan/2019:00:49:18 +0800] GET /activity.php HTTP/1.1 "200" 88 "-" "GPS\xE7\x8A\xB6\xE6\x80\x81 1.5.31 rv:1535 (iPhone; iOS 12.1.2; zh_CN)" "-"
183.210.181.162 - - [28/Jan/2019:00:49:18 +0800] GET //save_token.php?token=897f143d%20179a4e93%20f371c122%20bb193f4a%20f338e634%20cdfa3261%2053387bcb%202576ed3c&os=IOS&version=12.1.2&type=iPhone9,1&city=%E5%8D%97%E9%80%9A&loc=%3C+32.02722169,+120.85335931%3E%20+/-%2065.00m%20(speed%20-1.00%20mps%20/%20course%20-1.00)%20@%202019/1/28%20%E4%B8%AD%E5%9B%BD%E6%A0%87%E5%87%86%E6%97%B6%E9%97%B4%2000:49:15&device_id=6BEB69BB-9313-4F83-9EBB-0FFA324947F7&app_version=1.2 HTTP/1.1 "200" 33 "-" "GPS\xE7\x8A\xB6\xE6\x80\x81 1.5.31 rv:1535 (iPhone; iOS 12.1.2; zh_CN)" "-"
183.210.181.162 - - [28/Jan/2019:00:49:18 +0800] GET /weather/weather_data_new.php?city=%E5%8D%97%E9%80%9A HTTP/1.1 "200" 275 "-" "GPS\xE7\x8A\xB6\xE6\x80\x81 1.5.31 rv:1535 (iPhone; iOS 12.1.2; zh_CN)" "-"
105.38.155.13 - - [28/Jan/2019:00:49:22 +0800] POST /upload_track.php HTTP/1.1 "200" 33 "-" "GPS Status 1.5.31 rv:1535 (iPhone; iOS 12.1.2; en_EG)" "-"
37.155.141.225 - - [28/Jan/2019:00:49:25 +0800] GET //save_token.php?token=c36c1b58%20b79ca584%2099a6477f%20dc8091af%2064d06aaf%20f240197a%209174729e%20006bd03d&os=IOS&version=12.1.2&type=iPhone8,2&city=Silopi&loc=%3C+37.24800435,+42.46145957%3E%20+/-%2030.00m%20(speed%200.00%20mps%20/%20course%20-1.00)%20@%2027.01.2019%2019:49:23%20GMT+03:00&device_id=7736F423-D753-48CF-9619-C585A8E1DBF2&app_version=1.2 HTTP/1.1 "200" 33 "-" "GPS Status 1.5.31 rv:1535 (iPhone; iOS 12.1.2; en_TR)" "-"
2001:470:c:829::2 - - [28/Jan/2019:00:49:25 +0800] GET //weather/weather_data_open.php?city=Silopi HTTP/1.0 "200" 1955 "-" "-" "-"
37.155.141.225 - - [28/Jan/2019:00:49:25 +0800] GET /weather/weather_data_new.php?city=Silopi HTTP/1.1 "200" 743 "-" "GPS Status 1.5.31 rv:1535 (iPhone; iOS 12.1.2; en_TR)" "-"
101.244.220.218 - - [28/Jan/2019:00:50:08 +0800] GET /activity.php HTTP/1.1 "200" 88 "-" "GPS\xE7\x8A\xB6\xE6\x80\x81 1.5.31 rv:1535 (iPhone; iOS 12.1.3; zh_CN)" "-"
117.136.3.155 - - [28/Jan/2019:00:50:08 +0800] GET /activity.php HTTP/1.1 "200" 88 "-" "GPS\xE7\x8A\xB6\xE6\x80\x81 1.5.31 rv:1535 (iPhone; iOS 12.1.2; zh_CN)" "-"
101.244.220.218 - - [28/Jan/2019:00:50:10 +0800] POST /user_login.php HTTP/1.1 "200" 617 "-" "GPS\xE7\x8A\xB6\xE6\x80\x81 1.5.31 rv:1535 (iPhone; iOS 12.1.3; zh_CN)" "-"
117.136.3.155 - - [28/Jan/2019:00:50:15 +0800] GET /activity.php HTTP/1.1 "200" 88 "-" "GPS\xE7\x8A\xB6\xE6\x80\x81 1.5.31 rv:1535 (iPhone; iOS 12.1.2; zh_CN)" "-"
182.242.11.211 - - [28/Jan/2019:00:50:22 +0800] GET /weather/weather_data_new.php?city=%E6%98%86%E6%98%8E HTTP/1.1 "200" 287 "-" "GPS\xE7\x8A\xB6\xE6\x80\x81 1.5.31 rv:1535 (iPhone; iOS 12.1.2; zh_CN)" "-"
182.242.11.211 - - [28/Jan/2019:00:50:22 +0800] GET //save_token.php?token=49894f34%2080363f7e%2080dc0306%209c27d1ac%2000249ec4%20f294e622%20b8adbfa2%205a073230&os=IOS&version=12.1.2&type=iPhone9,1&city=%E6%98%86%E6%98%8E&loc=%3C+24.90628229,+103.14976092%3E%20+/-%20165.00m%20(speed%20-1.00%20mps%20/%20course%20-1.00)%20@%202019/1/28%20%E4%B8%AD%E5%9B%BD%E6%A0%87%E5%87%86%E6%97%B6%E9%97%B4%2000:50:20&device_id=5B5D0133-1587-4759-A04E-EC3CC3808B55&app_version=1.2 HTTP/1.1 "200" 33 "-" "GPS\xE7\x8A\xB6\xE6\x80\x81 1.5.31 rv:1535 (iPhone; iOS 12.1.2; zh_CN)" "-"
223.104.64.149 - - [28/Jan/2019:00:50:41 +0800] GET /activity.php HTTP/1.1 "200" 88 "-" "GPS\xE7\x8A\xB6\xE6\x80\x81 1.5.31 rv:1535 (iPhone; iOS 12.2; zh_CN)" "-"
121.11.241.97 - - [28/Jan/2019:00:50:42 +0800] GET /activity.php HTTP/1.1 "200" 82 "-" "GPS\xE7\x8A\xB6\xE6\x80\x81 1.5.31 rv:1535 (iPhone; iOS 12.0.1; zh_CN)" "-"
123.120.236.109 - - [28/Jan/2019:00:50:45 +0800] GET /activity.php HTTP/1.1 "200" 88 "-" "GPS\xE7\x8A\xB6\xE6\x80\x81 1.5.31 rv:1535 (iPhone; iOS 12.1.2; zh_CN)" "-"
123.120.236.109 - - [28/Jan/2019:00:50:46 +0800] GET /images/default_user.png HTTP/1.1 "200" 4654 "-" "GpsStatus/1535 CFNetwork/976 Darwin/18.2.0" "-"
106.121.139.220 - - [28/Jan/2019:00:50:46 +0800] GET /activity.php HTTP/1.1 "200" 88 "-" "GPS\xE7\x8A\xB6\xE6\x80\x81 1.5.31 rv:1535 (iPhone; iOS 12.1.2; zh_CN)" "-"
121.11.241.97 - - [28/Jan/2019:00:50:52 +0800] GET //save_token.php?token=b18e49b6%20f707b57c%20ecc6fa6b%2076df256e%20476361c1%2084a1a406%20e9be21da%20d0d2adfb&os=IOS&version=12.0.1&type=iPhone8,1&city=%E6%83%A0%E5%B7%9E&loc=%3C+23.12424146,+114.41450016%3E%20+/-%20103.95m%20(speed%20-1.00%20mps%20/%20course%20-1.00)%20@%202019/1/28%20%E4%B8%AD%E5%9B%BD%E6%A0%87%E5%87%86%E6%97%B6%E9%97%B4%2000:50:50&device_id=4f6ade3860ec13f25675b7703f583e9f8fe97065&app_version=1.2 HTTP/1.1 "200" 33 "-" "GPS\xE7\x8A\xB6\xE6\x80\x81 1.5.31 rv:1535 (iPhone; iOS 12.0.1; zh_CN)" "-"
121.11.241.97 - - [28/Jan/2019:00:50:52 +0800] GET /weather/weather_data_new.php?city=%E6%83%A0%E5%B7%9E HTTP/1.1 "200" 255 "-" "GPS\xE7\x8A\xB6\xE6\x80\x81 1.5.31 rv:1535 (iPhone; iOS 12.0.1; zh_CN)" "-"
117.136.67.3 - - [28/Jan/2019:00:50:55 +0800] GET /activity.php HTTP/1.1 "200" 93 "-" "GPS\xE7\x8A\xB6\xE6\x80\x81 1.5.31 rv:1535 (iPhone; iOS 12.1.2; zh_CN)" "-"
117.136.67.3 - - [28/Jan/2019:00:50:55 +0800] POST /upload_track.php HTTP/1.1 "200" 33 "-" "GPS\xE7\x8A\xB6\xE6\x80\x81 1.5.31 rv:1535 (iPhone; iOS 12.1.2; zh_CN)" "-"
117.136.67.3 - - [28/Jan/2019:00:50:56 +0800] GET /vote.php?winSize=375.000000,667.000000 HTTP/1.1 "200" 1318 "-" "Mozilla/5.0 (iPhone; CPU iPhone OS 12_1_2 like Mac OS X) AppleWebKit/605.1.15 (KHTML, like Gecko) Mobile/16C101" "-"
117.136.67.3 - - [28/Jan/2019:00:50:57 +0800] GET /js/jquery.min.js HTTP/1.1 "200" 95786 "http://gps.ilvs.cn/vote.php?winSize=375.000000,667.000000" "Mozilla/5.0 (iPhone; CPU iPhone OS 12_1_2 like Mac OS X) AppleWebKit/605.1.15 (KHTML, like Gecko) Mobile/16C101" "-"
117.136.67.3 - - [28/Jan/2019:00:50:58 +0800] GET /weather/weather_data_new.php?city=%E5%AE%89%E5%BA%86 HTTP/1.1 "200" 273 "-" "GPS\xE7\x8A\xB6\xE6\x80\x81 1.5.31 rv:1535 (iPhone; iOS 12.1.2; zh_CN)" "-"
117.136.67.3 - - [28/Jan/2019:00:50:58 +0800] POST /upload_track.php HTTP/1.1 "200" 33 "-" "GPS\xE7\x8A\xB6\xE6\x80\x81 1.5.31 rv:1535 (iPhone; iOS 12.1.2; zh_CN)" "-"
187.217.217.83 - - [28/Jan/2019:00:51:27 +0800] GET /activity.php HTTP/1.1 "200" 88 "-" "GPS Status 1.5.31 rv:1535 (iPhone; iOS 11.3; en_US)" "-"
187.217.217.83 - - [28/Jan/2019:00:51:35 +0800] GET /activity.php HTTP/1.1 "200" 88 "-" "GPS Status 1.5.31 rv:1535 (iPhone; iOS 11.3; en_US)" "-"
101.244.220.218 - - [28/Jan/2019:00:51:44 +0800] GET /weather/weather_data_new.php?city=%E4%B8%8A%E6%B5%B7 HTTP/1.1 "200" 239 "-" "GPS\xE7\x8A\xB6\xE6\x80\x81 1.5.31 rv:1535 (iPhone; iOS 12.1.3; zh_CN)" "-"
46.221.253.44 - - [28/Jan/2019:00:51:46 +0800] GET /activity.php HTTP/1.1 "200" 82 "-" "GPS Status 1.5.31 rv:1535 (iPhone; iOS 12.1.2; en_TR)" "-"
101.244.220.218 - - [28/Jan/2019:00:51:48 +0800] GET /weather/weather_data_new.php?city=%E4%B8%8A%E6%B5%B7 HTTP/1.1 "200" 238 "-" "GPS\xE7\x8A\xB6\xE6\x80\x81 1.5.31 rv:1535 (iPhone; iOS 12.1.3; zh_CN)" "-"
121.11.241.97 - - [28/Jan/2019:00:51:49 +0800] GET /weather/weather_data_new.php?city=%E6%83%A0%E5%B7%9E HTTP/1.1 "200" 256 "-" "GPS\xE7\x8A\xB6\xE6\x80\x81 1.5.31 rv:1535 (iPhone; iOS 12.0.1; zh_CN)" "-"
46.221.253.44 - - [28/Jan/2019:00:51:56 +0800] GET //save_token.php?token=f43a5d4a%202a2c17bb%20623dd133%2020ce3bb0%202d6a7ddc%20ff463adc%205c5ffdb9%2063ed20dd&os=IOS&version=12.1.2&type=iPhone8,1&city=Silopi&loc=%3C+37.24793904,+42.46137985%3E%20+/-%2065.00m%20(speed%20-1.00%20mps%20/%20course%20-1.00)%20@%2027.01.2019%2019:51:55%20GMT+03:00&device_id=FB2AACD0-CF8C-45AA-BCDF-B5318AD02A68&app_version=1.2 HTTP/1.1 "200" 33 "-" "GPS Status 1.5.31 rv:1535 (iPhone; iOS 12.1.2; en_TR)" "-"
2001:470:c:829::2 - - [28/Jan/2019:00:51:57 +0800] GET //weather/weather_data_open.php?city=Silopi HTTP/1.0 "200" 1955 "-" "-" "-"
46.221.253.44 - - [28/Jan/2019:00:51:57 +0800] GET /weather/weather_data_new.php?city=Silopi HTTP/1.1 "200" 743 "-" "GPS Status 1.5.31 rv:1535 (iPhone; iOS 12.1.2; en_TR)" "-"
83.223.242.28 - - [28/Jan/2019:00:52:00 +0800] GET /activity.php HTTP/1.1 "200" 93 "-" "GPS Status 1.5.31 rv:1535 (iPhone; iOS 12.1.2; en_PT)" "-"
83.223.242.28 - - [28/Jan/2019:00:52:01 +0800] GET /vote.php?winSize=414.000000,896.000000 HTTP/1.1 "200" 1318 "-" "Mozilla/5.0 (iPhone; CPU iPhone OS 12_1_2 like Mac OS X) AppleWebKit/605.1.15 (KHTML, like Gecko) Mobile/16C101" "-"
83.223.242.28 - - [28/Jan/2019:00:52:02 +0800] GET /js/jquery.min.js HTTP/1.1 "200" 95786 "http://gps.ilvs.cn/vote.php?winSize=414.000000,896.000000" "Mozilla/5.0 (iPhone; CPU iPhone OS 12_1_2 like Mac OS X) AppleWebKit/605.1.15 (KHTML, like Gecko) Mobile/16C101" "-"
221.232.230.207 - - [28/Jan/2019:00:52:04 +0800] GET /activity.php HTTP/1.1 "200" 88 "-" "GPS\xE7\x8A\xB6\xE6\x80\x81 1.5.31 rv:1535 (iPhone; iOS 12.2; zh_CN)" "-"
83.223.242.28 - - [28/Jan/2019:00:52:09 +0800] GET //save_token.php?token=007c5c3f%20352e91b5%20bf763aff%20b6ac00cb%207da4281b%2087095878%206223c351%20698454c9&os=IOS&version=12.1.2&type=iPhone11,8&city=Amadora&loc=%3C+38.77598888,-9.22048928%3E%20+/-%209.34m%20(speed%200.04%20mps%20/%20course%20161.40)%20@%2027/01/2019,%2016:52:09%20Western%20European%20Standard%20Time&device_id=694E8D25-AFE3-4552-A003-0247C1D9C40B&app_version=1.2 HTTP/1.1 "200" 33 "-" "GPS Status 1.5.31 rv:1535 (iPhone; iOS 12.1.2; en_PT)" "-"
2001:470:c:829::2 - - [28/Jan/2019:00:52:11 +0800] GET //weather/weather_data_open.php?city=Amadora HTTP/1.0 "200" 1963 "-" "-" "-"
83.223.242.28 - - [28/Jan/2019:00:52:11 +0800] GET /weather/weather_data_new.php?city=Amadora HTTP/1.1 "200" 690 "-" "GPS Status 1.5.31 rv:1535 (iPhone; iOS 12.1.2; en_PT)" "-"
223.104.64.149 - - [28/Jan/2019:00:52:17 +0800] GET /activity.php HTTP/1.1 "200" 88 "-" "GPS\xE7\x8A\xB6\xE6\x80\x81 1.5.31 rv:1535 (iPhone; iOS 12.2; zh_CN)" "-"
61.148.243.83 - - [28/Jan/2019:00:52:27 +0800] GET /activity.php HTTP/1.1 "200" 88 "-" "GPS\xE7\x8A\xB6\xE6\x80\x81 1.5.31 rv:1535 (iPhone; iOS 12.1.2; zh_CN)" "-"
61.148.243.83 - - [28/Jan/2019:00:52:28 +0800] GET /activity.php HTTP/1.1 "200" 88 "-" "GPS\xE7\x8A\xB6\xE6\x80\x81 1.5.31 rv:1535 (iPhone; iOS 12.1.2; zh_CN)" "-"
61.148.243.83 - - [28/Jan/2019:00:52:30 +0800] GET //save_token.php?token=06ad6353%20283f452a%2057caba3a%202b2b1532%2043603a30%2015c40d84%2010478672%20580c541c&os=IOS&version=12.1.2&type=iPhone10,3&city=%E5%8C%97%E4%BA%AC&loc=%3C+39.95786238,+116.34795145%3E%20+/-%2010.00m%20(speed%2016.54%20mps%20/%20course%20153.63)%20@%202019/1/28%20%E4%B8%AD%E5%9B%BD%E6%A0%87%E5%87%86%E6%97%B6%E9%97%B4%2000:52:29&device_id=4DDA542F-B4FA-47E0-BBFC-02B4727C65E6&app_version=1.2 HTTP/1.1 "200" 33 "-" "GPS\xE7\x8A\xB6\xE6\x80\x81 1.5.31 rv:1535 (iPhone; iOS 12.1.2; zh_CN)" "-"
61.148.243.83 - - [28/Jan/2019:00:52:30 +0800] GET /weather/weather_data_new.php?city=%E5%8C%97%E4%BA%AC HTTP/1.1 "200" 268 "-" "GPS\xE7\x8A\xB6\xE6\x80\x81 1.5.31 rv:1535 (iPhone; iOS 12.1.2; zh_CN)" "-"
187.217.217.83 - - [28/Jan/2019:00:52:36 +0800] POST /upload_track.php HTTP/1.1 "200" 33 "-" "GPS Status 1.5.31 rv:1535 (iPhone; iOS 11.3; en_US)" "-"
187.217.217.83 - - [28/Jan/2019:00:52:53 +0800] POST /upload_track.php HTTP/1.1 "200" 33 "-" "GPS Status 1.5.31 rv:1535 (iPhone; iOS 11.3; en_US)" "-"
221.232.230.207 - - [28/Jan/2019:00:52:58 +0800] GET /activity.php HTTP/1.1 "200" 88 "-" "GPS\xE7\x8A\xB6\xE6\x80\x81 1.5.31 rv:1535 (iPhone; iOS 12.2; zh_CN)" "-"
222.221.150.235 - - [28/Jan/2019:00:53:14 +0800] GET /activity.php HTTP/1.1 "200" 88 "-" "GPS\xE7\x8A\xB6\xE6\x80\x81 1.5.31 rv:1535 (iPhone; iOS 10.3.3; zh_CN)" "-"
222.221.150.235 - - [28/Jan/2019:00:53:15 +0800] GET /images/default_user.png HTTP/1.1 "200" 4654 "-" "GpsStatus/1535 CFNetwork/811.5.4 Darwin/16.7.0" "-"
222.221.150.235 - - [28/Jan/2019:00:53:16 +0800] GET //save_token.php?token=8db175bf%200078eac3%205050d759%20d5fc6097%20cc5d217d%203079d896%20e8e3b4e3%20e0da3ae3&os=IOS&version=10.3.3&type=iPhone6,2&city=%E6%98%86%E6%98%8E&loc=%3C+25.04633325,+102.73436925%3E%20+/-%2065.00m%20(speed%20-1.00%20mps%20/%20course%20-1.00)%20@%202019/1/28%20%E4%B8%AD%E5%9B%BD%E6%A0%87%E5%87%86%E6%97%B6%E9%97%B4%2000:53:14&device_id=9342A3E1-5309-4134-9879-C50D5BE9891D&app_version=1.2 HTTP/1.1 "200" 33 "-" "GPS\xE7\x8A\xB6\xE6\x80\x81 1.5.31 rv:1535 (iPhone; iOS 10.3.3; zh_CN)" "-"
222.221.150.235 - - [28/Jan/2019:00:53:17 +0800] GET /weather/weather_data_new.php?city=%E6%98%86%E6%98%8E HTTP/1.1 "200" 287 "-" "GPS\xE7\x8A\xB6\xE6\x80\x81 1.5.31 rv:1535 (iPhone; iOS 10.3.3; zh_CN)" "-"
176.200.5.171 - - [28/Jan/2019:00:53:18 +0800] GET /activity.php HTTP/1.1 "200" 88 "-" "GPS Status 1.5.30 rv:1530 (iPhone; iOS 12.1.3; en_IT)" "-"
176.200.5.171 - - [28/Jan/2019:00:53:18 +0800] GET //save_token.php?token=d61c68fb%20d186c5fe%202d817d46%20a63adf76%2044367f9a%20fa942ebf%20ded03799%2022f797cd&os=IOS&version=12.1.3&type=iPhone11,2&city=Provincia%20di%20Verona&loc=%3C+45.57880187,+10.71628087%3E%20+/-%20164.13m%20(speed%20-1.00%20mps%20/%20course%20-1.00)%20@%2027/01/2019,%2017:53:16%20Central%20European%20Standard%20Time&device_id=BEA3D561-56EF-4257-B45F-A23FB407541F&app_version=1.2 HTTP/1.1 "200" 33 "-" "GPS Status 1.5.30 rv:1530 (iPhone; iOS 12.1.3; en_IT)" "-"
2001:470:c:829::2 - - [28/Jan/2019:00:53:19 +0800] GET //weather/weather_data_open.php?city=Provincia+di+Verona HTTP/1.0 "200" 0 "-" "-" "-"
176.200.5.171 - - [28/Jan/2019:00:53:19 +0800] GET /weather/weather_data_new.php?city=Provincia%20di%20Verona HTTP/1.1 "200" 31 "-" "GPS Status 1.5.30 rv:1530 (iPhone; iOS 12.1.3; en_IT)" "-"
107.242.117.12 - - [28/Jan/2019:00:53:20 +0800] GET /activity.php HTTP/1.1 "200" 75 "-" "GPS\xE7\x8A\xB6\xE6\x80\x81 1.5.30 rv:1530 (iPhone; iOS 12.1.2; zh-Hans_US)" "-"
2001:470:c:829::2 - - [28/Jan/2019:00:53:58 +0800] GET //weather/weather_data_open.php?city= HTTP/1.0 "200" 0 "-" "-" "-"
187.217.217.83 - - [28/Jan/2019:00:53:58 +0800] GET /weather/weather_data_new.php?city= HTTP/1.1 "200" 31 "-" "GPS Status 1.5.31 rv:1535 (iPhone; iOS 11.3; en_US)" "-"
182.242.11.211 - - [28/Jan/2019:00:54:06 +0800] GET /activity.php HTTP/1.1 "200" 82 "-" "GPS\xE7\x8A\xB6\xE6\x80\x81 1.5.31 rv:1535 (iPhone; iOS 12.1.2; zh_CN)" "-"
182.242.11.211 - - [28/Jan/2019:00:54:07 +0800] GET //save_token.php?token=49894f34%2080363f7e%2080dc0306%209c27d1ac%2000249ec4%20f294e622%20b8adbfa2%205a073230&os=IOS&version=12.1.2&type=iPhone9,1&city=%E6%98%86%E6%98%8E&loc=%3C+24.90633506,+103.14983622%3E%20+/-%2030.00m%20(speed%200.00%20mps%20/%20course%20346.99)%20@%202019/1/28%20%E4%B8%AD%E5%9B%BD%E6%A0%87%E5%87%86%E6%97%B6%E9%97%B4%2000:54:06&device_id=5B5D0133-1587-4759-A04E-EC3CC3808B55&app_version=1.2 HTTP/1.1 "200" 33 "-" "GPS\xE7\x8A\xB6\xE6\x80\x81 1.5.31 rv:1535 (iPhone; iOS 12.1.2; zh_CN)" "-"
182.242.11.211 - - [28/Jan/2019:00:54:08 +0800] GET /weather/weather_data_new.php?city=%E6%98%86%E6%98%8E HTTP/1.1 "200" 287 "-" "GPS\xE7\x8A\xB6\xE6\x80\x81 1.5.31 rv:1535 (iPhone; iOS 12.1.2; zh_CN)" "-"
222.221.150.235 - - [28/Jan/2019:00:54:18 +0800] GET /activity.php HTTP/1.1 "200" 88 "-" "GPS\xE7\x8A\xB6\xE6\x80\x81 1.5.31 rv:1535 (iPhone; iOS 10.3.3; zh_CN)" "-"
61.148.243.83 - - [28/Jan/2019:00:55:22 +0800] GET /weather/weather_data_new.php?city=%E5%8C%97%E4%BA%AC HTTP/1.1 "200" 269 "-" "GPS\xE7\x8A\xB6\xE6\x80\x81 1.5.31 rv:1535 (iPhone; iOS 12.1.2; zh_CN)" "-"
223.74.109.55 - - [28/Jan/2019:00:55:23 +0800] GET /activity.php HTTP/1.1 "200" 88 "-" "GPS\xE7\x8A\xB6\xE6\x80\x81 1.5.30 rv:1530 (iPhone; iOS 10.3.2; zh_CN)" "-"
223.74.109.55 - - [28/Jan/2019:00:55:26 +0800] GET //save_token.php?token=b077bf2f%200cbab717%20faca28ca%2079887e4c%20f68a5e03%20a7b7dfba%207d3496c5%2050bac608&os=IOS&version=10.3.2&type=iPhone6,2&city=%E4%B8%9C%E8%8E%9E&loc=%3C+22.79619539,+113.77660536%3E%20+/-%2065.00m%20(speed%20-1.00%20mps%20/%20course%20-1.00)%20@%202019/1/28%20%E4%B8%AD%E5%9B%BD%E6%A0%87%E5%87%86%E6%97%B6%E9%97%B4%2000:55:22&device_id=0E388BB4-0741-424C-92E6-69785A401EB6&app_version=1.2 HTTP/1.1 "200" 33 "-" "GPS\xE7\x8A\xB6\xE6\x80\x81 1.5.30 rv:1530 (iPhone; iOS 10.3.2; zh_CN)" "-"
2001:470:c:829::2 - - [28/Jan/2019:00:55:26 +0800] GET //weather/weather_data_open.php?city=%E4%B8%9C%E8%8E%9E HTTP/1.0 "200" 1898 "-" "-" "-"
223.74.109.55 - - [28/Jan/2019:00:55:26 +0800] GET /weather/weather_data_new.php?city=%E4%B8%9C%E8%8E%9E HTTP/1.1 "200" 668 "-" "GPS\xE7\x8A\xB6\xE6\x80\x81 1.5.30 rv:1530 (iPhone; iOS 10.3.2; zh_CN)" "-"
61.148.243.83 - - [28/Jan/2019:00:55:38 +0800] GET /activity.php HTTP/1.1 "200" 88 "-" "GPS\xE7\x8A\xB6\xE6\x80\x81 1.5.31 rv:1535 (iPhone; iOS 12.1.2; zh_CN)" "-"
124.131.233.189 - - [28/Jan/2019:00:56:14 +0800] GET /activity.php HTTP/1.1 "200" 93 "-" "GPS\xE7\x8A\xB6\xE6\x80\x81 1.5.31 rv:1535 (iPhone; iOS 12.1.2; zh_CN)" "-"
124.131.233.189 - - [28/Jan/2019:00:56:14 +0800] GET /vote.php?winSize=414.000000,736.000000 HTTP/1.1 "200" 1318 "-" "Mozilla/5.0 (iPhone; CPU iPhone OS 12_1_2 like Mac OS X) AppleWebKit/605.1.15 (KHTML, like Gecko) Mobile/16C101" "-"
124.131.233.189 - - [28/Jan/2019:00:56:15 +0800] GET /js/jquery.min.js HTTP/1.1 "200" 95786 "http://gps.ilvs.cn/vote.php?winSize=414.000000,736.000000" "Mozilla/5.0 (iPhone; CPU iPhone OS 12_1_2 like Mac OS X) AppleWebKit/605.1.15 (KHTML, like Gecko) Mobile/16C101" "-"
124.131.233.189 - - [28/Jan/2019:00:56:15 +0800] GET //save_token.php?token=adf1bd81%20940e6ba2%20b9e2a2fb%20c6bf6a1c%20d7016cb4%20eafd2708%202064a7fe%2093d77053&os=IOS&version=12.1.2&type=iPhone10,2&city=%E8%81%8A%E5%9F%8E&loc=%3C+36.45402597,+115.98058669%3E%20+/-%2065.00m%20(speed%20-1.00%20mps%20/%20course%20-1.00)%20@%202019/1/28%20%E4%B8%AD%E5%9B%BD%E6%A0%87%E5%87%86%E6%97%B6%E9%97%B4%2000:56:13&device_id=D4D20295-78A7-4386-8157-3BCCC6D4663E&app_version=1.2 HTTP/1.1 "200" 33 "-" "GPS\xE7\x8A\xB6\xE6\x80\x81 1.5.31 rv:1535 (iPhone; iOS 12.1.2; zh_CN)" "-"
124.131.233.189 - - [28/Jan/2019:00:56:15 +0800] GET /weather/weather_data_new.php?city=%E8%81%8A%E5%9F%8E HTTP/1.1 "200" 305 "-" "GPS\xE7\x8A\xB6\xE6\x80\x81 1.5.31 rv:1535 (iPhone; iOS 12.1.2; zh_CN)" "-"
223.104.65.176 - - [28/Jan/2019:00:56:19 +0800] GET //save_token.php?token=bd63f8e1%20baaca63f%20c5d7b797%204b40017c%20b40db812%20be4c5f02%20a5e8048a%2006ca8a8f&os=IOS&version=11.4.1&type=iPhone10,1&city=%E6%A2%85%E5%B7%9E&loc=%3C+24.65569864,+116.16917665%3E%20+/-%2065.00m%20(speed%20-1.00%20mps%20/%20course%20-1.00)%20@%202019/1/28%20%E4%B8%AD%E5%9B%BD%E6%A0%87%E5%87%86%E6%97%B6%E9%97%B4%2000:56:19&device_id=F989DE9E-21F7-4B99-8060-E0D7260055FC&app_version=1.2 HTTP/1.1 "200" 33 "-" "GPS\xE7\x8A\xB6\xE6\x80\x81 1.5.31 rv:1535 (iPhone; iOS 11.4.1; zh_CN)" "-"
223.104.65.176 - - [28/Jan/2019:00:56:19 +0800] GET /weather/weather_data_new.php?city=%E6%A2%85%E5%B7%9E HTTP/1.1 "200" 261 "-" "GPS\xE7\x8A\xB6\xE6\x80\x81 1.5.31 rv:1535 (iPhone; iOS 11.4.1; zh_CN)" "-"
124.131.233.189 - - [28/Jan/2019:00:56:28 +0800] GET /activity.php HTTP/1.1 "200" 88 "-" "GPS\xE7\x8A\xB6\xE6\x80\x81 1.5.31 rv:1535 (iPhone; iOS 12.1.2; zh_CN)" "-"
124.131.233.189 - - [28/Jan/2019:00:56:39 +0800] GET /activity.php HTTP/1.1 "200" 88 "-" "GPS\xE7\x8A\xB6\xE6\x80\x81 1.5.31 rv:1535 (iPhone; iOS 12.1.2; zh_CN)" "-"
189.40.72.187 - - [28/Jan/2019:00:56:59 +0800] GET /activity.php HTTP/1.1 "200" 82 "-" "GPS Status 1.5.31 rv:1535 (iPhone; iOS 11.4.1; pt_BR)" "-"
120.200.24.109 - - [28/Jan/2019:00:57:30 +0800] GET /weather/weather_data_new.php?city=%E6%B2%88%E9%98%B3 HTTP/1.1 "200" 258 "-" "GPS\xE7\x8A\xB6\xE6\x80\x81 1.5.31 rv:1535 (iPhone; iOS 12.1.2; zh_CN)" "-"
120.200.24.109 - - [28/Jan/2019:00:57:30 +0800] GET //save_token.php?token=e7e0008a%20854c6ba8%206988c1c4%2017328fd6%2089539b7e%20434b542c%20e5689e96%20911f933a&os=IOS&version=12.1.2&type=iPhone10,2&city=%E6%B2%88%E9%98%B3&loc=%3C+41.82275275,+123.33128165%3E%20+/-%2065.00m%20(speed%20-1.00%20mps%20/%20course%20-1.00)%20@%202019/1/28%20%E4%B8%AD%E5%9B%BD%E6%A0%87%E5%87%86%E6%97%B6%E9%97%B4%2000:57:30&device_id=1A1ECF61-ABA9-4B98-8B87-2694EB18DBF0&app_version=1.2 HTTP/1.1 "200" 33 "-" "GPS\xE7\x8A\xB6\xE6\x80\x81 1.5.31 rv:1535 (iPhone; iOS 12.1.2; zh_CN)" "-"
189.40.72.187 - - [28/Jan/2019:00:57:39 +0800] GET //save_token.php?token=a62ee0a8%2001be2a3a%204afed2cd%2015eac55f%20bb1beb11%203cc45e33%20b9267794%2046958003&os=IOS&version=11.4.1&type=iPhone7,2&city=Diadema&loc=%3C-23.66678617,-46.62110170%3E%20+/-%20165.00m%20(speed%20-1.00%20mps%20/%20course%20-1.00)%20@%2027/01/2019%2014:57:38%20Hor%C3%A1rio%20de%20Ver%C3%A3o%20de%20Bras%C3%ADlia&device_id=072FD444-E418-4463-88D5-8558A111294D&app_version=1.2 HTTP/1.1 "200" 33 "-" "GPS Status 1.5.31 rv:1535 (iPhone; iOS 11.4.1; pt_BR)" "-"
31.173.80.232 - - [28/Jan/2019:00:57:39 +0800] GET /activity.php HTTP/1.1 "200" 88 "-" "GPS Status 1.5.31 rv:1535 (iPhone; iOS 12.1.3; en_RU)" "-"
2001:470:c:829::2 - - [28/Jan/2019:00:57:41 +0800] GET //weather/weather_data_open.php?city=Diadema HTTP/1.0 "200" 1922 "-" "-" "-"
2804:214:82aa:ddf7:dcd8:818f:99f6:82f1 - - [28/Jan/2019:00:57:41 +0800] GET /weather/weather_data_new.php?city=Diadema HTTP/1.1 "200" 679 "-" "GPS Status 1.5.31 rv:1535 (iPhone; iOS 11.4.1; pt_BR)" "-"
223.104.64.149 - - [28/Jan/2019:00:58:26 +0800] GET /activity.php HTTP/1.1 "200" 88 "-" "GPS\xE7\x8A\xB6\xE6\x80\x81 1.5.31 rv:1535 (iPhone; iOS 12.2; zh_CN)" "-"
2001:470:c:829::2 - - [28/Jan/2019:00:58:28 +0800] GET //weather/weather_data_open.php?city=%E6%B7%B1%E5%9C%B3 HTTP/1.0 "200" 1884 "-" "-" "-"
223.104.64.149 - - [28/Jan/2019:00:58:28 +0800] GET /weather/weather_data_new.php?city=%E6%B7%B1%E5%9C%B3 HTTP/1.1 "200" 695 "-" "GPS\xE7\x8A\xB6\xE6\x80\x81 1.5.31 rv:1535 (iPhone; iOS 12.2; zh_CN)" "-"
124.131.233.189 - - [28/Jan/2019:00:58:36 +0800] GET /activity.php HTTP/1.1 "200" 88 "-" "GPS\xE7\x8A\xB6\xE6\x80\x81 1.5.31 rv:1535 (iPhone; iOS 12.1.2; zh_CN)" "-"
2001:470:c:829::2 - - [28/Jan/2019:00:58:50 +0800] GET //weather/weather_data_open.php?city=Guarulhos HTTP/1.0 "200" 1922 "-" "-" "-"
2804:18:60:2d12:9140:3b69:9888:c236 - - [28/Jan/2019:00:58:50 +0800] GET /weather/weather_data_new.php?city=Guarulhos HTTP/1.1 "200" 678 "-" "GPS Status 1.5.23 rv:1523 (iPhone; iOS 12.1.2; en_BR)" "-"
122.44.53.201 - - [28/Jan/2019:00:59:08 +0800] GET /activity.php HTTP/1.1 "200" 82 "-" "GPS\xE7\x8A\xB6\xE6\x80\x81 1.5.31 rv:1535 (iPhone; iOS 12.1.2; zh-Hans_KR)" "-"
122.44.53.201 - - [28/Jan/2019:00:59:13 +0800] GET //save_token.php?token=a534b74d%205ed16090%206349ed5e%203bde874e%207ab678fd%20c8a04580%20fd385c0c%202b04601b&os=IOS&version=12.1.2&type=iPhone9,4&city=%EC%98%81%EB%93%B1%ED%8F%AC%EA%B5%AC&loc=%3C+37.48878265,+126.90026322%3E%20+/-%2065.00m%20(speed%20-1.00%20mps%20/%20course%20-1.00)%20@%202019/1/28%20%E9%9F%A9%E5%9B%BD%E6%A0%87%E5%87%86%E6%97%B6%E9%97%B4%2001:59:12&device_id=519706A8-BE6C-4C2F-9701-BB3444401916&app_version=1.2 HTTP/1.1 "200" 33 "-" "GPS\xE7\x8A\xB6\xE6\x80\x81 1.5.31 rv:1535 (iPhone; iOS 12.1.2; zh-Hans_KR)" "-"
2001:470:c:829::2 - - [28/Jan/2019:00:59:14 +0800] GET //weather/weather_data_open.php?city=%EC%98%81%EB%93%B1%ED%8F%AC%EA%B5%AC HTTP/1.0 "200" 0 "-" "-" "-"
122.44.53.201 - - [28/Jan/2019:00:59:14 +0800] GET /weather/weather_data_new.php?city=%EC%98%81%EB%93%B1%ED%8F%AC%EA%B5%AC HTTP/1.1 "200" 31 "-" "GPS\xE7\x8A\xB6\xE6\x80\x81 1.5.31 rv:1535 (iPhone; iOS 12.1.2; zh-Hans_KR)" "-"
77.163.38.177 - - [28/Jan/2019:00:59:23 +0800] GET /activity.php HTTP/1.1 "200" 88 "-" "GPS Status 1.5.31 rv:1535 (iPhone; iOS 12.1; en_NL)" "-"
2a02:a44f:abac:1:a1d4:ad55:cec2:1f23 - - [28/Jan/2019:00:59:36 +0800] GET /activity.php HTTP/1.1 "200" 88 "-" "GPS Status 1.5.31 rv:1535 (iPhone; iOS 12.1; en_NL)" "-"
114.242.249.6 - - [28/Jan/2019:01:00:01 +0800] GET //save_token.php?token=fc7d54ba%206ad7eaae%2070ecef6d%20244be48d%206aab9f4b%20e098738e%2062101683%203da1f971&os=IOS&version=12.0&type=iPhone10,3&city=%E4%BF%9D%E5%AE%9A&loc=%3C+38.73701998,+115.47185496%3E%20+/-%202629.43m%20(speed%20-1.00%20mps%20/%20course%20-1.00)%20@%202019/1/28%20%E4%B8%AD%E5%9B%BD%E6%A0%87%E5%87%86%E6%97%B6%E9%97%B4%2000:59:59&device_id=4656EB87-3360-4D07-B831-0AB12A242DC6&app_version=1.2 HTTP/1.1 "200" 33 "-" "GPS\xE7\x8A\xB6\xE6\x80\x81 1.5.31 rv:1535 (iPhone; iOS 12.0; zh_CN)" "-"
114.242.249.6 - - [28/Jan/2019:01:00:01 +0800] GET /weather/weather_data_new.php?city=%E4%BF%9D%E5%AE%9A HTTP/1.1 "200" 274 "-" "GPS\xE7\x8A\xB6\xE6\x80\x81 1.5.31 rv:1535 (iPhone; iOS 12.0; zh_CN)" "-"
114.242.249.6 - - [28/Jan/2019:01:00:22 +0800] GET /weather/weather_data_new.php?city=%E4%BF%9D%E5%AE%9A HTTP/1.1 "200" 274 "-" "GPS\xE7\x8A\xB6\xE6\x80\x81 1.5.31 rv:1535 (iPhone; iOS 12.0; zh_CN)" "-"
171.212.139.65 - - [28/Jan/2019:01:00:25 +0800] GET /activity.php HTTP/1.1 "200" 88 "-" "GPS\xE7\x8A\xB6\xE6\x80\x81 1.5.31 rv:1535 (iPhone; iPhone OS 9.2; zh_CN)" "-"
171.212.139.65 - - [28/Jan/2019:01:00:33 +0800] GET /weather/weather_data_new.php?city=%E6%88%90%E9%83%BD HTTP/1.1 "200" 285 "-" "GPS\xE7\x8A\xB6\xE6\x80\x81 1.5.31 rv:1535 (iPhone; iPhone OS 9.2; zh_CN)" "-"
123.234.133.42 - - [28/Jan/2019:01:00:50 +0800] GET /activity.php HTTP/1.1 "200" 82 "-" "GPS\xE7\x8A\xB6\xE6\x80\x81 1.5.31 rv:1535 (iPad; iOS 12.0; zh_CN)" "-"
123.234.133.42 - - [28/Jan/2019:01:00:56 +0800] GET //save_token.php?token=2cb13c47%20e1a11271%200594d866%20136492b1%20806fda69%2019dc92c7%20e614ff28%202eafef56&os=IOS&version=12.0&type=iPad5,3&city=%E9%9D%92%E5%B2%9B&loc=%3C+36.06009623,+120.41911405%3E%20+/-%2065.00m%20(speed%20-1.00%20mps%20/%20course%20-1.00)%20@%202019/1/28%20%E4%B8%AD%E5%9B%BD%E6%A0%87%E5%87%86%E6%97%B6%E9%97%B4%20%E4%B8%8A%E5%8D%881:00:56&device_id=98111B4F-582A-463E-B930-270B19711D97&app_version=1.2 HTTP/1.1 "200" 33 "-" "GPS\xE7\x8A\xB6\xE6\x80\x81 1.5.31 rv:1535 (iPad; iOS 12.0; zh_CN)" "-"
123.234.133.42 - - [28/Jan/2019:01:00:56 +0800] GET /weather/weather_data_new.php?city=%E9%9D%92%E5%B2%9B HTTP/1.1 "200" 292 "-" "GPS\xE7\x8A\xB6\xE6\x80\x81 1.5.31 rv:1535 (iPad; iOS 12.0; zh_CN)" "-"
223.104.94.50 - - [28/Jan/2019:01:01:09 +0800] GET /activity.php HTTP/1.1 "200" 88 "-" "GPS\xE7\x8A\xB6\xE6\x80\x81 1.5.31 rv:1535 (iPhone; iOS 12.1.2; zh_CN)" "-"
223.104.94.50 - - [28/Jan/2019:01:01:10 +0800] GET //save_token.php?token=2bc36f62%20c1abdc29%209b72b0c4%201ea8e68d%20dd14ead8%20dde400b4%207d82ddf0%20ed0de0e8&os=IOS&version=12.1.2&type=iPhone7,1&city=%E9%81%B5%E4%B9%89&loc=%3C+28.54866737,+107.89063154%3E%20+/-%2065.00m%20(speed%20-1.00%20mps%20/%20course%20-1.00)%20@%202019/1/28%20%E4%B8%AD%E5%9B%BD%E6%A0%87%E5%87%86%E6%97%B6%E9%97%B4%2001:01:08&device_id=8193AB85-2780-4701-86B3-71EAD35E9ED9&app_version=1.2 HTTP/1.1 "200" 33 "-" "GPS\xE7\x8A\xB6\xE6\x80\x81 1.5.31 rv:1535 (iPhone; iOS 12.1.2; zh_CN)" "-"
223.104.94.50 - - [28/Jan/2019:01:01:11 +0800] GET /weather/weather_data_new.php?city=%E9%81%B5%E4%B9%89 HTTP/1.1 "200" 260 "-" "GPS\xE7\x8A\xB6\xE6\x80\x81 1.5.31 rv:1535 (iPhone; iOS 12.1.2; zh_CN)" "-"
2001:470:c:829::2 - - [28/Jan/2019:01:01:22 +0800] GET //weather/weather_data_open.php?city= HTTP/1.0 "200" 0 "-" "-" "-"
120.200.24.109 - - [28/Jan/2019:01:01:22 +0800] GET /weather/weather_data_new.php?city= HTTP/1.1 "200" 31 "-" "GPS\xE7\x8A\xB6\xE6\x80\x81 1.5.31 rv:1535 (iPhone; iOS 12.1.2; zh_CN)" "-"
117.188.49.22 - - [28/Jan/2019:01:01:52 +0800] GET /activity.php HTTP/1.1 "200" 88 "-" "GPS\xE7\x8A\xB6\xE6\x80\x81 1.5.31 rv:1535 (iPhone; iOS 12.1.2; zh_CN)" "-"
117.188.49.22 - - [28/Jan/2019:01:01:59 +0800] GET //save_token.php?token=2bc36f62%20c1abdc29%209b72b0c4%201ea8e68d%20dd14ead8%20dde400b4%207d82ddf0%20ed0de0e8&os=IOS&version=12.1.2&type=iPhone7,1&city=%E9%81%B5%E4%B9%89&loc=%3C+28.54864914,+107.89067741%3E%20+/-%2065.00m%20(speed%20-1.00%20mps%20/%20course%20-1.00)%20@%202019/1/28%20%E4%B8%AD%E5%9B%BD%E6%A0%87%E5%87%86%E6%97%B6%E9%97%B4%2001:01:58&device_id=8193AB85-2780-4701-86B3-71EAD35E9ED9&app_version=1.2 HTTP/1.1 "200" 33 "-" "GPS\xE7\x8A\xB6\xE6\x80\x81 1.5.31 rv:1535 (iPhone; iOS 12.1.2; zh_CN)" "-"
117.188.49.22 - - [28/Jan/2019:01:01:59 +0800] GET /weather/weather_data_new.php?city=%E9%81%B5%E4%B9%89 HTTP/1.1 "200" 260 "-" "GPS\xE7\x8A\xB6\xE6\x80\x81 1.5.31 rv:1535 (iPhone; iOS 12.1.2; zh_CN)" "-"
123.234.133.42 - - [28/Jan/2019:01:02:05 +0800] GET /weather/weather_data_new.php?city=%E9%9D%92%E5%B2%9B HTTP/1.1 "200" 292 "-" "GPS\xE7\x8A\xB6\xE6\x80\x81 1.5.31 rv:1535 (iPad; iOS 12.0; zh_CN)" "-"
183.228.21.160 - - [28/Jan/2019:01:02:08 +0800] GET /activity.php HTTP/1.1 "200" 88 "-" "GPS\xE7\x8A\xB6\xE6\x80\x81 1.5 rv:1506 (iPhone; iOS 12.1.3; zh_CN)" "-"
183.228.21.160 - - [28/Jan/2019:01:02:09 +0800] GET /weather/weather_data.php?city=%E9%87%8D%E5%BA%86 HTTP/1.1 "404" 47 "-" "GPS\xE7\x8A\xB6\xE6\x80\x81 1.5 rv:1506 (iPhone; iOS 12.1.3; zh_CN)" "-"
123.234.133.42 - - [28/Jan/2019:01:02:10 +0800] GET /weather/weather_data_new.php?city=%E9%9D%92%E5%B2%9B HTTP/1.1 "200" 291 "-" "GPS\xE7\x8A\xB6\xE6\x80\x81 1.5.31 rv:1535 (iPad; iOS 12.0; zh_CN)" "-"
118.117.105.22 - - [28/Jan/2019:01:02:11 +0800] GET //save_token.php?token=b72233a2%20dcb1ab64%205242ed20%20dd4284f9%20b6d1cbbe%2039366de1%20694fc6c1%202ac9c3f9&os=IOS&version=10.3.2&type=iPhone8,1&city=%E9%81%82%E5%AE%81&loc=%3C+30.88424022,+105.25236130%3E%20+/-%20165.00m%20(speed%20-1.00%20mps%20/%20course%20-1.00)%20@%202019/1/28%20%E4%B8%AD%E5%9B%BD%E6%A0%87%E5%87%86%E6%97%B6%E9%97%B4%2001:02:10&device_id=FB6D8CE3-7F7D-4736-B079-9E4CCD226B04&app_version=1.2 HTTP/1.1 "200" 33 "-" "GPS\xE7\x8A\xB6\xE6\x80\x81 1.5.31 rv:1535 (iPhone; iOS 10.3.2; zh_CN)" "-"
2001:470:c:829::2 - - [28/Jan/2019:01:02:12 +0800] GET //weather/weather_data_open.php?city=%E9%81%82%E5%AE%81 HTTP/1.0 "200" 1909 "-" "-" "-"
118.117.105.22 - - [28/Jan/2019:01:02:12 +0800] GET /weather/weather_data_new.php?city=%E9%81%82%E5%AE%81 HTTP/1.1 "200" 671 "-" "GPS\xE7\x8A\xB6\xE6\x80\x81 1.5.31 rv:1535 (iPhone; iOS 10.3.2; zh_CN)" "-"
2001:470:c:829::2 - - [28/Jan/2019:01:02:43 +0800] GET //weather/weather_data_open.php?city=%E9%81%82%E5%AE%81 HTTP/1.0 "200" 1909 "-" "-" "-"
118.117.105.22 - - [28/Jan/2019:01:02:43 +0800] GET /weather/weather_data_new.php?city=%E9%81%82%E5%AE%81 HTTP/1.1 "200" 671 "-" "GPS\xE7\x8A\xB6\xE6\x80\x81 1.5.31 rv:1535 (iPhone; iOS 10.3.2; zh_CN)" "-"
112.96.170.4 - - [28/Jan/2019:01:02:49 +0800] GET //save_token.php?token=5e8f5c7d%2036a855ee%20407c8f7a%20c20d8f65%20c76855ec%20953e4ec7%20c133fd91%200ef6df96&os=IOS&version=12.1.2&type=iPhone10,1&city=%E6%B0%B8%E5%B7%9E&loc=%3C+25.78652748,+112.25966865%3E%20+/-%20165.00m%20(speed%20-1.00%20mps%20/%20course%20-1.00)%20@%202019/1/28%20%E4%B8%AD%E5%9B%BD%E6%A0%87%E5%87%86%E6%97%B6%E9%97%B4%20%E4%B8%8A%E5%8D%881:02:48&device_id=469FB0C9-FABC-4C41-9BE7-E0F63D73F0AA&app_version=1.2 HTTP/1.1 "200" 33 "-" "GPS\xE7\x8A\xB6\xE6\x80\x81 1.5.31 rv:1535 (iPhone; iOS 12.1.2; zh_CN)" "-"
112.96.170.4 - - [28/Jan/2019:01:02:49 +0800] GET /weather/weather_data_new.php?city=%E6%B0%B8%E5%B7%9E HTTP/1.1 "200" 275 "-" "GPS\xE7\x8A\xB6\xE6\x80\x81 1.5.31 rv:1535 (iPhone; iOS 12.1.2; zh_CN)" "-"
124.90.130.42 - - [28/Jan/2019:01:03:04 +0800] GET /activity.php HTTP/1.1 "200" 88 "-" "GPS\xE7\x8A\xB6\xE6\x80\x81 1.5.31 rv:1535 (iPhone; iOS 12.0.1; zh_CN)" "-"
124.90.130.42 - - [28/Jan/2019:01:03:06 +0800] GET //save_token.php?token=7160fb22%2039732d49%20ad2da078%20b0f26df2%20313ec947%20e0515a33%20083053fc%20ebd76f93&os=IOS&version=12.0.1&type=iPhone9,1&city=%E6%9D%AD%E5%B7%9E&loc=%3C+30.16775645,+120.15927785%3E%20+/-%2065.00m%20(speed%20-1.00%20mps%20/%20course%20-1.00)%20@%202019/1/28%20%E4%B8%AD%E5%9B%BD%E6%A0%87%E5%87%86%E6%97%B6%E9%97%B4%2001:03:04&device_id=3A57C892-41E8-4C2F-94C0-F5B9CC103C0D&app_version=1.2 HTTP/1.1 "200" 33 "-" "GPS\xE7\x8A\xB6\xE6\x80\x81 1.5.31 rv:1535 (iPhone; iOS 12.0.1; zh_CN)" "-"
124.90.130.42 - - [28/Jan/2019:01:03:07 +0800] GET /weather/weather_data_new.php?city=%E6%9D%AD%E5%B7%9E HTTP/1.1 "200" 291 "-" "GPS\xE7\x8A\xB6\xE6\x80\x81 1.5.31 rv:1535 (iPhone; iOS 12.0.1; zh_CN)" "-"
124.90.130.42 - - [28/Jan/2019:01:03:36 +0800] GET /activity.php HTTP/1.1 "200" 93 "-" "GPS\xE7\x8A\xB6\xE6\x80\x81 1.5.31 rv:1535 (iPhone; iOS 12.0.1; zh_CN)" "-"
124.90.130.42 - - [28/Jan/2019:01:03:36 +0800] GET /vote.php?winSize=375.000000,667.000000 HTTP/1.1 "200" 1318 "-" "Mozilla/5.0 (iPhone; CPU iPhone OS 12_0_1 like Mac OS X) AppleWebKit/605.1.15 (KHTML, like Gecko) Mobile/16A404" "-"
124.90.130.42 - - [28/Jan/2019:01:03:37 +0800] GET /js/jquery.min.js HTTP/1.1 "200" 95786 "http://gps.ilvs.cn/vote.php?winSize=375.000000,667.000000" "Mozilla/5.0 (iPhone; CPU iPhone OS 12_0_1 like Mac OS X) AppleWebKit/605.1.15 (KHTML, like Gecko) Mobile/16A404" "-"
117.136.67.3 - - [28/Jan/2019:01:05:10 +0800] GET /activity.php HTTP/1.1 "200" 88 "-" "GPS\xE7\x8A\xB6\xE6\x80\x81 1.5.31 rv:1535 (iPhone; iOS 12.1.2; zh_CN)" "-"
117.136.67.3 - - [28/Jan/2019:01:05:11 +0800] GET /weather/weather_data_new.php?city=%E5%AE%89%E5%BA%86 HTTP/1.1 "200" 275 "-" "GPS\xE7\x8A\xB6\xE6\x80\x81 1.5.31 rv:1535 (iPhone; iOS 12.1.2; zh_CN)" "-"
187.217.217.83 - - [28/Jan/2019:01:05:36 +0800] GET /activity.php HTTP/1.1 "200" 88 "-" "GPS Status 1.5.31 rv:1535 (iPhone; iOS 11.3; en_US)" "-"
2001:470:c:829::2 - - [28/Jan/2019:01:05:41 +0800] GET //weather/weather_data_open.php?city=Centro HTTP/1.0 "200" 1950 "-" "-" "-"
187.217.217.83 - - [28/Jan/2019:01:05:41 +0800] GET /weather/weather_data_new.php?city=Centro HTTP/1.1 "200" 692 "-" "GPS Status 1.5.31 rv:1535 (iPhone; iOS 11.3; en_US)" "-"
105.105.60.179 - - [28/Jan/2019:01:05:56 +0800] GET /activity.php HTTP/1.1 "200" 88 "-" "GPS Status 1.5.31 rv:1535 (iPhone; iOS 12.1.2; en_DZ)" "-"
124.90.130.42 - - [28/Jan/2019:01:05:58 +0800] GET /activity.php HTTP/1.1 "200" 88 "-" "GPS\xE7\x8A\xB6\xE6\x80\x81 1.5.31 rv:1535 (iPhone; iOS 12.0.1; zh_CN)" "-"
223.104.4.84 - - [28/Jan/2019:01:06:02 +0800] GET /activity.php HTTP/1.1 "200" 88 "-" "GPS\xE7\x8A\xB6\xE6\x80\x81 1.5.31 rv:1535 (iPhone; iOS 12.1.3; zh_CN)" "-"
223.104.4.84 - - [28/Jan/2019:01:06:17 +0800] GET /activity.php HTTP/1.1 "200" 88 "-" "GPS\xE7\x8A\xB6\xE6\x80\x81 1.5.31 rv:1535 (iPhone; iOS 12.1.3; zh_CN)" "-"
120.200.24.109 - - [28/Jan/2019:01:06:39 +0800] GET /activity.php HTTP/1.1 "200" 82 "-" "GPS\xE7\x8A\xB6\xE6\x80\x81 1.5.31 rv:1535 (iPhone; iOS 12.1.2; zh_CN)" "-"
223.104.250.21 - - [28/Jan/2019:01:06:48 +0800] GET /activity.php HTTP/1.1 "200" 88 "-" "GPS\xE7\x8A\xB6\xE6\x80\x81 1.5.31 rv:1535 (iPhone; iOS 11.4.1; zh_CN)" "-"
223.104.250.21 - - [28/Jan/2019:01:06:49 +0800] GET //save_token.php?token=4b6f30a3%20f174822e%20936badd5%20aad6b2a7%205b9cce2d%203e942e14%20ba3b5835%20d933c09f&os=IOS&version=11.4.1&type=iPhone9,1&city=%E9%87%8D%E5%BA%86&loc=%3C+29.59422259,+106.45071955%3E%20+/-%2065.00m%20(speed%20-1.00%20mps%20/%20course%20-1.00)%20@%202019/1/28%20%E4%B8%AD%E5%9B%BD%E6%A0%87%E5%87%86%E6%97%B6%E9%97%B4%20%E4%B8%8A%E5%8D%881:06:48&device_id=8E3B8078-181D-4F1F-BB78-39095639D250&app_version=1.2 HTTP/1.1 "200" 33 "-" "GPS\xE7\x8A\xB6\xE6\x80\x81 1.5.31 rv:1535 (iPhone; iOS 11.4.1; zh_CN)" "-"
223.104.250.21 - - [28/Jan/2019:01:06:49 +0800] GET /weather/weather_data_new.php?city=%E9%87%8D%E5%BA%86 HTTP/1.1 "200" 259 "-" "GPS\xE7\x8A\xB6\xE6\x80\x81 1.5.31 rv:1535 (iPhone; iOS 11.4.1; zh_CN)" "-"
2409:8920:81:9132:705d:2dd6:2cc3:7d9a - - [28/Jan/2019:01:06:52 +0800] GET /activity.php HTTP/1.1 "200" 88 "-" "GPS\xE7\x8A\xB6\xE6\x80\x81 1.5.31 rv:1535 (iPhone; iOS 12.1.2; zh_CN)" "-"
2001:470:c:829::2 - - [28/Jan/2019:01:07:04 +0800] GET //weather/weather_data_open.php?city= HTTP/1.0 "200" 0 "-" "-" "-"
223.104.4.84 - - [28/Jan/2019:01:07:04 +0800] GET /weather/weather_data_new.php?city= HTTP/1.1 "200" 31 "-" "GPS\xE7\x8A\xB6\xE6\x80\x81 1.5.31 rv:1535 (iPhone; iOS 12.1.3; zh_CN)" "-"
117.188.49.22 - - [28/Jan/2019:01:08:19 +0800] GET /activity.php HTTP/1.1 "200" 88 "-" "GPS\xE7\x8A\xB6\xE6\x80\x81 1.5.31 rv:1535 (iPhone; iOS 12.1.2; zh_CN)" "-"
117.188.49.22 - - [28/Jan/2019:01:08:25 +0800] GET //save_token.php?token=2bc36f62%20c1abdc29%209b72b0c4%201ea8e68d%20dd14ead8%20dde400b4%207d82ddf0%20ed0de0e8&os=IOS&version=12.1.2&type=iPhone7,1&city=%E9%81%B5%E4%B9%89&loc=%3C+28.54872558,+107.89061042%3E%20+/-%2065.00m%20(speed%20-1.00%20mps%20/%20course%20-1.00)%20@%202019/1/28%20%E4%B8%AD%E5%9B%BD%E6%A0%87%E5%87%86%E6%97%B6%E9%97%B4%2001:08:24&device_id=8193AB85-2780-4701-86B3-71EAD35E9ED9&app_version=1.2 HTTP/1.1 "200" 33 "-" "GPS\xE7\x8A\xB6\xE6\x80\x81 1.5.31 rv:1535 (iPhone; iOS 12.1.2; zh_CN)" "-"
117.188.49.22 - - [28/Jan/2019:01:08:25 +0800] GET /weather/weather_data_new.php?city=%E9%81%B5%E4%B9%89 HTTP/1.1 "200" 260 "-" "GPS\xE7\x8A\xB6\xE6\x80\x81 1.5.31 rv:1535 (iPhone; iOS 12.1.2; zh_CN)" "-"
36.100.47.76 - - [28/Jan/2019:01:08:36 +0800] GET /activity.php HTTP/1.1 "200" 88 "-" "GPS\xE7\x8A\xB6\xE6\x80\x81 1.5.31 rv:1535 (iPhone; iOS 12.1.3; zh_CN)" "-"
36.100.47.76 - - [28/Jan/2019:01:08:37 +0800] GET //save_token.php?token=bf539d9d%20a6b5f054%20b8206380%20892693b8%206fe34dbb%208dd055ce%205f3661d8%2083b9cdc7&os=IOS&version=12.1.3&type=iPhone8,2&city=%E6%B5%B7%E8%A5%BF%E8%92%99%E5%8F%A4%E6%97%8F%E8%97%8F%E6%97%8F%E8%87%AA%E6%B2%BB%E5%B7%9E&loc=%3C+36.34290507,+95.06699792%3E%20+/-%20165.00m%20(speed%20-1.00%20mps%20/%20course%20-1.00)%20@%202019/1/28%20%E4%B8%AD%E5%9B%BD%E6%A0%87%E5%87%86%E6%97%B6%E9%97%B4%2001:08:37&device_id=0CEE6376-4072-4951-8C5D-515F84D659C7&app_version=1.2 HTTP/1.1 "200" 33 "-" "GPS\xE7\x8A\xB6\xE6\x80\x81 1.5.31 rv:1535 (iPhone; iOS 12.1.3; zh_CN)" "-"
2001:470:c:829::2 - - [28/Jan/2019:01:08:38 +0800] GET //weather/weather_data_open.php?city=%E6%B5%B7%E8%A5%BF%E8%92%99%E5%8F%A4%E6%97%8F%E8%97%8F%E6%97%8F%E8%87%AA%E6%B2%BB%E5%B7%9E HTTP/1.0 "200" 0 "-" "-" "-"
36.100.47.76 - - [28/Jan/2019:01:08:38 +0800] GET /weather/weather_data_new.php?city=%E6%B5%B7%E8%A5%BF%E8%92%99%E5%8F%A4%E6%97%8F%E8%97%8F%E6%97%8F%E8%87%AA%E6%B2%BB%E5%B7%9E HTTP/1.1 "200" 31 "-" "GPS\xE7\x8A\xB6\xE6\x80\x81 1.5.31 rv:1535 (iPhone; iOS 12.1.3; zh_CN)" "-"
93.176.194.220 - - [28/Jan/2019:01:08:42 +0800] GET /activity.php HTTP/1.1 "200" 88 "-" "GPS Status 1.5.31 rv:1535 (iPhone; iOS 12.1.3; en_PL)" "-"
93.176.194.220 - - [28/Jan/2019:01:08:44 +0800] GET //save_token.php?token=144d0265%20cce4776f%20553b35dd%204b9d1579%207d615cbd%208f365556%204560d884%209d31a255&os=IOS&version=12.1.3&type=iPhone11,8&city=Ruda%20%C5%9Al%C4%85ska&loc=%3C+50.31972830,+18.84718471%3E%20+/-%2065.00m%20(speed%20-1.00%20mps%20/%20course%20-1.00)%20@%2027/01/2019,%206:08:42%20PM%20Central%20European%20Standard%20Time&device_id=86AFBB27-2E29-447A-A468-7CBDEFFEF4BE&app_version=1.2 HTTP/1.1 "200" 33 "-" "GPS Status 1.5.31 rv:1535 (iPhone; iOS 12.1.3; en_PL)" "-"
2001:470:c:829::2 - - [28/Jan/2019:01:08:44 +0800] GET //weather/weather_data_open.php?city=Ruda+%C5%9Al%C4%85ska HTTP/1.0 "200" 0 "-" "-" "-"
93.176.194.220 - - [28/Jan/2019:01:08:44 +0800] GET /weather/weather_data_new.php?city=Ruda%20%C5%9Al%C4%85ska HTTP/1.1 "200" 31 "-" "GPS Status 1.5.31 rv:1535 (iPhone; iOS 12.1.3; en_PL)" "-"
93.176.194.220 - - [28/Jan/2019:01:08:53 +0800] GET /activity.php HTTP/1.1 "200" 88 "-" "GPS Status 1.5.31 rv:1535 (iPhone; iOS 12.1.3; en_PL)" "-"
2001:470:c:829::2 - - [28/Jan/2019:01:08:56 +0800] GET //weather/weather_data_open.php?city=Guarulhos HTTP/1.0 "200" 1922 "-" "-" "-"
177.79.9.22 - - [28/Jan/2019:01:08:56 +0800] GET /weather/weather_data_new.php?city=Guarulhos HTTP/1.1 "200" 678 "-" "GPS Status 1.5.23 rv:1523 (iPhone; iOS 12.1.2; en_BR)" "-"
36.100.47.76 - - [28/Jan/2019:01:08:58 +0800] GET /activity.php HTTP/1.1 "200" 88 "-" "GPS\xE7\x8A\xB6\xE6\x80\x81 1.5.31 rv:1535 (iPhone; iOS 12.1.3; zh_CN)" "-"
2001:470:c:829::2 - - [28/Jan/2019:01:09:07 +0800] GET //weather/weather_data_open.php?city=%E6%B5%B7%E8%A5%BF%E8%92%99%E5%8F%A4%E6%97%8F%E8%97%8F%E6%97%8F%E8%87%AA%E6%B2%BB%E5%B7%9E HTTP/1.0 "200" 0 "-" "-" "-"
36.100.47.76 - - [28/Jan/2019:01:09:07 +0800] GET /weather/weather_data_new.php?city=%E6%B5%B7%E8%A5%BF%E8%92%99%E5%8F%A4%E6%97%8F%E8%97%8F%E6%97%8F%E8%87%AA%E6%B2%BB%E5%B7%9E HTTP/1.1 "200" 31 "-" "GPS\xE7\x8A\xB6\xE6\x80\x81 1.5.31 rv:1535 (iPhone; iOS 12.1.3; zh_CN)" "-"
117.188.49.22 - - [28/Jan/2019:01:09:40 +0800] GET /activity.php HTTP/1.1 "200" 88 "-" "GPS\xE7\x8A\xB6\xE6\x80\x81 1.5.31 rv:1535 (iPhone; iOS 12.1.2; zh_CN)" "-"
2409:8974:5418:dec:8ca0:f8ea:a3b5:88da - - [28/Jan/2019:01:09:43 +0800] GET //save_token.php?token=650cfaa2%20a8d8bb64%208a0fee86%201adbc26c%2098dfb9c2%20285e0abe%2000c8909f%2019f52e31&os=IOS&version=12.1.2&type=iPhone9,2&city=%E5%AE%9A%E8%A5%BF&loc=%3C+34.98971833,+104.62829265%3E%20+/-%2065.00m%20(speed%20-1.00%20mps%20/%20course%20-1.00)%20@%202019/1/28%20%E4%B8%AD%E5%9B%BD%E6%A0%87%E5%87%86%E6%97%B6%E9%97%B4%20%E4%B8%8A%E5%8D%881:09:41&device_id=DE68250F-0BDE-4C34-A116-3FFBC7F71E16&app_version=1.2 HTTP/1.1 "200" 33 "-" "GPS\xE7\x8A\xB6\xE6\x80\x81 1.5.31 rv:1535 (iPhone; iOS 12.1.2; zh_CN)" "-"
2409:8974:5418:dec:8ca0:f8ea:a3b5:88da - - [28/Jan/2019:01:09:43 +0800] GET /weather/weather_data_new.php?city=%E5%AE%9A%E8%A5%BF HTTP/1.1 "200" 284 "-" "GPS\xE7\x8A\xB6\xE6\x80\x81 1.5.31 rv:1535 (iPhone; iOS 12.1.2; zh_CN)" "-"
117.136.27.90 - - [28/Jan/2019:01:11:55 +0800] GET /weather/weather_data_new.php?city=%E5%AE%9A%E8%A5%BF HTTP/1.1 "200" 284 "-" "GPS\xE7\x8A\xB6\xE6\x80\x81 1.5.31 rv:1535 (iPhone; iOS 12.1.2; zh_CN)" "-"
93.176.194.220 - - [28/Jan/2019:01:11:56 +0800] GET /activity.php HTTP/1.1 "200" 88 "-" "GPS Status 1.5.31 rv:1535 (iPhone; iOS 12.1.3; en_PL)" "-"
200.69.173.84 - - [28/Jan/2019:01:11:57 +0800] GET /activity.php HTTP/1.1 "200" 93 "-" "GPS Status 1.5.31 rv:1535 (iPhone; iOS 12.1.2; en_EC)" "-"
221.13.78.23 - - [28/Jan/2019:01:12:41 +0800] GET /activity.php HTTP/1.1 "200" 88 "-" "GPS\xE7\x8A\xB6\xE6\x80\x81 1.5.31 rv:1535 (iPhone; iOS 12.1.2; zh_CN)" "-"
2001:470:c:829::2 - - [28/Jan/2019:01:12:54 +0800] GET //weather/weather_data_open.php?city=%E7%94%98%E5%AD%9C%E8%97%8F%E6%97%8F%E8%87%AA%E6%B2%BB%E5%B7%9E HTTP/1.0 "200" 0 "-" "-" "-"
221.13.78.23 - - [28/Jan/2019:01:12:54 +0800] GET /weather/weather_data_new.php?city=%E7%94%98%E5%AD%9C%E8%97%8F%E6%97%8F%E8%87%AA%E6%B2%BB%E5%B7%9E HTTP/1.1 "200" 31 "-" "GPS\xE7\x8A\xB6\xE6\x80\x81 1.5.31 rv:1535 (iPhone; iOS 12.1.2; zh_CN)" "-"
36.107.120.8 - - [28/Jan/2019:01:13:08 +0800] GET /activity.php HTTP/1.1 "200" 88 "-" "GPS\xE7\x8A\xB6\xE6\x80\x81 1.5.31 rv:1535 (iPad; iOS 12.1.3; zh_CN)" "-"
36.107.120.8 - - [28/Jan/2019:01:13:17 +0800] GET //save_token.php?token=2e918f9e%20e66c8161%20e2fcc869%206e6af428%203e36a3a4%2067334dc5%2053802eaa%20d7a3429e&os=IOS&version=12.1.3&type=iPad5,3&city=%E5%93%88%E5%AF%86&loc=%3C+42.77286601,+93.59005035%3E%20+/-%2065.00m%20(speed%20-1.00%20mps%20/%20course%20-1.00)%20@%202019/1/28%20%E4%B8%AD%E5%9B%BD%E6%A0%87%E5%87%86%E6%97%B6%E9%97%B4%2001:13:15&device_id=1784BAC8-DF7B-4514-AF76-8656DF41E412&app_version=1.2 HTTP/1.1 "200" 33 "-" "GPS\xE7\x8A\xB6\xE6\x80\x81 1.5.31 rv:1535 (iPad; iOS 12.1.3; zh_CN)" "-"
36.107.120.8 - - [28/Jan/2019:01:13:18 +0800] GET /weather/weather_data_new.php?city=%E5%93%88%E5%AF%86 HTTP/1.1 "200" 279 "-" "GPS\xE7\x8A\xB6\xE6\x80\x81 1.5.31 rv:1535 (iPad; iOS 12.1.3; zh_CN)" "-"
36.107.120.8 - - [28/Jan/2019:01:13:32 +0800] GET /weather/weather_data_new.php?city=%E5%93%88%E5%AF%86 HTTP/1.1 "200" 278 "-" "GPS\xE7\x8A\xB6\xE6\x80\x81 1.5.31 rv:1535 (iPad; iOS 12.1.3; zh_CN)" "-"
36.107.120.8 - - [28/Jan/2019:01:13:39 +0800] GET /weather/weather_data_new.php?city=%E5%93%88%E5%AF%86 HTTP/1.1 "200" 278 "-" "GPS\xE7\x8A\xB6\xE6\x80\x81 1.5.31 rv:1535 (iPad; iOS 12.1.3; zh_CN)" "-"
222.217.213.205 - - [28/Jan/2019:01:14:37 +0800] GET /activity.php HTTP/1.1 "200" 68 "-" "GPS\xE7\x8A\xB6\xE6\x80\x81 1.5.31 rv:1535 (iPhone; iOS 11.4.1; zh_CN)" "-"
222.217.213.205 - - [28/Jan/2019:01:14:44 +0800] GET //save_token.php?token=22e2626b%202613fd09%20bac869f9%206d67e9d0%200cd71e02%2072d1a00f%20163e8042%2026270a97&os=IOS&version=11.4.1&type=iPhone10,6&city=%E6%A2%A7%E5%B7%9E&loc=%3C+22.78892241,+111.15521711%3E%20+/-%20165.00m%20(speed%20-1.00%20mps%20/%20course%20-1.00)%20@%202019/1/28%20%E4%B8%AD%E5%9B%BD%E6%A0%87%E5%87%86%E6%97%B6%E9%97%B4%20%E4%B8%8A%E5%8D%881:14:43&device_id=4CC53E23-2CC9-4197-872F-3099C7509E45&app_version=1.2 HTTP/1.1 "200" 12 "-" "GPS\xE7\x8A\xB6\xE6\x80\x81 1.5.31 rv:1535 (iPhone; iOS 11.4.1; zh_CN)" "-"
222.217.213.205 - - [28/Jan/2019:01:14:44 +0800] GET /weather/weather_data_new.php?city=%E6%A2%A7%E5%B7%9E HTTP/1.1 "200" 722 "-" "GPS\xE7\x8A\xB6\xE6\x80\x81 1.5.31 rv:1535 (iPhone; iOS 11.4.1; zh_CN)" "-"
222.217.213.205 - - [28/Jan/2019:01:15:15 +0800] GET /activity.php HTTP/1.1 "200" 75 "-" "GPS\xE7\x8A\xB6\xE6\x80\x81 1.5.31 rv:1535 (iPhone; iOS 11.4.1; zh_CN)" "-"
171.122.65.254 - - [28/Jan/2019:01:15:25 +0800] GET /activity.php HTTP/1.1 "200" 88 "-" "GPS\xE7\x8A\xB6\xE6\x80\x81 1.5.31 rv:1535 (iPhone; iOS 11.3.1; zh_CN)" "-"
171.122.65.254 - - [28/Jan/2019:01:15:26 +0800] GET //save_token.php?token=56a14f23%20ed9dda1d%2020ff92b1%20f12a80d0%208574ceac%20d3bf98a5%2089f2dac2%2010f58154&os=IOS&version=11.3.1&type=iPhone8,4&city=%E6%9C%94%E5%B7%9E&loc=%3C+39.34218482,+112.43589284%3E%20+/-%2065.00m%20(speed%20-1.00%20mps%20/%20course%20-1.00)%20@%202019/1/28%20%E4%B8%AD%E5%9B%BD%E6%A0%87%E5%87%86%E6%97%B6%E9%97%B4%20%E4%B8%8A%E5%8D%881:15:25&device_id=1997724C-7A3E-440F-A019-D7C32D92D1C8&app_version=1.2 HTTP/1.1 "200" 33 "-" "GPS\xE7\x8A\xB6\xE6\x80\x81 1.5.31 rv:1535 (iPhone; iOS 11.3.1; zh_CN)" "-"
171.122.65.254 - - [28/Jan/2019:01:15:26 +0800] GET /weather/weather_data_new.php?city=%E6%9C%94%E5%B7%9E HTTP/1.1 "200" 258 "-" "GPS\xE7\x8A\xB6\xE6\x80\x81 1.5.31 rv:1535 (iPhone; iOS 11.3.1; zh_CN)" "-"
180.109.233.93 - - [28/Jan/2019:01:15:35 +0800] GET /activity.php HTTP/1.1 "200" 88 "-" "GPS\xE7\x8A\xB6\xE6\x80\x81 1.5.31 rv:1535 (iPhone; iOS 12.1.3; zh_CN)" "-"
212.39.89.234 - - [28/Jan/2019:01:16:59 +0800] GET /activity.php HTTP/1.1 "200" 88 "-" "GPS Status 1.5.31 rv:1535 (iPhone; iOS 12.1.2; en_BG)" "-"
120.36.79.217 - - [28/Jan/2019:01:17:40 +0800] GET /activity.php HTTP/1.1 "200" 88 "-" "GPS\xE7\x8A\xB6\xE6\x80\x81 1.5.31 rv:1535 (iPhone; iOS 12.1.2; zh_CN)" "-"
88.21.201.213 - - [28/Jan/2019:01:17:44 +0800] GET /activity.php HTTP/1.1 "200" 88 "-" "GPS Status 1.5.31 rv:1535 (iPhone; iOS 12.1.2; en_ES)" "-"
2001:470:c:829::2 - - [28/Jan/2019:01:17:46 +0800] GET //weather/weather_data_open.php?city=Barcelona HTTP/1.0 "200" 1895 "-" "-" "-"
88.21.201.213 - - [28/Jan/2019:01:17:46 +0800] GET /weather/weather_data_new.php?city=Barcelona HTTP/1.1 "200" 683 "-" "GPS Status 1.5.31 rv:1535 (iPhone; iOS 12.1.2; en_ES)" "-"
202.59.213.118 - - [28/Jan/2019:01:18:19 +0800] GET /activity.php HTTP/1.1 "200" 88 "-" "GPS\xE7\x8A\xB6\xE6\x80\x81 1.5.31 rv:1535 (iPhone; iOS 12.1.2; zh_CN)" "-"
202.59.213.118 - - [28/Jan/2019:01:18:23 +0800] GET //save_token.php?token=ccfe84a0%204140dc0c%204d3da6ee%2038801381%20bbfdb796%207c3fa3ee%209b8bb585%2081db221f&os=IOS&version=12.1.2&type=iPhone8,2&city=%E9%87%91&loc=%3C+47.61034233,-122.34334096%3E%20+/-%2025.00m%20(speed%200.21%20mps%20/%20course%2023.55)%20@%202019/1/27%20%E5%8C%97%E7%BE%8E%E5%A4%AA%E5%B9%B3%E6%B4%8B%E6%A0%87%E5%87%86%E6%97%B6%E9%97%B4%20%E4%B8%8A%E5%8D%889:18:22&device_id=57A433FA-814C-42F7-BFF6-9856ED52E26C&app_version=1.2 HTTP/1.1 "200" 33 "-" "GPS\xE7\x8A\xB6\xE6\x80\x81 1.5.31 rv:1535 (iPhone; iOS 12.1.2; zh_CN)" "-"
2001:470:c:829::2 - - [28/Jan/2019:01:18:25 +0800] GET //weather/weather_data_open.php?city=%E9%87%91 HTTP/1.0 "200" 0 "-" "-" "-"
202.59.213.118 - - [28/Jan/2019:01:18:25 +0800] GET /weather/weather_data_new.php?city=%E9%87%91 HTTP/1.1 "200" 31 "-" "GPS\xE7\x8A\xB6\xE6\x80\x81 1.5.31 rv:1535 (iPhone; iOS 12.1.2; zh_CN)" "-"
88.21.201.213 - - [28/Jan/2019:01:18:32 +0800] GET /activity.php HTTP/1.1 "200" 93 "-" "GPS Status 1.5.31 rv:1535 (iPhone; iOS 12.1.2; en_ES)" "-"
