221.13.63.152 - - [28/Jan/2019:02:58:32 +0800] GET //save_token.php?token=17292565%20ae1fa08e%20542dc258%20b6503e1b%20f08a144a%20fd137f04%200bf17e0f%20355fa0cb&os=IOS&version=11.4&type=iPhone10,2&city=%E9%81%B5%E4%B9%89&loc=%3C+27.73373039,+106.75192031%3E%20+/-%20165.00m%20(speed%20-1.00%20mps%20/%20course%20-1.00)%20@%202019/1/28%20%E4%B8%AD%E5%9B%BD%E6%A0%87%E5%87%86%E6%97%B6%E9%97%B4%2002:58:31&device_id=66C5541E-EDD5-48F7-B9AB-10D98E7581AF&app_version=1.2 HTTP/1.1 "200" 33 "-" "GPS\xE7\x8A\xB6\xE6\x80\x81 1.5.31 rv:1535 (iPhone; iOS 11.4; zh_CN)" "-"
221.13.63.152 - - [28/Jan/2019:02:58:32 +0800] GET /weather/weather_data_new.php?city=%E9%81%B5%E4%B9%89 HTTP/1.1 "200" 261 "-" "GPS\xE7\x8A\xB6\xE6\x80\x81 1.5.31 rv:1535 (iPhone; iOS 11.4; zh_CN)" "-"
2001:470:c:829::2 - - [28/Jan/2019:02:58:34 +0800] GET //weather/weather_data_open.php?city= HTTP/1.0 "200" 0 "-" "-" "-"
5.173.144.126 - - [28/Jan/2019:02:58:34 +0800] GET /weather/weather_data_new.php?city= HTTP/1.1 "200" 31 "-" "GPS Status 1.5.31 rv:1535 (iPhone; iOS 12.2; en_PL)" "-"
140.205.205.25 - - [28/Jan/2019:02:58:39 +0800] HEAD / HTTP/1.1 "200" 0 "-" "Go-http-client/1.1" "-"
81.0.31.165 - - [28/Jan/2019:02:58:40 +0800] GET /activity.php HTTP/1.1 "200" 88 "-" "GPS Status 1.5.31 rv:1535 (iPhone; iOS 12.1.2; en_ES)" "-"
2001:470:c:829::2 - - [28/Jan/2019:02:59:03 +0800] GET //weather/weather_data_open.php?city=S%C3%A3o+Paulo HTTP/1.0 "200" 0 "-" "-" "-"
45.226.75.0 - - [28/Jan/2019:02:59:03 +0800] GET /weather/weather_data_new.php?city=S%C3%A3o%20Paulo HTTP/1.1 "200" 31 "-" "GPS Status 1.5.30 rv:1530 (iPhone; iOS 12.1.2; en_BR)" "-"
5.173.144.126 - - [28/Jan/2019:03:00:55 +0800] GET /activity.php HTTP/1.1 "200" 88 "-" "GPS Status 1.5.31 rv:1535 (iPhone; iOS 12.2; en_PL)" "-"
112.213.141.152 - - [28/Jan/2019:03:01:42 +0800] GET //save_token.php?token=0275ab88%2090134093%2048272dbb%20fd42c481%20930aaf34%202014c9e3%2005414e49%20fb3b55d2&os=IOS&version=12.1.2&type=iPhone7,1&city=Rhodes&loc=%3C-33.82687386,+151.08437499%3E%20+/-%2065.00m%20(speed%20-1.00%20mps%20/%20course%20-1.00)%20@%202019/1/28%20%E6%BE%B3%E5%A4%A7%E5%88%A9%E4%BA%9A%E4%B8%9C%E9%83%A8%E5%A4%8F%E4%BB%A4%E6%97%B6%E9%97%B4%20%E4%B8%8A%E5%8D%886:01:36&device_id=5AC0D906-BD23-49D4-BE85-C6DC4E5CD0FD&app_version=1.2 HTTP/1.1 "200" 33 "-" "GPS\xE7\x8A\xB6\xE6\x80\x81 1.5.31 rv:1535 (iPhone; iOS 12.1.2; zh-Hans_AU)" "-"
112.213.141.152 - - [28/Jan/2019:03:01:42 +0800] GET /activity.php HTTP/1.1 "200" 88 "-" "GPS\xE7\x8A\xB6\xE6\x80\x81 1.5.31 rv:1535 (iPhone; iOS 12.1.2; zh-Hans_AU)" "-"
2001:470:c:829::2 - - [28/Jan/2019:03:01:44 +0800] GET //weather/weather_data_open.php?city=Rhodes HTTP/1.0 "200" 1925 "-" "-" "-"
112.213.141.152 - - [28/Jan/2019:03:01:44 +0800] GET /weather/weather_data_new.php?city=Rhodes HTTP/1.1 "200" 750 "-" "GPS\xE7\x8A\xB6\xE6\x80\x81 1.5.31 rv:1535 (iPhone; iOS 12.1.2; zh-Hans_AU)" "-"
182.51.86.31 - - [28/Jan/2019:03:01:47 +0800] GET /activity.php HTTP/1.1 "200" 88 "-" "GPS\xE7\x8A\xB6\xE6\x80\x81 1.5.31 rv:1535 (iPhone; iOS 12.1.3; zh_CN)" "-"
182.51.86.31 - - [28/Jan/2019:03:01:49 +0800] GET //save_token.php?token=aa126790%2011652494%2057b67e57%202d46a544%2088f8ad3a%20fa585416%2062a5498d%20c7cdc5ba&os=IOS&version=12.1.3&type=iPhone8,1&city=%E9%82%A2%E5%8F%B0&loc=%3C+37.13994000,+114.22935057%3E%20+/-%2010.00m%20(speed%200.00%20mps%20/%20course%20276.68)%20@%202019/1/28%20%E4%B8%AD%E5%9B%BD%E6%A0%87%E5%87%86%E6%97%B6%E9%97%B4%2003:01:48&device_id=26761655-64EA-4404-A9BF-2D46DF60D466&app_version=1.2 HTTP/1.1 "200" 33 "-" "GPS\xE7\x8A\xB6\xE6\x80\x81 1.5.31 rv:1535 (iPhone; iOS 12.1.3; zh_CN)" "-"
182.51.86.31 - - [28/Jan/2019:03:01:49 +0800] GET /weather/weather_data_new.php?city=%E9%82%A2%E5%8F%B0 HTTP/1.1 "200" 293 "-" "GPS\xE7\x8A\xB6\xE6\x80\x81 1.5.31 rv:1535 (iPhone; iOS 12.1.3; zh_CN)" "-"
39.128.15.254 - - [28/Jan/2019:03:02:29 +0800] GET /weather/weather_data_new.php?city=%E6%98%86%E6%98%8E HTTP/1.1 "200" 288 "-" "GPS\xE7\x8A\xB6\xE6\x80\x81 1.5.31 rv:1535 (iPhone; iOS 12.1.2; zh_CN)" "-"
39.128.15.254 - - [28/Jan/2019:03:02:29 +0800] GET //save_token.php?token=d52c6a6a%2022e1bc71%20c34bf0a8%206e991e81%202ea25579%20e417692e%20d5ceca84%20fb007cd5&os=IOS&version=12.1.2&type=iPhone10,2&city=%E6%98%86%E6%98%8E&loc=%3C+25.06608341,+102.73181785%3E%20+/-%2065.00m%20(speed%20-1.00%20mps%20/%20course%20-1.00)%20@%202019/1/28%20%E4%B8%AD%E5%9B%BD%E6%A0%87%E5%87%86%E6%97%B6%E9%97%B4%2003:02:29&device_id=D88B8505-5C41-4BAA-83BF-C9DF95993305&app_version=1.2 HTTP/1.1 "200" 33 "-" "GPS\xE7\x8A\xB6\xE6\x80\x81 1.5.31 rv:1535 (iPhone; iOS 12.1.2; zh_CN)" "-"
201.191.255.42 - - [28/Jan/2019:03:02:42 +0800] GET /activity.php HTTP/1.1 "200" 88 "-" "GPS Status 1.5.31 rv:1535 (iPhone; iOS 12.1.2; en_CR)" "-"
39.128.15.254 - - [28/Jan/2019:03:03:27 +0800] GET /weather/weather_data_new.php?city=%E6%98%86%E6%98%8E HTTP/1.1 "200" 288 "-" "GPS\xE7\x8A\xB6\xE6\x80\x81 1.5.31 rv:1535 (iPhone; iOS 12.1.2; zh_CN)" "-"
39.128.15.254 - - [28/Jan/2019:03:03:33 +0800] GET /weather/weather_data_new.php?city=%E6%98%86%E6%98%8E HTTP/1.1 "200" 289 "-" "GPS\xE7\x8A\xB6\xE6\x80\x81 1.5.31 rv:1535 (iPhone; iOS 12.1.2; zh_CN)" "-"
112.213.141.152 - - [28/Jan/2019:03:04:20 +0800] GET /activity.php HTTP/1.1 "200" 93 "-" "GPS\xE7\x8A\xB6\xE6\x80\x81 1.5.31 rv:1535 (iPhone; iOS 12.1.2; zh-Hans_AU)" "-"
112.213.141.152 - - [28/Jan/2019:03:04:21 +0800] GET /vote.php?winSize=375.000000,667.000000 HTTP/1.1 "200" 1318 "-" "Mozilla/5.0 (iPhone; CPU iPhone OS 12_1_2 like Mac OS X) AppleWebKit/605.1.15 (KHTML, like Gecko) Mobile/16C101" "-"
112.213.141.152 - - [28/Jan/2019:03:04:22 +0800] GET /js/jquery.min.js HTTP/1.1 "200" 95786 "http://gps.ilvs.cn/vote.php?winSize=375.000000,667.000000" "Mozilla/5.0 (iPhone; CPU iPhone OS 12_1_2 like Mac OS X) AppleWebKit/605.1.15 (KHTML, like Gecko) Mobile/16C101" "-"
186.11.5.195 - - [28/Jan/2019:03:04:59 +0800] GET /activity.php HTTP/1.1 "200" 88 "-" "GPS Status 1.5.31 rv:1535 (iPhone; iOS 11.4.1; es_CL)" "-"
2001:470:c:829::2 - - [28/Jan/2019:03:05:04 +0800] GET //weather/weather_data_open.php?city=Colb%C3%BAn HTTP/1.0 "200" 0 "-" "-" "-"
186.11.5.195 - - [28/Jan/2019:03:05:04 +0800] GET /weather/weather_data_new.php?city=Colb%C3%BAn HTTP/1.1 "200" 31 "-" "GPS Status 1.5.31 rv:1535 (iPhone; iOS 11.4.1; es_CL)" "-"
180.97.197.128 - - [28/Jan/2019:03:06:03 +0800] GET / HTTP/1.1 "200" 5 "-" "Java/1.8.0_144" "-"
153.0.6.63 - - [28/Jan/2019:03:06:10 +0800] GET /activity.php HTTP/1.1 "200" 88 "-" "GPS\xE7\x8A\xB6\xE6\x80\x81 1.5.31 rv:1535 (iPhone; iOS 11.2.6; zh_CN)" "-"
153.0.6.63 - - [28/Jan/2019:03:06:11 +0800] GET /weather/weather_data_new.php?city=%E8%8C%82%E5%90%8D HTTP/1.1 "200" 261 "-" "GPS\xE7\x8A\xB6\xE6\x80\x81 1.5.31 rv:1535 (iPhone; iOS 11.2.6; zh_CN)" "-"
201.191.255.42 - - [28/Jan/2019:03:06:33 +0800] GET /activity.php HTTP/1.1 "200" 88 "-" "GPS Status 1.5.31 rv:1535 (iPhone; iOS 12.1.2; en_CR)" "-"
79.215.90.122 - - [28/Jan/2019:03:06:52 +0800] GET /activity.php HTTP/1.1 "200" 82 "-" "GPS Status 1.5.31 rv:1535 (iPhone; iOS 12.1.3; en_DE)" "-"
79.215.90.122 - - [28/Jan/2019:03:06:53 +0800] GET //save_token.php?token=38292939%202558b881%200854ced1%20e145bc1d%202f8c85bb%2084d3ce1d%203a9bec02%203061e80e&os=IOS&version=12.1.3&type=iPhone9,3&city=Osnabr%C3%BCck&loc=%3C+52.27171623,+8.05613935%3E%20+/-%2065.00m%20(speed%20-1.00%20mps%20/%20course%20-1.00)%20@%2027.01.19,%2020:06:51%20Central%20European%20Standard%20Time&device_id=E15AD539-455E-45B3-B47B-444BC781E6B4&app_version=1.2 HTTP/1.1 "200" 33 "-" "GPS Status 1.5.31 rv:1535 (iPhone; iOS 12.1.3; en_DE)" "-"
2001:470:c:829::2 - - [28/Jan/2019:03:06:54 +0800] GET //weather/weather_data_open.php?city=Osnabr%C3%BCck HTTP/1.0 "200" 0 "-" "-" "-"
79.215.90.122 - - [28/Jan/2019:03:06:54 +0800] GET /weather/weather_data_new.php?city=Osnabr%C3%BCck HTTP/1.1 "200" 31 "-" "GPS Status 1.5.31 rv:1535 (iPhone; iOS 12.1.3; en_DE)" "-"
201.191.255.42 - - [28/Jan/2019:03:07:43 +0800] GET /activity.php HTTP/1.1 "200" 88 "-" "GPS Status 1.5.31 rv:1535 (iPhone; iOS 12.1.2; en_CR)" "-"
2001:470:c:829::2 - - [28/Jan/2019:03:07:46 +0800] GET //weather/weather_data_open.php?city=%E3%82%A2%E3%83%A9%E3%83%95%E3%82%A8%E3%83%A9 HTTP/1.0 "200" 0 "-" "-" "-"
201.191.255.42 - - [28/Jan/2019:03:07:46 +0800] GET /weather/weather_data_new.php?city=%E3%82%A2%E3%83%A9%E3%83%95%E3%82%A8%E3%83%A9 HTTP/1.1 "200" 31 "-" "GPS Status 1.5.31 rv:1535 (iPhone; iOS 12.1.2; en_CR)" "-"
200.68.146.116 - - [28/Jan/2019:03:10:07 +0800] GET /activity.php HTTP/1.1 "200" 88 "-" "GPS Status 1.5.31 rv:1535 (iPhone; iOS 12.1.2; en_MX)" "-"
178.143.86.165 - - [28/Jan/2019:03:11:54 +0800] GET /activity.php HTTP/1.1 "200" 88 "-" "GPS Status 1.5.31 rv:1535 (iPhone; iOS 12.1.2; en_SK)" "-"
178.143.86.165 - - [28/Jan/2019:03:11:54 +0800] GET //save_token.php?token=0c20e6e8%205e00ad17%20ffc316f0%20a227d7c2%201f4e9aa3%205a109b43%20b8508960%20a9cd4100&os=IOS&version=12.1.2&type=iPhone8,4&city=Hlohovec&loc=%3C+48.42812293,+17.80688295%3E%20+/-%2065.00m%20(speed%20-1.00%20mps%20/%20course%20-1.00)%20@%2027/01/2019,%2020:11:52%20Central%20European%20Standard%20Time&device_id=85135663-C81D-4E68-83CF-E0BF67349FCF&app_version=1.2 HTTP/1.1 "200" 33 "-" "GPS Status 1.5.31 rv:1535 (iPhone; iOS 12.1.2; en_SK)" "-"
2001:470:c:829::2 - - [28/Jan/2019:03:11:56 +0800] GET //weather/weather_data_open.php?city=Hlohovec HTTP/1.0 "200" 1968 "-" "-" "-"
178.143.86.165 - - [28/Jan/2019:03:11:56 +0800] GET /weather/weather_data_new.php?city=Hlohovec HTTP/1.1 "200" 740 "-" "GPS Status 1.5.31 rv:1535 (iPhone; iOS 12.1.2; en_SK)" "-"
201.191.255.42 - - [28/Jan/2019:03:12:50 +0800] GET /activity.php HTTP/1.1 "200" 88 "-" "GPS Status 1.5.31 rv:1535 (iPhone; iOS 12.1.2; en_CR)" "-"
79.221.89.80 - - [28/Jan/2019:03:15:25 +0800] GET /activity.php HTTP/1.1 "200" 88 "-" "GPS Status 1.5.31 rv:1535 (iPhone; iOS 12.1.3; en_DE)" "-"
201.191.255.42 - - [28/Jan/2019:03:15:28 +0800] GET /activity.php HTTP/1.1 "200" 88 "-" "GPS Status 1.5.31 rv:1535 (iPhone; iOS 12.1.2; en_CR)" "-"
79.221.89.80 - - [28/Jan/2019:03:15:33 +0800] GET //save_token.php?token=7db68440%20b369a3ee%20c7bbe145%209ba56dcd%20b6666f86%2014e23c9e%205ed25c33%2004aeecfd&os=IOS&version=12.1.3&type=iPhone8,1&city=Wuppertal&loc=%3C+51.26733447,+7.09776568%3E%20+/-%2065.00m%20(speed%20-1.00%20mps%20/%20course%20-1.00)%20@%2027.01.19,%2020:15:32%20Central%20European%20Standard%20Time&device_id=0F17BD99-DFBF-4920-8D53-341917F9066A&app_version=1.2 HTTP/1.1 "200" 33 "-" "GPS Status 1.5.31 rv:1535 (iPhone; iOS 12.1.3; en_DE)" "-"
2001:470:c:829::2 - - [28/Jan/2019:03:15:35 +0800] GET //weather/weather_data_open.php?city=Wuppertal HTTP/1.0 "200" 1925 "-" "-" "-"
79.221.89.80 - - [28/Jan/2019:03:15:35 +0800] GET /weather/weather_data_new.php?city=Wuppertal HTTP/1.1 "200" 729 "-" "GPS Status 1.5.31 rv:1535 (iPhone; iOS 12.1.3; en_DE)" "-"
79.221.89.80 - - [28/Jan/2019:03:15:52 +0800] GET /activity.php HTTP/1.1 "200" 88 "-" "GPS Status 1.5.31 rv:1535 (iPhone; iOS 12.1.3; en_DE)" "-"
79.221.89.80 - - [28/Jan/2019:03:15:55 +0800] GET /activity.php HTTP/1.1 "200" 88 "-" "GPS Status 1.5.31 rv:1535 (iPhone; iOS 12.1.3; en_DE)" "-"
79.221.89.80 - - [28/Jan/2019:03:16:05 +0800] GET /activity.php HTTP/1.1 "200" 88 "-" "GPS Status 1.5.31 rv:1535 (iPhone; iOS 12.1.3; en_DE)" "-"
201.191.255.42 - - [28/Jan/2019:03:17:22 +0800] GET /activity.php HTTP/1.1 "200" 88 "-" "GPS Status 1.5.31 rv:1535 (iPhone; iOS 12.1.2; en_CR)" "-"
223.104.147.205 - - [28/Jan/2019:03:17:33 +0800] GET /activity.php HTTP/1.1 "200" 88 "-" "GPS\xE7\x8A\xB6\xE6\x80\x81 1.5.31 rv:1535 (iPhone; iOS 12.1.3; zh_CN)" "-"
137.226.113.28 - - [28/Jan/2019:03:19:02 +0800] GET / HTTP/1.1 "200" 31 "-" "Mozilla/5.0 zgrab/0.x (compatible; Researchscan/t12ca; +http://researchscan.comsys.rwth-aachen.de)" "-"
194.79.63.9 - - [28/Jan/2019:03:22:39 +0800] GET /activity.php HTTP/1.1 "200" 88 "-" "GPS Status 1.5.30 rv:1530 (iPhone; iOS 10.3.3; ru_RU)" "-"
194.79.63.9 - - [28/Jan/2019:03:22:43 +0800] GET //save_token.php?token=29742b19%2092603795%20aeefd73c%20fbdfd216%2092a1d467%2048673164%2091591ae2%209d9df3e6&os=IOS&version=10.3.3&type=iPhone5,2&city=%D0%9F%D0%B5%D1%80%D0%B5%D0%B2%D0%B0%D0%BB%D1%8C%D1%81%D0%BA%D0%B8%D0%B9%20%D1%80%D0%B0%D0%B9%D0%BE%D0%BD&loc=%3C+48.43653804,+38.83266735%3E%20+/-%20311.35m%20(speed%20-1.00%20mps%20/%20course%20-1.00)%20@%2027.01.19,%2022:22:37%20%D0%9C%D0%BE%D1%81%D0%BA%D0%B2%D0%B0,%20%D1%81%D1%82%D0%B0%D0%BD%D0%B4%D0%B0%D1%80%D1%82%D0%BD%D0%BE%D0%B5%20%D0%B2%D1%80%D0%B5%D0%BC%D1%8F&device_id=0A0FFF0D-96D0-4099-AF03-EAE5D4137760&app_version=1.2 HTTP/1.1 "200" 33 "-" "GPS Status 1.5.30 rv:1530 (iPhone; iOS 10.3.3; ru_RU)" "-"
2001:470:c:829::2 - - [28/Jan/2019:03:22:45 +0800] GET //weather/weather_data_open.php?city=%D0%9F%D0%B5%D1%80%D0%B5%D0%B2%D0%B0%D0%BB%D1%8C%D1%81%D0%BA%D0%B8%D0%B9+%D1%80%D0%B0%D0%B9%D0%BE%D0%BD HTTP/1.0 "200" 0 "-" "-" "-"
194.79.63.9 - - [28/Jan/2019:03:22:45 +0800] GET /weather/weather_data_new.php?city=%D0%9F%D0%B5%D1%80%D0%B5%D0%B2%D0%B0%D0%BB%D1%8C%D1%81%D0%BA%D0%B8%D0%B9%20%D1%80%D0%B0%D0%B9%D0%BE%D0%BD HTTP/1.1 "200" 31 "-" "GPS Status 1.5.30 rv:1530 (iPhone; iOS 10.3.3; ru_RU)" "-"
194.79.63.9 - - [28/Jan/2019:03:23:16 +0800] GET /activity.php HTTP/1.1 "200" 88 "-" "GPS Status 1.5.30 rv:1530 (iPhone; iOS 10.3.3; ru_RU)" "-"
2001:470:c:829::2 - - [28/Jan/2019:03:24:00 +0800] GET //weather/weather_data_open.php?city=%D0%9F%D0%B5%D1%80%D0%B5%D0%B2%D0%B0%D0%BB%D1%8C%D1%81%D0%BA%D0%B8%D0%B9+%D1%80%D0%B0%D0%B9%D0%BE%D0%BD HTTP/1.0 "200" 0 "-" "-" "-"
194.79.63.9 - - [28/Jan/2019:03:24:00 +0800] GET /weather/weather_data_new.php?city=%D0%9F%D0%B5%D1%80%D0%B5%D0%B2%D0%B0%D0%BB%D1%8C%D1%81%D0%BA%D0%B8%D0%B9%20%D1%80%D0%B0%D0%B9%D0%BE%D0%BD HTTP/1.1 "200" 31 "-" "GPS Status 1.5.30 rv:1530 (iPhone; iOS 10.3.3; ru_RU)" "-"
2001:470:c:829::2 - - [28/Jan/2019:03:24:07 +0800] GET //weather/weather_data_open.php?city=%D0%9F%D0%B5%D1%80%D0%B5%D0%B2%D0%B0%D0%BB%D1%8C%D1%81%D0%BA%D0%B8%D0%B9+%D1%80%D0%B0%D0%B9%D0%BE%D0%BD HTTP/1.0 "200" 0 "-" "-" "-"
194.79.63.9 - - [28/Jan/2019:03:24:07 +0800] GET /weather/weather_data_new.php?city=%D0%9F%D0%B5%D1%80%D0%B5%D0%B2%D0%B0%D0%BB%D1%8C%D1%81%D0%BA%D0%B8%D0%B9%20%D1%80%D0%B0%D0%B9%D0%BE%D0%BD HTTP/1.1 "200" 31 "-" "GPS Status 1.5.30 rv:1530 (iPhone; iOS 10.3.3; ru_RU)" "-"
2001:470:c:829::2 - - [28/Jan/2019:03:24:14 +0800] GET //weather/weather_data_open.php?city=%D0%9F%D0%B5%D1%80%D0%B5%D0%B2%D0%B0%D0%BB%D1%8C%D1%81%D0%BA%D0%B8%D0%B9+%D1%80%D0%B0%D0%B9%D0%BE%D0%BD HTTP/1.0 "200" 0 "-" "-" "-"
194.79.63.9 - - [28/Jan/2019:03:24:14 +0800] GET /weather/weather_data_new.php?city=%D0%9F%D0%B5%D1%80%D0%B5%D0%B2%D0%B0%D0%BB%D1%8C%D1%81%D0%BA%D0%B8%D0%B9%20%D1%80%D0%B0%D0%B9%D0%BE%D0%BD HTTP/1.1 "200" 31 "-" "GPS Status 1.5.30 rv:1530 (iPhone; iOS 10.3.3; ru_RU)" "-"
194.79.63.9 - - [28/Jan/2019:03:24:15 +0800] GET /activity.php HTTP/1.1 "200" 88 "-" "GPS Status 1.5.30 rv:1530 (iPhone; iOS 10.3.3; ru_RU)" "-"
188.174.1.93 - - [28/Jan/2019:03:25:24 +0800] GET /activity.php HTTP/1.1 "200" 88 "-" "GPS Status 1.5.31 rv:1535 (iPad; iOS 11.2.5; de_DE)" "-"
188.174.1.93 - - [28/Jan/2019:03:25:25 +0800] GET //save_token.php?token=89604b91%20ad44c283%2000d557fb%20cb43dbc7%20053716c7%20f91b8f79%20934f2611%20c1b7370a&os=IOS&version=11.2.5&type=iPad5,2&city=M%C3%BCnchen&loc=%3C+48.13066865,+11.48851903%3E%20+/-%20165.00m%20(speed%20-1.00%20mps%20/%20course%20-1.00)%20@%2027.01.19,%2020:25:24%20Mitteleurop%C3%A4ische%20Normalzeit&device_id=2cae67fd2bbc4e0a061b62307512de07524b8c86&app_version=1.2 HTTP/1.1 "200" 33 "-" "GPS Status 1.5.31 rv:1535 (iPad; iOS 11.2.5; de_DE)" "-"
2001:470:c:829::2 - - [28/Jan/2019:03:25:27 +0800] GET //weather/weather_data_open.php?city=M%C3%BCnchen HTTP/1.0 "200" 0 "-" "-" "-"
188.174.1.93 - - [28/Jan/2019:03:25:27 +0800] GET /weather/weather_data_new.php?city=M%C3%BCnchen HTTP/1.1 "200" 31 "-" "GPS Status 1.5.31 rv:1535 (iPad; iOS 11.2.5; de_DE)" "-"
79.146.108.136 - - [28/Jan/2019:03:25:55 +0800] GET /activity.php HTTP/1.1 "200" 88 "-" "GPS Status 1.5.31 rv:1535 (iPhone; iOS 12.1.2; en_ES)" "-"
79.146.108.136 - - [28/Jan/2019:03:25:56 +0800] GET //save_token.php?token=faa17f1c%20bdb8eab6%20ca71eb84%201f8e75e5%2069873ec8%20f5e43bbf%20551f75ce%205f984fec&os=IOS&version=12.1.2&type=iPhone8,1&city=Barcelona&loc=%3C+41.39505609,+2.17049327%3E%20+/-%2065.00m%20(speed%20-1.00%20mps%20/%20course%20-1.00)%20@%2027/01/2019,%2020:25:55%20Central%20European%20Standard%20Time&device_id=98401306-0765-4184-B21C-83176054DDF5&app_version=1.2 HTTP/1.1 "200" 33 "-" "GPS Status 1.5.31 rv:1535 (iPhone; iOS 12.1.2; en_ES)" "-"
2001:470:c:829::2 - - [28/Jan/2019:03:25:57 +0800] GET //weather/weather_data_open.php?city=Barcelona HTTP/1.0 "200" 1898 "-" "-" "-"
79.146.108.136 - - [28/Jan/2019:03:25:57 +0800] GET /weather/weather_data_new.php?city=Barcelona HTTP/1.1 "200" 655 "-" "GPS Status 1.5.31 rv:1535 (iPhone; iOS 12.1.2; en_ES)" "-"
186.11.5.195 - - [28/Jan/2019:03:26:03 +0800] GET /activity.php HTTP/1.1 "200" 88 "-" "GPS Status 1.5.31 rv:1535 (iPhone; iOS 11.4.1; es_CL)" "-"
2001:470:c:829::2 - - [28/Jan/2019:03:26:07 +0800] GET //weather/weather_data_open.php?city=Colb%C3%BAn HTTP/1.0 "200" 0 "-" "-" "-"
186.11.5.195 - - [28/Jan/2019:03:26:07 +0800] GET /weather/weather_data_new.php?city=Colb%C3%BAn HTTP/1.1 "200" 31 "-" "GPS Status 1.5.31 rv:1535 (iPhone; iOS 11.4.1; es_CL)" "-"
175.17.183.226 - - [28/Jan/2019:03:26:51 +0800] GET /activity.php HTTP/1.1 "200" 88 "-" "GPS\xE7\x8A\xB6\xE6\x80\x81 1.5.31 rv:1535 (iPhone; iOS 12.1.2; zh_CN)" "-"
175.17.183.226 - - [28/Jan/2019:03:26:52 +0800] GET //save_token.php?token=2b2705a4%2062a826f8%20728a2b6d%20fa3538ef%20894a88ad%2086f79d87%20e626c9d6%2081fc73c1&os=IOS&version=12.1.2&type=iPhone11,6&city=%E9%95%BF%E6%98%A5&loc=%3C+43.83504589,+125.32508918%3E%20+/-%20847.27m%20(speed%20-1.00%20mps%20/%20course%20-1.00)%20@%202019/1/28%20%E4%B8%AD%E5%9B%BD%E6%A0%87%E5%87%86%E6%97%B6%E9%97%B4%2003:26:50&device_id=B79BFDFB-A0EA-48EF-8D75-70DF1C31FC42&app_version=1.2 HTTP/1.1 "200" 33 "-" "GPS\xE7\x8A\xB6\xE6\x80\x81 1.5.31 rv:1535 (iPhone; iOS 12.1.2; zh_CN)" "-"
139.207.179.124 - - [28/Jan/2019:03:27:17 +0800] GET //save_token.php?token=b5b4e3fc%2031a33b18%201098e2d4%2091e88373%2076165f22%200aa2280a%20b2921127%208c25b729&os=IOS&version=11.4&type=iPhone9,2&city=%E6%B3%B8%E5%B7%9E&loc=%3C+28.89521144,+105.49495372%3E%20+/-%2065.00m%20(speed%20-1.00%20mps%20/%20course%20-1.00)%20@%202019/1/28%20%E4%B8%AD%E5%9B%BD%E6%A0%87%E5%87%86%E6%97%B6%E9%97%B4%2003:27:16&device_id=3F2A95B9-7034-4F7F-BB1D-7325C8BCEE89&app_version=1.2 HTTP/1.1 "200" 33 "-" "GPS\xE7\x8A\xB6\xE6\x80\x81 1.5.31 rv:1535 (iPhone; iOS 11.4; zh_CN)" "-"
2001:470:c:829::2 - - [28/Jan/2019:03:27:18 +0800] GET //weather/weather_data_open.php?city=%E6%B3%B8%E5%B7%9E HTTP/1.0 "200" 0 "-" "-" "-"
139.207.179.124 - - [28/Jan/2019:03:27:18 +0800] GET /weather/weather_data_new.php?city=%E6%B3%B8%E5%B7%9E HTTP/1.1 "200" 31 "-" "GPS\xE7\x8A\xB6\xE6\x80\x81 1.5.31 rv:1535 (iPhone; iOS 11.4; zh_CN)" "-"
2001:470:c:829::2 - - [28/Jan/2019:03:27:49 +0800] GET //weather/weather_data_open.php?city=%E6%B3%B8%E5%B7%9E HTTP/1.0 "200" 0 "-" "-" "-"
139.207.179.124 - - [28/Jan/2019:03:27:49 +0800] GET /weather/weather_data_new.php?city=%E6%B3%B8%E5%B7%9E HTTP/1.1 "200" 31 "-" "GPS\xE7\x8A\xB6\xE6\x80\x81 1.5.31 rv:1535 (iPhone; iOS 11.4; zh_CN)" "-"
87.115.4.103 - - [28/Jan/2019:03:27:57 +0800] GET /activity.php HTTP/1.1 "200" 82 "-" "GPS Status 1.5.31 rv:1535 (iPad; iOS 12.1.3; en_GB)" "-"
2001:470:c:829::2 - - [28/Jan/2019:03:27:59 +0800] GET //weather/weather_data_open.php?city=%E6%B3%B8%E5%B7%9E HTTP/1.0 "200" 0 "-" "-" "-"
139.207.179.124 - - [28/Jan/2019:03:27:59 +0800] GET /weather/weather_data_new.php?city=%E6%B3%B8%E5%B7%9E HTTP/1.1 "200" 31 "-" "GPS\xE7\x8A\xB6\xE6\x80\x81 1.5.31 rv:1535 (iPhone; iOS 11.4; zh_CN)" "-"
87.115.4.103 - - [28/Jan/2019:03:28:02 +0800] GET //save_token.php?token=3d167c26%205b7bbcff%208509f43d%207f9bf70f%20001609e2%202a92ddb2%209d21ca3f%20350c9083&os=IOS&version=12.1.3&type=iPad6,3&city=City%20of%20Bristol&loc=%3C+51.49975893,-2.58634482%3E%20+/-%2065.00m%20(speed%20-1.00%20mps%20/%20course%20-1.00)%20@%2027/01/2019,%2019:28:02%20Greenwich%20Mean%20Time&device_id=00bed1c0ad8cadb9b1fa275c1e19cbd61f93cebe&app_version=1.2 HTTP/1.1 "200" 33 "-" "GPS Status 1.5.31 rv:1535 (iPad; iOS 12.1.3; en_GB)" "-"
2001:470:c:829::2 - - [28/Jan/2019:03:28:03 +0800] GET //weather/weather_data_open.php?city=City+of+Bristol HTTP/1.0 "200" 0 "-" "-" "-"
87.115.4.103 - - [28/Jan/2019:03:28:03 +0800] GET /weather/weather_data_new.php?city=City%20of%20Bristol HTTP/1.1 "200" 31 "-" "GPS Status 1.5.31 rv:1535 (iPad; iOS 12.1.3; en_GB)" "-"
83.33.210.207 - - [28/Jan/2019:03:28:42 +0800] GET /activity.php HTTP/1.1 "200" 82 "-" "GPS Status 1.5.31 rv:1535 (iPad; iOS 12.1.1; en_ES)" "-"
182.51.86.31 - - [28/Jan/2019:03:28:47 +0800] GET /activity.php HTTP/1.1 "200" 88 "-" "GPS\xE7\x8A\xB6\xE6\x80\x81 1.5.31 rv:1535 (iPhone; iOS 12.1.3; zh_CN)" "-"
182.51.86.31 - - [28/Jan/2019:03:28:48 +0800] GET /weather/weather_data_new.php?city=%E9%82%A2%E5%8F%B0 HTTP/1.1 "200" 294 "-" "GPS\xE7\x8A\xB6\xE6\x80\x81 1.5.31 rv:1535 (iPhone; iOS 12.1.3; zh_CN)" "-"
83.33.210.207 - - [28/Jan/2019:03:28:48 +0800] GET //save_token.php?token=783f9bd2%202f6e4250%20b824e084%20a84f70cb%2009035973%20d9dcf634%20317b1d09%20d5b6f45f&os=IOS&version=12.1.1&type=iPad6,4&city=Madrid&loc=%3C+40.38728905,-3.73070226%3E%20+/-%2065.00m%20(speed%20-1.00%20mps%20/%20course%20-1.00)%20@%2027/01/2019,%2020:28:48%20Central%20European%20Standard%20Time&device_id=63584514-A2F2-4FFC-BE05-DD50CD35767A&app_version=1.2 HTTP/1.1 "200" 33 "-" "GPS Status 1.5.31 rv:1535 (iPad; iOS 12.1.1; en_ES)" "-"
2001:470:c:829::2 - - [28/Jan/2019:03:28:50 +0800] GET //weather/weather_data_open.php?city=Madrid HTTP/1.0 "200" 1891 "-" "-" "-"
83.33.210.207 - - [28/Jan/2019:03:28:50 +0800] GET /weather/weather_data_new.php?city=Madrid HTTP/1.1 "200" 722 "-" "GPS Status 1.5.31 rv:1535 (iPad; iOS 12.1.1; en_ES)" "-"
180.120.193.126 - - [28/Jan/2019:03:28:55 +0800] GET /activity.php HTTP/1.1 "200" 82 "-" "GPS\xE7\x8A\xB6\xE6\x80\x81 1.5.31 rv:1535 (iPhone; iOS 12.0.1; zh_CN)" "-"
180.120.193.126 - - [28/Jan/2019:03:29:09 +0800] GET //save_token.php?token=49bd42a7%20782e4fec%20034beb82%20573a9c8e%2085fa0aea%20f6c479e8%20ded1a297%209adea461&os=IOS&version=12.0.1&type=iPhone8,4&city=%E5%8D%97%E9%80%9A&loc=%3C+32.06901519,+120.80999084%3E%20+/-%2065.00m%20(speed%20-1.00%20mps%20/%20course%20-1.00)%20@%202019/1/28%20%E4%B8%AD%E5%9B%BD%E6%A0%87%E5%87%86%E6%97%B6%E9%97%B4%20%E4%B8%8A%E5%8D%883:29:09&device_id=AFE32910-A220-4BBB-BB13-EE78439033AF&app_version=1.2 HTTP/1.1 "200" 33 "-" "GPS\xE7\x8A\xB6\xE6\x80\x81 1.5.31 rv:1535 (iPhone; iOS 12.0.1; zh_CN)" "-"
180.120.193.126 - - [28/Jan/2019:03:29:09 +0800] GET /weather/weather_data_new.php?city=%E5%8D%97%E9%80%9A HTTP/1.1 "200" 282 "-" "GPS\xE7\x8A\xB6\xE6\x80\x81 1.5.31 rv:1535 (iPhone; iOS 12.0.1; zh_CN)" "-"
213.143.50.204 - - [28/Jan/2019:03:29:11 +0800] GET /activity.php HTTP/1.1 "200" 88 "-" "GPS Status 1.5.31 rv:1535 (iPhone; iOS 11.0.3; es_ES)" "-"
213.143.50.204 - - [28/Jan/2019:03:29:12 +0800] GET //save_token.php?token=488f9794%20ca8a8182%2034c5b19b%20cdbaeb16%208013dca3%20c2489c90%20b99e3bb7%202b0fcabc&os=IOS&version=11.0.3&type=iPhone7,2&city=Burgos&loc=%3C+42.34284171,-3.69670150%3E%20+/-%2065.00m%20(speed%20-1.00%20mps%20/%20course%20-1.00)%20@%2027/1/19%2020:29:08%20(hora%20est%C3%A1ndar%20de%20Europa%20central)&device_id=E87ABAE7-B336-408C-AE35-53A7855EBA87&app_version=1.2 HTTP/1.1 "200" 33 "-" "GPS Status 1.5.31 rv:1535 (iPhone; iOS 11.0.3; es_ES)" "-"
2001:470:c:829::2 - - [28/Jan/2019:03:29:13 +0800] GET //weather/weather_data_open.php?city=Burgos HTTP/1.0 "200" 1919 "-" "-" "-"
213.143.50.204 - - [28/Jan/2019:03:29:13 +0800] GET /weather/weather_data_new.php?city=Burgos HTTP/1.1 "200" 698 "-" "GPS Status 1.5.31 rv:1535 (iPhone; iOS 11.0.3; es_ES)" "-"
180.120.193.126 - - [28/Jan/2019:03:31:15 +0800] GET /activity.php HTTP/1.1 "200" 88 "-" "GPS\xE7\x8A\xB6\xE6\x80\x81 1.5.31 rv:1535 (iPhone; iOS 12.0.1; zh_CN)" "-"
24.187.173.220 - - [28/Jan/2019:03:31:19 +0800] GET /activity.php HTTP/1.1 "200" 88 "-" "GPS Status 1.5.31 rv:1535 (iPhone; iOS 12.1.2; en_US)" "-"
24.187.173.220 - - [28/Jan/2019:03:31:47 +0800] GET /activity.php HTTP/1.1 "200" 88 "-" "GPS Status 1.5.31 rv:1535 (iPhone; iOS 12.1.2; en_US)" "-"
24.187.173.220 - - [28/Jan/2019:03:31:48 +0800] GET //save_token.php?token=37f15a53%20ef45407c%2038433bf7%208c3a0b58%2077c02ca7%205bec5869%207d83dd5f%206f377162&os=IOS&version=12.1.2&type=iPhone9,2&city=Westchester&loc=%3C+41.02428166,-73.77019471%3E%20+/-%2065.00m%20(speed%20-1.00%20mps%20/%20course%20-1.00)%20@%201/27/19,%202:31:48%20PM%20Eastern%20Standard%20Time&device_id=74A0EDA7-E359-4118-BC18-1CB34B295834&app_version=1.2 HTTP/1.1 "200" 33 "-" "GPS Status 1.5.31 rv:1535 (iPhone; iOS 12.1.2; en_US)" "-"
2001:470:c:829::2 - - [28/Jan/2019:03:31:50 +0800] GET //weather/weather_data_open.php?city=Westchester HTTP/1.0 "200" 1991 "-" "-" "-"
24.187.173.220 - - [28/Jan/2019:03:31:50 +0800] GET /weather/weather_data_new.php?city=Westchester HTTP/1.1 "200" 723 "-" "GPS Status 1.5.31 rv:1535 (iPhone; iOS 12.1.2; en_US)" "-"
117.136.31.230 - - [28/Jan/2019:03:32:59 +0800] GET /activity.php HTTP/1.1 "200" 88 "-" "GPS\xE7\x8A\xB6\xE6\x80\x81 1.5.31 rv:1535 (iPhone; iOS 12.1; zh_CN)" "-"
117.136.31.230 - - [28/Jan/2019:03:33:00 +0800] GET //save_token.php?token=7acbbd23%20cb28ec6d%200e61d475%2052a6e894%2031b039ae%2094d62f55%20b4439249%2048fa79e4&os=IOS&version=12.1&type=iPhone7,1&city=%E9%9F%B6%E5%85%B3&loc=%3C+24.93525736,+113.51068175%3E%20+/-%2010.00m%20(speed%2022.82%20mps%20/%20course%20159.96)%20@%202019/1/28%20%E4%B8%AD%E5%9B%BD%E6%A0%87%E5%87%86%E6%97%B6%E9%97%B4%2003:33:00&device_id=28BB89AF-4697-4DEA-B789-3F622A8D42D6&app_version=1.2 HTTP/1.1 "200" 33 "-" "GPS\xE7\x8A\xB6\xE6\x80\x81 1.5.31 rv:1535 (iPhone; iOS 12.1; zh_CN)" "-"
117.136.31.230 - - [28/Jan/2019:03:33:00 +0800] GET /weather/weather_data_new.php?city=%E9%9F%B6%E5%85%B3 HTTP/1.1 "200" 290 "-" "GPS\xE7\x8A\xB6\xE6\x80\x81 1.5.31 rv:1535 (iPhone; iOS 12.1; zh_CN)" "-"
219.136.187.98 - - [28/Jan/2019:03:33:05 +0800] GET /activity.php HTTP/1.1 "200" 88 "-" "GPS\xE7\x8A\xB6\xE6\x80\x81 1.5.31 rv:1535 (iPhone; iOS 12.1.2; zh_CN)" "-"
219.136.187.98 - - [28/Jan/2019:03:33:08 +0800] GET //save_token.php?token=252399a6%20797dfcc0%20bdae9f25%20c16e33e2%2022db355b%20e5350968%2060e171cd%20129a942e&os=IOS&version=12.1.2&type=iPhone10,2&city=%E5%B9%BF%E5%B7%9E&loc=%3C+23.16799787,+113.24800188%3E%20+/-%2030.00m%20(speed%201.78%20mps%20/%20course%2035.86)%20@%202019/1/28%20%E4%B8%AD%E5%9B%BD%E6%A0%87%E5%87%86%E6%97%B6%E9%97%B4%2003:33:08&device_id=940AEF9F-F462-4593-A113-B0E73247A78F&app_version=1.2 HTTP/1.1 "200" 33 "-" "GPS\xE7\x8A\xB6\xE6\x80\x81 1.5.31 rv:1535 (iPhone; iOS 12.1.2; zh_CN)" "-"
219.136.187.98 - - [28/Jan/2019:03:33:08 +0800] GET /weather/weather_data_new.php?city=%E5%B9%BF%E5%B7%9E HTTP/1.1 "200" 276 "-" "GPS\xE7\x8A\xB6\xE6\x80\x81 1.5.31 rv:1535 (iPhone; iOS 12.1.2; zh_CN)" "-"
180.120.193.126 - - [28/Jan/2019:03:33:19 +0800] GET /weather/weather_data_new.php?city=%E5%8D%97%E9%80%9A HTTP/1.1 "200" 283 "-" "GPS\xE7\x8A\xB6\xE6\x80\x81 1.5.31 rv:1535 (iPhone; iOS 12.0.1; zh_CN)" "-"
180.120.193.126 - - [28/Jan/2019:03:33:25 +0800] GET /activity.php HTTP/1.1 "200" 88 "-" "GPS\xE7\x8A\xB6\xE6\x80\x81 1.5.31 rv:1535 (iPhone; iOS 12.0.1; zh_CN)" "-"
180.120.193.126 - - [28/Jan/2019:03:33:30 +0800] GET /activity.php HTTP/1.1 "200" 88 "-" "GPS\xE7\x8A\xB6\xE6\x80\x81 1.5.31 rv:1535 (iPhone; iOS 12.0.1; zh_CN)" "-"
180.120.193.126 - - [28/Jan/2019:03:33:34 +0800] GET /weather/weather_data_new.php?city=%E5%8D%97%E9%80%9A HTTP/1.1 "200" 282 "-" "GPS\xE7\x8A\xB6\xE6\x80\x81 1.5.31 rv:1535 (iPhone; iOS 12.0.1; zh_CN)" "-"
153.0.6.128 - - [28/Jan/2019:03:36:13 +0800] GET /activity.php HTTP/1.1 "200" 88 "-" "GPS\xE7\x8A\xB6\xE6\x80\x81 1.5.31 rv:1535 (iPhone; iOS 11.2.6; zh_CN)" "-"
153.0.6.128 - - [28/Jan/2019:03:36:14 +0800] GET /weather/weather_data_new.php?city=%E8%8C%82%E5%90%8D HTTP/1.1 "200" 261 "-" "GPS\xE7\x8A\xB6\xE6\x80\x81 1.5.31 rv:1535 (iPhone; iOS 11.2.6; zh_CN)" "-"
125.69.40.155 - - [28/Jan/2019:03:37:39 +0800] GET /activity.php HTTP/1.1 "200" 88 "-" "GPS\xE7\x8A\xB6\xE6\x80\x81 1.5.31 rv:1535 (iPhone; iOS 12.1; zh_CN)" "-"
87.241.184.252 - - [28/Jan/2019:03:37:54 +0800] GET /activity.php HTTP/1.1 "200" 88 "-" "GPS Status 1.5.31 rv:1535 (iPhone; iOS 12.1.2; en_AM)" "-"
79.180.228.143 - - [28/Jan/2019:03:38:25 +0800] GET /activity.php HTTP/1.1 "200" 88 "-" "GPS Status 1.5.31 rv:1535 (iPhone; iOS 12.1.2; en_IL)" "-"
87.241.184.252 - - [28/Jan/2019:03:38:25 +0800] GET /activity.php HTTP/1.1 "200" 88 "-" "GPS Status 1.5.31 rv:1535 (iPhone; iOS 12.1.2; en_AM)" "-"
79.180.228.143 - - [28/Jan/2019:03:38:32 +0800] GET /activity.php HTTP/1.1 "200" 88 "-" "GPS Status 1.5.31 rv:1535 (iPhone; iOS 12.1.2; en_IL)" "-"
79.180.228.143 - - [28/Jan/2019:03:38:37 +0800] POST /upload_track.php HTTP/1.1 "200" 33 "-" "GPS Status 1.5.31 rv:1535 (iPhone; iOS 12.1.2; en_IL)" "-"
79.180.228.143 - - [28/Jan/2019:03:38:38 +0800] GET //save_token.php?token=94433320%20a6dedc02%2003c2bb3d%20c753d853%2085a1dc77%2016cd653e%201ff407fa%201ee88d0b&os=IOS&version=12.1.2&type=iPhone10,3&city=Shave%20Ziyyon&loc=%3C+32.98125100,+35.08346165%3E%20+/-%20165.00m%20(speed%20-1.00%20mps%20/%20course%20-1.00)%20@%2027/01/2019,%2021:38:37%20Israel%20Standard%20Time&device_id=ABB3ECB8-9586-4C5D-B9D2-95421D0A06C2&app_version=1.2 HTTP/1.1 "200" 33 "-" "GPS Status 1.5.31 rv:1535 (iPhone; iOS 12.1.2; en_IL)" "-"
2001:470:c:829::2 - - [28/Jan/2019:03:38:40 +0800] GET //weather/weather_data_open.php?city=Shave+Ziyyon HTTP/1.0 "200" 0 "-" "-" "-"
79.180.228.143 - - [28/Jan/2019:03:38:40 +0800] GET /weather/weather_data_new.php?city=Shave%20Ziyyon HTTP/1.1 "200" 31 "-" "GPS Status 1.5.31 rv:1535 (iPhone; iOS 12.1.2; en_IL)" "-"
180.120.193.126 - - [28/Jan/2019:03:38:50 +0800] GET /activity.php HTTP/1.1 "200" 93 "-" "GPS\xE7\x8A\xB6\xE6\x80\x81 1.5.31 rv:1535 (iPhone; iOS 12.0.1; zh_CN)" "-"
180.120.193.126 - - [28/Jan/2019:03:38:51 +0800] GET /vote.php?winSize=320.000000,568.000000 HTTP/1.1 "200" 1318 "-" "Mozilla/5.0 (iPhone; CPU iPhone OS 12_0_1 like Mac OS X) AppleWebKit/605.1.15 (KHTML, like Gecko) Mobile/16A404" "-"
180.120.193.126 - - [28/Jan/2019:03:38:51 +0800] GET /js/jquery.min.js HTTP/1.1 "200" 95786 "http://gps.ilvs.cn/vote.php?winSize=320.000000,568.000000" "Mozilla/5.0 (iPhone; CPU iPhone OS 12_0_1 like Mac OS X) AppleWebKit/605.1.15 (KHTML, like Gecko) Mobile/16A404" "-"
180.120.193.126 - - [28/Jan/2019:03:38:54 +0800] POST /save_vote.php HTTP/1.1 "200" 31 "http://gps.ilvs.cn/vote.php?winSize=320.000000,568.000000" "Mozilla/5.0 (iPhone; CPU iPhone OS 12_0_1 like Mac OS X) AppleWebKit/605.1.15 (KHTML, like Gecko) Mobile/16A404" "-"
180.120.193.126 - - [28/Jan/2019:03:39:12 +0800] GET /weather/weather_data_new.php?city=%E5%8D%97%E9%80%9A HTTP/1.1 "200" 283 "-" "GPS\xE7\x8A\xB6\xE6\x80\x81 1.5.31 rv:1535 (iPhone; iOS 12.0.1; zh_CN)" "-"
124.132.112.40 - - [28/Jan/2019:03:39:56 +0800] GET /activity.php HTTP/1.1 "200" 88 "-" "GPS\xE7\x8A\xB6\xE6\x80\x81 1.5.31 rv:1535 (iPad; iOS 12.1.1; zh_CN)" "-"
124.132.112.40 - - [28/Jan/2019:03:39:56 +0800] POST /update_share.php?user_id=0 HTTP/1.1 "200" 31 "-" "GPS\xE7\x8A\xB6\xE6\x80\x81 1.5.31 rv:1535 (iPad; iOS 12.1.1; zh_CN)" "-"
124.132.112.40 - - [28/Jan/2019:03:39:57 +0800] GET //save_token.php?token=60e2a737%202a6162ac%20c7097b78%20be7ada95%2081841aeb%204abbdff9%206640d818%2085168083&os=IOS&version=12.1.1&type=iPad4,4&city=%E8%8E%B1%E8%8A%9C&loc=%3C+36.21411546,+117.66121908%3E%20+/-%2073.87m%20(speed%20-1.00%20mps%20/%20course%20-1.00)%20@%202019/1/28%20%E4%B8%AD%E5%9B%BD%E6%A0%87%E5%87%86%E6%97%B6%E9%97%B4%20%E4%B8%8A%E5%8D%883:39:54&device_id=047D5230-B7A1-486C-B11F-EC664D2C8995&app_version=1.2 HTTP/1.1 "200" 33 "-" "GPS\xE7\x8A\xB6\xE6\x80\x81 1.5.31 rv:1535 (iPad; iOS 12.1.1; zh_CN)" "-"
124.132.112.40 - - [28/Jan/2019:03:39:57 +0800] GET /weather/weather_data_new.php?city=%E8%8E%B1%E8%8A%9C HTTP/1.1 "200" 292 "-" "GPS\xE7\x8A\xB6\xE6\x80\x81 1.5.31 rv:1535 (iPad; iOS 12.1.1; zh_CN)" "-"
117.136.86.132 - - [28/Jan/2019:03:40:18 +0800] GET /activity.php HTTP/1.1 "200" 88 "-" "GPS\xE7\x8A\xB6\xE6\x80\x81 1.5.30 rv:1530 (iPhone; iOS 12.1.2; zh_CN)" "-"
117.136.86.132 - - [28/Jan/2019:03:40:19 +0800] GET //save_token.php?token=fdd0cd1b%2017031cda%204c5508da%20336510e8%208bb0ecc3%20e5396916%209626dcb1%208d023f50&os=IOS&version=12.1.2&type=iPhone10,3&city=%E8%A5%BF%E5%AE%89&loc=%3C+34.24406808,+108.87655992%3E%20+/-%2065.00m%20(speed%20-1.00%20mps%20/%20course%20-1.00)%20@%202019/1/28%20%E4%B8%AD%E5%9B%BD%E6%A0%87%E5%87%86%E6%97%B6%E9%97%B4%2003:40:17&device_id=1B31A858-00E1-4FA8-BA72-1C8C4B6D2923&app_version=1.2 HTTP/1.1 "200" 33 "-" "GPS\xE7\x8A\xB6\xE6\x80\x81 1.5.30 rv:1530 (iPhone; iOS 12.1.2; zh_CN)" "-"
117.136.86.132 - - [28/Jan/2019:03:40:19 +0800] GET /weather/weather_data_new.php?city=%E8%A5%BF%E5%AE%89 HTTP/1.1 "200" 268 "-" "GPS\xE7\x8A\xB6\xE6\x80\x81 1.5.30 rv:1530 (iPhone; iOS 12.1.2; zh_CN)" "-"
182.51.86.31 - - [28/Jan/2019:03:41:02 +0800] GET /activity.php HTTP/1.1 "200" 93 "-" "GPS\xE7\x8A\xB6\xE6\x80\x81 1.5.31 rv:1535 (iPhone; iOS 12.1.3; zh_CN)" "-"
182.51.86.31 - - [28/Jan/2019:03:41:02 +0800] GET /weather/weather_data_new.php?city=%E9%82%A2%E5%8F%B0 HTTP/1.1 "200" 294 "-" "GPS\xE7\x8A\xB6\xE6\x80\x81 1.5.31 rv:1535 (iPhone; iOS 12.1.3; zh_CN)" "-"
182.51.86.31 - - [28/Jan/2019:03:41:03 +0800] GET /vote.php?winSize=320.000000,568.000000 HTTP/1.1 "200" 1318 "-" "Mozilla/5.0 (iPhone; CPU iPhone OS 12_1_3 like Mac OS X) AppleWebKit/605.1.15 (KHTML, like Gecko) Mobile/16D39" "-"
182.51.86.31 - - [28/Jan/2019:03:41:03 +0800] GET /js/jquery.min.js HTTP/1.1 "200" 95786 "http://gps.ilvs.cn/vote.php?winSize=320.000000,568.000000" "Mozilla/5.0 (iPhone; CPU iPhone OS 12_1_3 like Mac OS X) AppleWebKit/605.1.15 (KHTML, like Gecko) Mobile/16D39" "-"
59.42.7.44 - - [28/Jan/2019:03:41:07 +0800] GET /activity.php HTTP/1.1 "200" 88 "-" "GPS\xE7\x8A\xB6\xE6\x80\x81 1.5.31 rv:1535 (iPhone; iOS 12.1.2; zh_CN)" "-"
59.42.7.44 - - [28/Jan/2019:03:41:08 +0800] GET //save_token.php?token=ae75a462%2018325f5b%20c9786570%20232a3e7e%206fa19eb1%20202d0147%20bc9f3337%20ff9b0add&os=IOS&version=12.1.2&type=iPhone9,2&city=%E5%B9%BF%E5%B7%9E&loc=%3C+22.98220075,+113.31264341%3E%20+/-%2065.00m%20(speed%20-1.00%20mps%20/%20course%20-1.00)%20@%202019/1/28%20%E4%B8%AD%E5%9B%BD%E6%A0%87%E5%87%86%E6%97%B6%E9%97%B4%2003:41:07&device_id=D84CA44E-158D-4424-AEB8-98125DBE4AAF&app_version=1.2 HTTP/1.1 "200" 33 "-" "GPS\xE7\x8A\xB6\xE6\x80\x81 1.5.31 rv:1535 (iPhone; iOS 12.1.2; zh_CN)" "-"
59.42.7.44 - - [28/Jan/2019:03:41:08 +0800] GET /weather/weather_data_new.php?city=%E5%B9%BF%E5%B7%9E HTTP/1.1 "200" 276 "-" "GPS\xE7\x8A\xB6\xE6\x80\x81 1.5.31 rv:1535 (iPhone; iOS 12.1.2; zh_CN)" "-"
81.0.31.165 - - [28/Jan/2019:03:41:20 +0800] POST /upload_track.php HTTP/1.1 "200" 33 "-" "GPS Status 1.5.31 rv:1535 (iPhone; iOS 12.1.2; en_ES)" "-"
81.0.31.165 - - [28/Jan/2019:03:41:22 +0800] POST /upload_track.php HTTP/1.1 "200" 33 "-" "GPS Status 1.5.31 rv:1535 (iPhone; iOS 12.1.2; en_ES)" "-"
81.0.31.165 - - [28/Jan/2019:03:41:30 +0800] GET //save_token.php?token=91c3c8e5%20da04c9fb%209fb1594d%20f1a0dda7%20b1560efd%202aa76e9c%2023ae4cc7%20017d7ce9&os=IOS&version=12.1.2&type=iPhone10,6&city=Almer%C3%ADa&loc=%3C+36.81779180,-2.56199553%3E%20+/-%20165.00m%20(speed%20-1.00%20mps%20/%20course%20-1.00)%20@%2027/01/2019,%2020:41:29%20Central%20European%20Standard%20Time&device_id=7C39FE76-E776-4D01-BA56-0437A8DAA328&app_version=1.2 HTTP/1.1 "200" 33 "-" "GPS Status 1.5.31 rv:1535 (iPhone; iOS 12.1.2; en_ES)" "-"
2001:470:c:829::2 - - [28/Jan/2019:03:41:31 +0800] GET //weather/weather_data_open.php?city=Almer%C3%ADa HTTP/1.0 "200" 0 "-" "-" "-"
81.0.31.165 - - [28/Jan/2019:03:41:31 +0800] GET /weather/weather_data_new.php?city=Almer%C3%ADa HTTP/1.1 "200" 31 "-" "GPS Status 1.5.31 rv:1535 (iPhone; iOS 12.1.2; en_ES)" "-"
81.0.31.165 - - [28/Jan/2019:03:41:37 +0800] GET /activity.php HTTP/1.1 "200" 88 "-" "GPS Status 1.5.31 rv:1535 (iPhone; iOS 12.1.2; en_ES)" "-"
240e:a6:b410:2400:3163:bef7:cad7:44f3 - - [28/Jan/2019:03:41:51 +0800] GET /activity.php HTTP/1.1 "200" 82 "-" "GPS\xE7\x8A\xB6\xE6\x80\x81 1.5.31 rv:1535 (iPhone; iOS 12.1.2; zh_CN)" "-"
180.136.52.169 - - [28/Jan/2019:03:41:53 +0800] POST /user_login.php HTTP/1.1 "200" 602 "-" "GPS\xE7\x8A\xB6\xE6\x80\x81 1.5.31 rv:1535 (iPhone; iOS 12.1.2; zh_CN)" "-"
182.214.90.32 - - [28/Jan/2019:03:42:29 +0800] GET /activity.php HTTP/1.1 "200" 82 "-" "GPS \xEC\x83\x81\xED\x83\x9C 1.5.31 rv:1535 (iPhone; iOS 12.1.2; ko-Kore_JP)" "-"
182.214.90.32 - - [28/Jan/2019:03:42:38 +0800] GET //save_token.php?token=57b56754%207385825d%204cb6a062%20bb1e0366%20ada5129e%20383499f1%2045f5e44d%2047adb0d7&os=IOS&version=12.1.2&type=iPhone10,4&city=%EC%97%B0%EC%B2%9C%EA%B5%B0&loc=%3C+38.03139866,+127.05928064%3E%20+/-%2065.00m%20(speed%20-1.00%20mps%20/%20course%20-1.00)%20@%202019.%201.%2028.%20%EC%98%A4%EC%A0%84%204%EC%8B%9C%2042%EB%B6%84%2038%EC%B4%88%20%EB%8C%80%ED%95%9C%EB%AF%BC%EA%B5%AD%20%ED%91%9C%EC%A4%80%EC%8B%9C&device_id=AC2140D1-0A0D-45A7-950F-F7BA20DFB0B3&app_version=1.2 HTTP/1.1 "200" 33 "-" "GPS \xEC\x83\x81\xED\x83\x9C 1.5.31 rv:1535 (iPhone; iOS 12.1.2; ko-Kore_JP)" "-"
2001:470:c:829::2 - - [28/Jan/2019:03:42:40 +0800] GET //weather/weather_data_open.php?city=%EC%97%B0%EC%B2%9C%EA%B5%B0 HTTP/1.0 "200" 0 "-" "-" "-"
182.214.90.32 - - [28/Jan/2019:03:42:40 +0800] GET /weather/weather_data_new.php?city=%EC%97%B0%EC%B2%9C%EA%B5%B0 HTTP/1.1 "200" 31 "-" "GPS \xEC\x83\x81\xED\x83\x9C 1.5.31 rv:1535 (iPhone; iOS 12.1.2; ko-Kore_JP)" "-"
240e:a6:b410:2400:3163:bef7:cad7:44f3 - - [28/Jan/2019:03:42:44 +0800] GET //save_token.php?token=057b624b%20f53631dc%20085a520c%2069d22542%20167f740e%208c484f09%20cc482f94%20919da66f&os=IOS&version=12.1.2&type=iPhone8,1&city=&loc=(null)&device_id=6A8C9C37-3762-4CDC-A18B-40D6E0E1449A&app_version=1.2 HTTP/1.1 "200" 31 "-" "GPS\xE7\x8A\xB6\xE6\x80\x81 1.5.31 rv:1535 (iPhone; iOS 12.1.2; zh_CN)" "-"
2001:470:c:829::2 - - [28/Jan/2019:03:42:45 +0800] GET //weather/weather_data_open.php?city= HTTP/1.0 "200" 0 "-" "-" "-"
180.136.52.169 - - [28/Jan/2019:03:42:45 +0800] GET /weather/weather_data_new.php?city= HTTP/1.1 "200" 31 "-" "GPS\xE7\x8A\xB6\xE6\x80\x81 1.5.31 rv:1535 (iPhone; iOS 12.1.2; zh_CN)" "-"
179.7.53.137 - - [28/Jan/2019:03:42:46 +0800] GET /activity.php HTTP/1.1 "200" 88 "-" "GPS Status 1.5.31 rv:1535 (iPhone; iOS 12.1.2; en_PE)" "-"
179.7.53.137 - - [28/Jan/2019:03:43:48 +0800] GET /activity.php HTTP/1.1 "200" 88 "-" "GPS Status 1.5.31 rv:1535 (iPhone; iOS 12.1.2; en_PE)" "-"
179.7.53.137 - - [28/Jan/2019:03:43:53 +0800] POST /upload_track.php HTTP/1.1 "200" 33 "-" "GPS Status 1.5.31 rv:1535 (iPhone; iOS 12.1.2; en_PE)" "-"
49.118.142.3 - - [28/Jan/2019:03:44:13 +0800] GET /activity.php HTTP/1.1 "200" 88 "-" "GPS\xE7\x8A\xB6\xE6\x80\x81 1.5.31 rv:1535 (iPhone; iOS 12.1.2; zh_CN)" "-"
49.118.142.3 - - [28/Jan/2019:03:44:14 +0800] GET //save_token.php?token=8aab483f%20abfdff92%20301efadd%20559f7d00%20fb89c748%207b9483cb%20e31c8b06%207c64f14e&os=IOS&version=12.1.2&type=iPhone10,2&city=%E4%B9%8C%E9%B2%81%E6%9C%A8%E9%BD%90&loc=%3C+43.89851805,+87.60380959%3E%20+/-%2065.00m%20(speed%20-1.00%20mps%20/%20course%20-1.00)%20@%202019/1/28%20%E4%B8%AD%E5%9B%BD%E6%A0%87%E5%87%86%E6%97%B6%E9%97%B4%2003:44:14&device_id=AD2EB9B0-F7C9-4795-8EA5-8564BEB76288&app_version=1.2 HTTP/1.1 "200" 33 "-" "GPS\xE7\x8A\xB6\xE6\x80\x81 1.5.31 rv:1535 (iPhone; iOS 12.1.2; zh_CN)" "-"
49.118.142.3 - - [28/Jan/2019:03:44:14 +0800] GET /weather/weather_data_new.php?city=%E4%B9%8C%E9%B2%81%E6%9C%A8%E9%BD%90 HTTP/1.1 "200" 273 "-" "GPS\xE7\x8A\xB6\xE6\x80\x81 1.5.31 rv:1535 (iPhone; iOS 12.1.2; zh_CN)" "-"
2001:470:c:829::2 - - [28/Jan/2019:03:44:28 +0800] GET //weather/weather_data_open.php?city=%EC%97%B0%EC%B2%9C%EA%B5%B0 HTTP/1.0 "200" 0 "-" "-" "-"
182.214.90.32 - - [28/Jan/2019:03:44:28 +0800] GET /weather/weather_data_new.php?city=%EC%97%B0%EC%B2%9C%EA%B5%B0 HTTP/1.1 "200" 31 "-" "GPS \xEC\x83\x81\xED\x83\x9C 1.5.31 rv:1535 (iPhone; iOS 12.1.2; ko-Kore_JP)" "-"
2001:470:c:829::2 - - [28/Jan/2019:03:44:33 +0800] GET //weather/weather_data_open.php?city=%EC%97%B0%EC%B2%9C%EA%B5%B0 HTTP/1.0 "200" 0 "-" "-" "-"
182.214.90.32 - - [28/Jan/2019:03:44:33 +0800] GET /weather/weather_data_new.php?city=%EC%97%B0%EC%B2%9C%EA%B5%B0 HTTP/1.1 "200" 31 "-" "GPS \xEC\x83\x81\xED\x83\x9C 1.5.31 rv:1535 (iPhone; iOS 12.1.2; ko-Kore_JP)" "-"
186.11.5.195 - - [28/Jan/2019:03:44:34 +0800] GET /activity.php HTTP/1.1 "200" 88 "-" "GPS Status 1.5.31 rv:1535 (iPhone; iOS 11.4.1; es_CL)" "-"
2001:470:c:829::2 - - [28/Jan/2019:03:44:37 +0800] GET //weather/weather_data_open.php?city=Colb%C3%BAn HTTP/1.0 "200" 0 "-" "-" "-"
186.11.5.195 - - [28/Jan/2019:03:44:37 +0800] GET /weather/weather_data_new.php?city=Colb%C3%BAn HTTP/1.1 "200" 31 "-" "GPS Status 1.5.31 rv:1535 (iPhone; iOS 11.4.1; es_CL)" "-"
190.113.214.227 - - [28/Jan/2019:03:44:44 +0800] GET /activity.php HTTP/1.1 "200" 88 "-" "GPS\xE7\x8A\xB6\xE6\x80\x81 1.5.30 rv:1530 (iPhone; iOS 12.0.1; zh_CN)" "-"
190.113.214.227 - - [28/Jan/2019:03:44:45 +0800] GET //save_token.php?token=b2983623%20a5200e9c%20cf1a5685%20b0eae2f1%206e68b821%20bbc76891%200f73a4ca%20e2e445e4&os=IOS&version=12.0.1&type=iPhone11,8&city=%E5%BA%93%E6%96%AF%E7%A7%91%E7%9C%81&loc=%3C-13.15609825,-72.52396665%3E%20+/-%20146.75m%20(speed%20-1.00%20mps%20/%20course%20-1.00)%20@%202019/1/27%20%E7%A7%98%E9%B2%81%E6%A0%87%E5%87%86%E6%97%B6%E9%97%B4%2014:44:43&device_id=5DCDF087-77FE-42ED-A5F0-B3280FFCC35F&app_version=1.2 HTTP/1.1 "200" 33 "-" "GPS\xE7\x8A\xB6\xE6\x80\x81 1.5.30 rv:1530 (iPhone; iOS 12.0.1; zh_CN)" "-"
2001:470:c:829::2 - - [28/Jan/2019:03:44:46 +0800] GET //weather/weather_data_open.php?city=%E5%BA%93%E6%96%AF%E7%A7%91%E7%9C%81 HTTP/1.0 "200" 0 "-" "-" "-"
190.113.214.227 - - [28/Jan/2019:03:44:46 +0800] GET /weather/weather_data_new.php?city=%E5%BA%93%E6%96%AF%E7%A7%91%E7%9C%81 HTTP/1.1 "200" 31 "-" "GPS\xE7\x8A\xB6\xE6\x80\x81 1.5.30 rv:1530 (iPhone; iOS 12.0.1; zh_CN)" "-"
186.11.5.195 - - [28/Jan/2019:03:44:54 +0800] GET /activity.php HTTP/1.1 "200" 88 "-" "GPS Status 1.5.31 rv:1535 (iPhone; iOS 11.4.1; es_CL)" "-"
186.11.5.195 - - [28/Jan/2019:03:45:32 +0800] GET /activity.php HTTP/1.1 "200" 88 "-" "GPS Status 1.5.31 rv:1535 (iPhone; iOS 11.4.1; es_CL)" "-"
186.11.5.195 - - [28/Jan/2019:03:46:00 +0800] GET /activity.php HTTP/1.1 "200" 88 "-" "GPS Status 1.5.31 rv:1535 (iPhone; iOS 11.4.1; es_CL)" "-"
186.11.5.195 - - [28/Jan/2019:03:46:41 +0800] GET /activity.php HTTP/1.1 "200" 88 "-" "GPS Status 1.5.31 rv:1535 (iPhone; iOS 11.4.1; es_CL)" "-"
182.214.90.32 - - [28/Jan/2019:03:46:43 +0800] GET /activity.php HTTP/1.1 "200" 88 "-" "GPS \xEC\x83\x81\xED\x83\x9C 1.5.31 rv:1535 (iPhone; iOS 12.1.2; ko-Kore_JP)" "-"
182.214.90.32 - - [28/Jan/2019:03:46:44 +0800] GET //save_token.php?token=57b56754%207385825d%204cb6a062%20bb1e0366%20ada5129e%20383499f1%2045f5e44d%2047adb0d7&os=IOS&version=12.1.2&type=iPhone10,4&city=%EC%97%B0%EC%B2%9C%EA%B5%B0&loc=%3C+38.03135210,+127.05927389%3E%20+/-%2065.00m%20(speed%20-1.00%20mps%20/%20course%20-1.00)%20@%202019.%201.%2028.%20%EC%98%A4%EC%A0%84%204%EC%8B%9C%2046%EB%B6%84%2044%EC%B4%88%20%EB%8C%80%ED%95%9C%EB%AF%BC%EA%B5%AD%20%ED%91%9C%EC%A4%80%EC%8B%9C&device_id=AC2140D1-0A0D-45A7-950F-F7BA20DFB0B3&app_version=1.2 HTTP/1.1 "200" 33 "-" "GPS \xEC\x83\x81\xED\x83\x9C 1.5.31 rv:1535 (iPhone; iOS 12.1.2; ko-Kore_JP)" "-"
2001:470:c:829::2 - - [28/Jan/2019:03:46:46 +0800] GET //weather/weather_data_open.php?city=%EC%97%B0%EC%B2%9C%EA%B5%B0 HTTP/1.0 "200" 0 "-" "-" "-"
182.214.90.32 - - [28/Jan/2019:03:46:46 +0800] GET /weather/weather_data_new.php?city=%EC%97%B0%EC%B2%9C%EA%B5%B0 HTTP/1.1 "200" 31 "-" "GPS \xEC\x83\x81\xED\x83\x9C 1.5.31 rv:1535 (iPhone; iOS 12.1.2; ko-Kore_JP)" "-"
186.11.5.195 - - [28/Jan/2019:03:47:12 +0800] GET /activity.php HTTP/1.1 "200" 88 "-" "GPS Status 1.5.31 rv:1535 (iPhone; iOS 11.4.1; es_CL)" "-"
2804:431:f700:d866:f13b:2b39:b246:2e34 - - [28/Jan/2019:03:48:12 +0800] GET /activity.php HTTP/1.1 "200" 82 "-" "GPS Status 1.5.31 rv:1535 (iPhone; iOS 12.1.2; en_BR)" "-"
2804:431:f700:d866:f13b:2b39:b246:2e34 - - [28/Jan/2019:03:48:22 +0800] GET //save_token.php?token=cfc013de%20f7532f2e%200e1509fa%20df7debb5%208248d78f%20a0dafbf7%20113409d3%20fb11140f&os=IOS&version=12.1.2&type=iPhone9,3&city=S%C3%A3o%20Paulo&loc=%3C-23.47161961,-46.69729255%3E%20+/-%2065.00m%20(speed%20-1.00%20mps%20/%20course%20-1.00)%20@%2027/01/19%2017:48:21%20Brasilia%20Summer%20Time&device_id=20211185-E0CE-48C2-8717-372FF03EF432&app_version=1.2 HTTP/1.1 "200" 33 "-" "GPS Status 1.5.31 rv:1535 (iPhone; iOS 12.1.2; en_BR)" "-"
2001:470:c:829::2 - - [28/Jan/2019:03:48:24 +0800] GET //weather/weather_data_open.php?city=S%C3%A3o+Paulo HTTP/1.0 "200" 0 "-" "-" "-"
2804:431:f700:d866:f13b:2b39:b246:2e34 - - [28/Jan/2019:03:48:24 +0800] GET /weather/weather_data_new.php?city=S%C3%A3o%20Paulo HTTP/1.1 "200" 31 "-" "GPS Status 1.5.31 rv:1535 (iPhone; iOS 12.1.2; en_BR)" "-"
177.79.29.239 - - [28/Jan/2019:03:48:46 +0800] GET /activity.php HTTP/1.1 "200" 88 "-" "GPS Status 1.5.31 rv:1535 (iPhone; iOS 12.1.2; en_BR)" "-"
177.79.29.239 - - [28/Jan/2019:03:48:53 +0800] GET //save_token.php?token=5c1637c7%20f0f2905f%204a5253a1%20455403f5%2020061474%207a6e1105%20648d3166%207d72d130&os=IOS&version=12.1.2&type=iPhone10,5&city=Bras%C3%ADlia&loc=%3C-15.59523300,-47.60440210%3E%20+/-%2012.00m%20(speed%200.00%20mps%20/%20course%20-1.00)%20@%2027/01/19%2017:48:53%20Brasilia%20Summer%20Time&device_id=6C2B1DBF-2A23-4111-A319-F5BA84B6FFFB&app_version=1.2 HTTP/1.1 "200" 33 "-" "GPS Status 1.5.31 rv:1535 (iPhone; iOS 12.1.2; en_BR)" "-"
2001:470:c:829::2 - - [28/Jan/2019:03:48:55 +0800] GET //weather/weather_data_open.php?city=Bras%C3%ADlia HTTP/1.0 "200" 0 "-" "-" "-"
177.79.78.10 - - [28/Jan/2019:03:48:55 +0800] GET /weather/weather_data_new.php?city=Bras%C3%ADlia HTTP/1.1 "200" 31 "-" "GPS Status 1.5.31 rv:1535 (iPhone; iOS 12.1.2; en_BR)" "-"
181.43.163.135 - - [28/Jan/2019:03:49:12 +0800] GET /activity.php HTTP/1.1 "200" 88 "-" "GPS Status 1.5.31 rv:1535 (iPhone; iOS 11.4.1; es_CL)" "-"
181.43.163.135 - - [28/Jan/2019:03:49:15 +0800] GET //save_token.php?token=319e66bc%20b07f2f71%200fa60323%20555dacd4%204a64082f%20ba4e11f0%208a379c45%20c596d0b0&os=IOS&version=11.4.1&type=iPhone7,2&city=Colb%C3%BAn&loc=%3C-35.69886879,-71.40831418%3E%20+/-%2065.00m%20(speed%20-1.00%20mps%20/%20course%20-1.00)%20@%2027-01-19%2016:49:13%20hora%20de%20verano%20de%20Chile&device_id=91C0FF0A-01AD-41BD-8874-029E83D4436B&app_version=1.2 HTTP/1.1 "200" 33 "-" "GPS Status 1.5.31 rv:1535 (iPhone; iOS 11.4.1; es_CL)" "-"
2001:470:c:829::2 - - [28/Jan/2019:03:49:16 +0800] GET //weather/weather_data_open.php?city=Colb%C3%BAn HTTP/1.0 "200" 0 "-" "-" "-"
181.43.163.135 - - [28/Jan/2019:03:49:16 +0800] GET /weather/weather_data_new.php?city=Colb%C3%BAn HTTP/1.1 "200" 31 "-" "GPS Status 1.5.31 rv:1535 (iPhone; iOS 11.4.1; es_CL)" "-"
101.132.98.159 - - [28/Jan/2019:03:49:38 +0800] GET /activity.php HTTP/1.1 "200" 71 "-" "Sogou web spider /4.0(+http://www.sogou.com/docs/help/webmasters.htm#07)" "-"
112.242.175.0 - - [28/Jan/2019:03:49:56 +0800] GET //save_token.php?token=0493fcee%2048c46c47%2050a5eb05%20d9029ed7%20d82cf2f6%20165fc68b%201e231f32%2085fd4c0a&os=IOS&version=12.1.3&type=iPhone11,6&city=%E5%BE%B7%E5%B7%9E&loc=%3C+36.94279302,+116.64988710%3E%20+/-%2065.00m%20(speed%20-1.00%20mps%20/%20course%20-1.00)%20@%202019/1/28%20%E4%B8%AD%E5%9B%BD%E6%A0%87%E5%87%86%E6%97%B6%E9%97%B4%20%E4%B8%8A%E5%8D%883:49:55&device_id=d4f09ff52d19aaff9e82229ea349b2038d73b0c6&app_version=1.2 HTTP/1.1 "200" 33 "-" "GPS\xE7\x8A\xB6\xE6\x80\x81 1.5.31 rv:1535 (iPhone; iOS 12.1.3; zh_CN)" "-"
112.242.175.0 - - [28/Jan/2019:03:49:56 +0800] GET /weather/weather_data_new.php?city=%E5%BE%B7%E5%B7%9E HTTP/1.1 "200" 276 "-" "GPS\xE7\x8A\xB6\xE6\x80\x81 1.5.31 rv:1535 (iPhone; iOS 12.1.3; zh_CN)" "-"
113.139.212.212 - - [28/Jan/2019:03:50:18 +0800] GET /weather/weather_data_new.php?city=%E8%A5%BF%E5%AE%89 HTTP/1.1 "200" 268 "-" "GPS\xE7\x8A\xB6\xE6\x80\x81 1.5.31 rv:1535 (iPhone; iOS 12.1.2; zh_CN)" "-"
113.139.212.212 - - [28/Jan/2019:03:50:18 +0800] GET //save_token.php?token=fc7ef8d4%209a2cff0d%2077c5b4c8%202235dc89%20e765c009%20039e9e8e%203cc41d11%2015c345a9&os=IOS&version=12.1.2&type=iPhone8,1&city=%E8%A5%BF%E5%AE%89&loc=%3C+34.31974048,+108.93314842%3E%20+/-%2065.00m%20(speed%20-1.00%20mps%20/%20course%20-1.00)%20@%202019/1/28%20%E4%B8%AD%E5%9B%BD%E6%A0%87%E5%87%86%E6%97%B6%E9%97%B4%20%E4%B8%8A%E5%8D%883:50:17&device_id=5160D68B-13EE-4BDA-9FE1-0BD8B35B29AA&app_version=1.2 HTTP/1.1 "200" 33 "-" "GPS\xE7\x8A\xB6\xE6\x80\x81 1.5.31 rv:1535 (iPhone; iOS 12.1.2; zh_CN)" "-"
2001:470:c:829::2 - - [28/Jan/2019:03:50:19 +0800] GET //weather/weather_data_open.php?city= HTTP/1.0 "200" 0 "-" "-" "-"
101.132.126.80 - - [28/Jan/2019:03:50:19 +0800] GET /weather/weather_data_new.php HTTP/1.1 "200" 5 "-" "Sogou web spider /4.0(+http://www.sogou.com/docs/help/webmasters.htm#07)" "-"
113.139.212.212 - - [28/Jan/2019:03:50:59 +0800] GET /weather/weather_data_new.php?city=%E8%A5%BF%E5%AE%89 HTTP/1.1 "200" 268 "-" "GPS\xE7\x8A\xB6\xE6\x80\x81 1.5.31 rv:1535 (iPhone; iOS 12.1.2; zh_CN)" "-"
113.139.212.212 - - [28/Jan/2019:03:51:04 +0800] GET /weather/weather_data_new.php?city=%E8%A5%BF%E5%AE%89 HTTP/1.1 "200" 269 "-" "GPS\xE7\x8A\xB6\xE6\x80\x81 1.5.31 rv:1535 (iPhone; iOS 12.1.2; zh_CN)" "-"
179.35.3.126 - - [28/Jan/2019:03:51:23 +0800] GET /activity.php HTTP/1.1 "200" 93 "-" "GPS Status 1.5.31 rv:1535 (iPhone; iOS 12.1.2; en_BR)" "-"
