88.21.201.213 - - [28/Jan/2019:01:18:33 +0800] GET //save_token.php?token=0489970f%2080a17dc0%20894f2963%20ba869d4a%20dfc639bf%2094fed882%20369aff1d%202276a359&os=IOS&version=12.1.2&type=iPhone9,3&city=Barcelona&loc=%3C+41.42176460,+2.15661320%3E%20+/-%20263.76m%20(speed%20-1.00%20mps%20/%20course%20-1.00)%20@%2027/01/2019,%2018:18:31%20Central%20European%20Standard%20Time&device_id=18FCDCFD-41E8-493B-87D3-C2599646F023&app_version=1.2 HTTP/1.1 "200" 33 "-" "GPS Status 1.5.31 rv:1535 (iPhone; iOS 12.1.2; en_ES)" "-"
88.21.201.213 - - [28/Jan/2019:01:18:33 +0800] GET /vote.php?winSize=375.000000,667.000000 HTTP/1.1 "200" 1318 "-" "Mozilla/5.0 (iPhone; CPU iPhone OS 12_1_2 like Mac OS X) AppleWebKit/605.1.15 (KHTML, like Gecko) Mobile/16C101" "-"
2001:470:c:829::2 - - [28/Jan/2019:01:18:33 +0800] GET //weather/weather_data_open.php?city=Barcelona HTTP/1.0 "200" 1895 "-" "-" "-"
88.21.201.213 - - [28/Jan/2019:01:18:33 +0800] GET /weather/weather_data_new.php?city=Barcelona HTTP/1.1 "200" 683 "-" "GPS Status 1.5.31 rv:1535 (iPhone; iOS 12.1.2; en_ES)" "-"
88.21.201.213 - - [28/Jan/2019:01:18:34 +0800] GET /js/jquery.min.js HTTP/1.1 "200" 95786 "http://gps.ilvs.cn/vote.php?winSize=375.000000,667.000000" "Mozilla/5.0 (iPhone; CPU iPhone OS 12_1_2 like Mac OS X) AppleWebKit/605.1.15 (KHTML, like Gecko) Mobile/16C101" "-"
2409:8955:3298:2a4a:8cd:14de:c76b:9384 - - [28/Jan/2019:01:18:49 +0800] GET /activity.php HTTP/1.1 "200" 88 "-" "GPS\xE7\x8A\xB6\xE6\x80\x81 1.5.31 rv:1535 (iPhone; iOS 12.2; zh_CN)" "-"
188.146.15.153 - - [28/Jan/2019:01:18:50 +0800] GET /activity.php HTTP/1.1 "200" 88 "-" "GPS Status 1.5.31 rv:1535 (iPhone; iOS 12.1.3; en_PL)" "-"
2001:470:c:829::2 - - [28/Jan/2019:01:18:50 +0800] GET //weather/weather_data_open.php?city=%E6%B7%B1%E5%9C%B3 HTTP/1.0 "200" 1884 "-" "-" "-"
2409:8955:3298:2a4a:8cd:14de:c76b:9384 - - [28/Jan/2019:01:18:50 +0800] GET /weather/weather_data_new.php?city=%E6%B7%B1%E5%9C%B3 HTTP/1.1 "200" 695 "-" "GPS\xE7\x8A\xB6\xE6\x80\x81 1.5.31 rv:1535 (iPhone; iOS 12.2; zh_CN)" "-"
2001:470:c:829::2 - - [28/Jan/2019:01:18:51 +0800] GET //weather/weather_data_open.php?city=Ruda+%C5%9Al%C4%85ska HTTP/1.0 "200" 0 "-" "-" "-"
188.146.15.153 - - [28/Jan/2019:01:18:51 +0800] GET /weather/weather_data_new.php?city=Ruda%20%C5%9Al%C4%85ska HTTP/1.1 "200" 31 "-" "GPS Status 1.5.31 rv:1535 (iPhone; iOS 12.1.3; en_PL)" "-"
2409:8955:3298:2a4a:8cd:14de:c76b:9384 - - [28/Jan/2019:01:19:04 +0800] POST /upload_track.php HTTP/1.1 "200" 33 "-" "GPS\xE7\x8A\xB6\xE6\x80\x81 1.5.31 rv:1535 (iPhone; iOS 12.2; zh_CN)" "-"
2001:470:c:829::2 - - [28/Jan/2019:01:19:04 +0800] GET //weather/weather_data_open.php?city=Guarulhos HTTP/1.0 "200" 1922 "-" "-" "-"
2804:18:60:2d12:9140:3b69:9888:c236 - - [28/Jan/2019:01:19:04 +0800] GET /weather/weather_data_new.php?city=Guarulhos HTTP/1.1 "200" 678 "-" "GPS Status 1.5.23 rv:1523 (iPhone; iOS 12.1.2; en_BR)" "-"
124.121.210.148 - - [28/Jan/2019:01:19:56 +0800] GET /activity.php HTTP/1.1 "200" 75 "-" "GPS Status 1.5.30 rv:1530 (iPhone; iOS 12.1.2; en_TH)" "-"
222.217.213.205 - - [28/Jan/2019:01:20:20 +0800] GET /weather/weather_data_new.php?city=%E6%A2%A7%E5%B7%9E HTTP/1.1 "200" 722 "-" "GPS\xE7\x8A\xB6\xE6\x80\x81 1.5.31 rv:1535 (iPhone; iOS 11.4.1; zh_CN)" "-"
46.221.253.44 - - [28/Jan/2019:01:20:50 +0800] GET /activity.php HTTP/1.1 "200" 88 "-" "GPS Status 1.5.31 rv:1535 (iPhone; iOS 12.1.2; en_TR)" "-"
46.221.253.44 - - [28/Jan/2019:01:20:50 +0800] GET //save_token.php?token=f43a5d4a%202a2c17bb%20623dd133%2020ce3bb0%202d6a7ddc%20ff463adc%205c5ffdb9%2063ed20dd&os=IOS&version=12.1.2&type=iPhone8,1&city=Silopi&loc=%3C+37.24792096,+42.46149401%3E%20+/-%2065.00m%20(speed%20-1.00%20mps%20/%20course%20-1.00)%20@%2027.01.2019%2020:20:42%20GMT+03:00&device_id=FB2AACD0-CF8C-45AA-BCDF-B5318AD02A68&app_version=1.2 HTTP/1.1 "200" 33 "-" "GPS Status 1.5.31 rv:1535 (iPhone; iOS 12.1.2; en_TR)" "-"
2001:470:c:829::2 - - [28/Jan/2019:01:20:51 +0800] GET //weather/weather_data_open.php?city=Silopi HTTP/1.0 "200" 1955 "-" "-" "-"
46.221.253.44 - - [28/Jan/2019:01:20:51 +0800] GET /weather/weather_data_new.php?city=Silopi HTTP/1.1 "200" 743 "-" "GPS Status 1.5.31 rv:1535 (iPhone; iOS 12.1.2; en_TR)" "-"
221.13.78.23 - - [28/Jan/2019:01:21:31 +0800] GET /activity.php HTTP/1.1 "200" 88 "-" "GPS\xE7\x8A\xB6\xE6\x80\x81 1.5.31 rv:1535 (iPhone; iOS 12.1.2; zh_CN)" "-"
119.4.252.137 - - [28/Jan/2019:01:22:20 +0800] GET /activity.php HTTP/1.1 "200" 88 "-" "GPS\xE7\x8A\xB6\xE6\x80\x81 1.5.31 rv:1535 (iPhone; iOS 12.1.2; zh_CN)" "-"
203.93.166.183 - - [28/Jan/2019:01:22:22 +0800] GET /activity.php HTTP/1.1 "200" 88 "-" "GPS\xE7\x8A\xB6\xE6\x80\x81 1.5.31 rv:1535 (iPhone; iOS 12.1.1; zh_CN)" "-"
119.4.252.137 - - [28/Jan/2019:01:22:23 +0800] GET //save_token.php?token=3314e2fe%20a9136d91%2065cd4b10%20fed7a88a%20d7940728%20846818b8%202f93644e%20137224d6&os=IOS&version=12.1.2&type=iPhone11,6&city=%E4%B8%BD%E6%B1%9F&loc=%3C+26.87293112,+100.23823733%3E%20+/-%2061.32m%20(speed%200.90%20mps%20/%20course%2023.74)%20@%202019/1/28%20%E4%B8%AD%E5%9B%BD%E6%A0%87%E5%87%86%E6%97%B6%E9%97%B4%2001:22:22&device_id=034CC4BD-9998-4D5E-9553-2DA98F5C2513&app_version=1.2 HTTP/1.1 "200" 33 "-" "GPS\xE7\x8A\xB6\xE6\x80\x81 1.5.31 rv:1535 (iPhone; iOS 12.1.2; zh_CN)" "-"
119.4.252.137 - - [28/Jan/2019:01:22:23 +0800] GET /weather/weather_data_new.php?city=%E4%B8%BD%E6%B1%9F HTTP/1.1 "200" 281 "-" "GPS\xE7\x8A\xB6\xE6\x80\x81 1.5.31 rv:1535 (iPhone; iOS 12.1.2; zh_CN)" "-"
203.93.166.183 - - [28/Jan/2019:01:22:31 +0800] GET //save_token.php?token=67b4242c%200df8c070%2055016346%20e7da217f%200e160ab6%200a9c6953%20dd849ecf%2042b58545&os=IOS&version=12.1.1&type=iPhone6,1&city=%E9%93%B6%E5%B7%9D&loc=%3C+38.48951806,+106.10190103%3E%20+/-%2050.00m%20(speed%200.00%20mps%20/%20course%20-1.00)%20@%202019/1/28%20%E4%B8%AD%E5%9B%BD%E6%A0%87%E5%87%86%E6%97%B6%E9%97%B4%20%E4%B8%8A%E5%8D%881:22:17&device_id=80533E31-AEFD-4EBB-A907-B579DE6E3F75&app_version=1.2 HTTP/1.1 "200" 33 "-" "GPS\xE7\x8A\xB6\xE6\x80\x81 1.5.31 rv:1535 (iPhone; iOS 12.1.1; zh_CN)" "-"
203.93.166.183 - - [28/Jan/2019:01:22:31 +0800] GET /weather/weather_data_new.php?city=%E9%93%B6%E5%B7%9D HTTP/1.1 "200" 284 "-" "GPS\xE7\x8A\xB6\xE6\x80\x81 1.5.31 rv:1535 (iPhone; iOS 12.1.1; zh_CN)" "-"
117.136.67.3 - - [28/Jan/2019:01:22:41 +0800] GET /activity.php HTTP/1.1 "200" 88 "-" "GPS\xE7\x8A\xB6\xE6\x80\x81 1.5.31 rv:1535 (iPhone; iOS 12.1.2; zh_CN)" "-"
117.136.67.3 - - [28/Jan/2019:01:22:43 +0800] GET /weather/weather_data_new.php?city=%E5%AE%89%E5%BA%86 HTTP/1.1 "200" 269 "-" "GPS\xE7\x8A\xB6\xE6\x80\x81 1.5.31 rv:1535 (iPhone; iOS 12.1.2; zh_CN)" "-"
203.93.166.183 - - [28/Jan/2019:01:22:59 +0800] GET /activity.php HTTP/1.1 "200" 88 "-" "GPS\xE7\x8A\xB6\xE6\x80\x81 1.5.31 rv:1535 (iPhone; iOS 12.1.1; zh_CN)" "-"
112.96.119.116 - - [28/Jan/2019:01:23:33 +0800] GET /activity.php HTTP/1.1 "200" 88 "-" "GPS\xE7\x8A\xB6\xE6\x80\x81 1.5.30 rv:1530 (iPhone; iOS 10.3.3; zh_CN)" "-"
112.96.119.116 - - [28/Jan/2019:01:23:34 +0800] GET //save_token.php?token=de04241d%201bb81655%20f458dcbe%20925902e8%20bcedf523%20c0fd8128%202707eb98%20cfe452e3&os=IOS&version=10.3.3&type=iPhone8,4&city=%E6%B1%9F%E9%97%A8&loc=%3C+22.60222706,+113.14350487%3E%20+/-%2065.00m%20(speed%20-1.00%20mps%20/%20course%20-1.00)%20@%202019/1/28%20%E4%B8%AD%E5%9B%BD%E6%A0%87%E5%87%86%E6%97%B6%E9%97%B4%2001:23:33&device_id=C94470D1-17D2-4C06-B2A1-8918FD036769&app_version=1.2 HTTP/1.1 "200" 33 "-" "GPS\xE7\x8A\xB6\xE6\x80\x81 1.5.30 rv:1530 (iPhone; iOS 10.3.3; zh_CN)" "-"
112.96.119.116 - - [28/Jan/2019:01:23:34 +0800] GET /weather/weather_data_new.php?city=%E6%B1%9F%E9%97%A8 HTTP/1.1 "200" 266 "-" "GPS\xE7\x8A\xB6\xE6\x80\x81 1.5.30 rv:1530 (iPhone; iOS 10.3.3; zh_CN)" "-"
221.13.78.23 - - [28/Jan/2019:01:24:11 +0800] GET /activity.php HTTP/1.1 "200" 88 "-" "GPS\xE7\x8A\xB6\xE6\x80\x81 1.5.31 rv:1535 (iPhone; iOS 12.1.2; zh_CN)" "-"
2001:470:c:829::2 - - [28/Jan/2019:01:24:17 +0800] GET //weather/weather_data_open.php?city=%E7%94%98%E5%AD%9C%E8%97%8F%E6%97%8F%E8%87%AA%E6%B2%BB%E5%B7%9E HTTP/1.0 "200" 0 "-" "-" "-"
221.13.78.23 - - [28/Jan/2019:01:24:17 +0800] GET /weather/weather_data_new.php?city=%E7%94%98%E5%AD%9C%E8%97%8F%E6%97%8F%E8%87%AA%E6%B2%BB%E5%B7%9E HTTP/1.1 "200" 31 "-" "GPS\xE7\x8A\xB6\xE6\x80\x81 1.5.31 rv:1535 (iPhone; iOS 12.1.2; zh_CN)" "-"
61.158.152.96 - - [28/Jan/2019:01:24:24 +0800] GET /activity.php HTTP/1.1 "200" 88 "-" "GPS\xE7\x8A\xB6\xE6\x80\x81 1.5.31 rv:1535 (iPhone; iOS 12.1.2; zh_CN)" "-"
61.158.152.96 - - [28/Jan/2019:01:24:29 +0800] GET //save_token.php?token=b969f483%208a3e6b44%20c59319a0%2070c043ab%20e9df1aa7%206df32273%20972594fc%2099d590ac&os=IOS&version=12.1.2&type=iPhone10,2&city=%E6%9D%AD%E5%B7%9E&loc=%3C+30.38650999,+120.13694935%3E%20+/-%202000.00m%20(speed%20-1.00%20mps%20/%20course%20-1.00)%20@%202019/1/28%20%E4%B8%AD%E5%9B%BD%E6%A0%87%E5%87%86%E6%97%B6%E9%97%B4%20%E4%B8%8A%E5%8D%881:24:27&device_id=C163567A-BB71-402C-A531-E182C82ED226&app_version=1.2 HTTP/1.1 "200" 33 "-" "GPS\xE7\x8A\xB6\xE6\x80\x81 1.5.31 rv:1535 (iPhone; iOS 12.1.2; zh_CN)" "-"
61.158.152.96 - - [28/Jan/2019:01:24:29 +0800] GET /weather/weather_data_new.php?city=%E6%9D%AD%E5%B7%9E HTTP/1.1 "200" 291 "-" "GPS\xE7\x8A\xB6\xE6\x80\x81 1.5.31 rv:1535 (iPhone; iOS 12.1.2; zh_CN)" "-"
222.217.213.205 - - [28/Jan/2019:01:24:44 +0800] GET /weather/weather_data_new.php?city=%E6%A2%A7%E5%B7%9E HTTP/1.1 "200" 722 "-" "GPS\xE7\x8A\xB6\xE6\x80\x81 1.5.31 rv:1535 (iPhone; iOS 11.4.1; zh_CN)" "-"
117.136.67.3 - - [28/Jan/2019:01:24:57 +0800] GET /activity.php HTTP/1.1 "200" 88 "-" "GPS\xE7\x8A\xB6\xE6\x80\x81 1.5.31 rv:1535 (iPhone; iOS 12.1.2; zh_CN)" "-"
77.209.22.114 - - [28/Jan/2019:01:25:04 +0800] GET /activity.php HTTP/1.1 "200" 88 "-" "GPS Status 1.5.31 rv:1535 (iPad; iOS 12.1; en_ES)" "-"
77.209.22.114 - - [28/Jan/2019:01:25:07 +0800] GET //save_token.php?token=36566d62%20fae74628%20e52c6030%202d32d8f0%20527748fb%20f3c7d46c%20e5f33420%207b3bcdff&os=IOS&version=12.1&type=iPad4,1&city=Murcia&loc=%3C+37.80494872,-0.80008687%3E%20+/-%20165.00m%20(speed%20-1.00%20mps%20/%20course%20-1.00)%20@%2027/01/2019,%2018:25:03%20Central%20European%20Standard%20Time&device_id=30A3939E-B415-4D0C-B586-4FCB5E41377A&app_version=1.2 HTTP/1.1 "200" 33 "-" "GPS Status 1.5.31 rv:1535 (iPad; iOS 12.1; en_ES)" "-"
2001:470:c:829::2 - - [28/Jan/2019:01:25:08 +0800] GET //weather/weather_data_open.php?city=Murcia HTTP/1.0 "200" 1912 "-" "-" "-"
77.209.22.114 - - [28/Jan/2019:01:25:08 +0800] GET /weather/weather_data_new.php?city=Murcia HTTP/1.1 "200" 693 "-" "GPS Status 1.5.31 rv:1535 (iPad; iOS 12.1; en_ES)" "-"
223.104.17.197 - - [28/Jan/2019:01:26:05 +0800] GET /activity.php HTTP/1.1 "200" 88 "-" "GPS\xE7\x8A\xB6\xE6\x80\x81 1.5.31 rv:1535 (iPhone; iOS 12.0.1; zh-Hans_KR)" "-"
111.14.118.165 - - [28/Jan/2019:01:27:45 +0800] GET /activity.php HTTP/1.1 "200" 82 "-" "GPS\xE7\x8A\xB6\xE6\x80\x81 1.5.31 rv:1535 (iPhone; iOS 12.1.3; zh_CN)" "-"
111.14.118.165 - - [28/Jan/2019:01:27:51 +0800] GET //save_token.php?token=c94aae41%2057fe6b3a%20cfcd9ab2%20da2782ac%203d73452e%206cf5b1d2%20ed035403%20307483a6&os=IOS&version=12.1.3&type=iPhone6,2&city=%E6%B5%8E%E5%8D%97&loc=%3C+37.30694259,+117.16068667%3E%20+/-%2065.00m%20(speed%20-1.00%20mps%20/%20course%20-1.00)%20@%202019/1/28%20%E4%B8%AD%E5%9B%BD%E6%A0%87%E5%87%86%E6%97%B6%E9%97%B4%2001:27:51&device_id=32B63ADA-1535-4432-83E3-2DEC34F1F2F8&app_version=1.2 HTTP/1.1 "200" 33 "-" "GPS\xE7\x8A\xB6\xE6\x80\x81 1.5.31 rv:1535 (iPhone; iOS 12.1.3; zh_CN)" "-"
111.14.118.165 - - [28/Jan/2019:01:27:51 +0800] GET /weather/weather_data_new.php?city=%E6%B5%8E%E5%8D%97 HTTP/1.1 "200" 272 "-" "GPS\xE7\x8A\xB6\xE6\x80\x81 1.5.31 rv:1535 (iPhone; iOS 12.1.3; zh_CN)" "-"
195.191.146.44 - - [28/Jan/2019:01:28:05 +0800] GET /activity.php HTTP/1.1 "200" 82 "-" "GPS Status 1.5.31 rv:1535 (iPhone; iOS 12.1.2; en_RU)" "-"
190.113.209.0 - - [28/Jan/2019:01:28:16 +0800] GET /activity.php HTTP/1.1 "200" 88 "-" "GPS Status 1.5.31 rv:1535 (iPhone; iOS 12.1.2; en_PE)" "-"
195.191.146.44 - - [28/Jan/2019:01:28:18 +0800] GET //save_token.php?token=cac99fcb%20f5eb04d4%20aeabc34f%20f840b8a4%20967372ca%208a6e122d%20e9af4426%20c4b195cd&os=IOS&version=12.1.2&type=iPhone8,4&city=%D0%A1%D0%B0%D0%BD%D0%BA%D1%82-%D0%9F%D0%B5%D1%82%D0%B5%D1%80%D0%B1%D1%83%D1%80%D0%B3&loc=%3C+60.01391538,+30.30956775%3E%20+/-%2065.00m%20(speed%20-1.00%20mps%20/%20course%20-1.00)%20@%2027/01/2019,%2020:31:41%20Moscow%20Standard%20Time&device_id=52F43CDB-D3C7-40FA-9523-32EEE53EDC4E&app_version=1.2 HTTP/1.1 "200" 33 "-" "GPS Status 1.5.31 rv:1535 (iPhone; iOS 12.1.2; en_RU)" "-"
190.113.209.0 - - [28/Jan/2019:01:28:19 +0800] GET //save_token.php?token=810d5089%20c6ab0db8%207e3e43d5%20110e31ae%2010f9260f%202c5ac4b3%2026838a22%20ee4ba57d&os=IOS&version=12.1.2&type=iPhone10,5&city=Huancayo&loc=%3C-12.04703608,-75.20108062%3E%20+/-%2012.00m%20(speed%200.31%20mps%20/%20course%20-1.00)%20@%201/27/19,%2012:28:19%20PM%20Peru%20Standard%20Time&device_id=DC51647E-2C63-4BE7-A62D-D88BAD6B25FF&app_version=1.2 HTTP/1.1 "200" 33 "-" "GPS Status 1.5.31 rv:1535 (iPhone; iOS 12.1.2; en_PE)" "-"
2001:470:c:829::2 - - [28/Jan/2019:01:28:19 +0800] GET //weather/weather_data_open.php?city=%D0%A1%D0%B0%D0%BD%D0%BA%D1%82-%D0%9F%D0%B5%D1%82%D0%B5%D1%80%D0%B1%D1%83%D1%80%D0%B3 HTTP/1.0 "200" 0 "-" "-" "-"
195.191.146.44 - - [28/Jan/2019:01:28:19 +0800] GET /weather/weather_data_new.php?city=%D0%A1%D0%B0%D0%BD%D0%BA%D1%82-%D0%9F%D0%B5%D1%82%D0%B5%D1%80%D0%B1%D1%83%D1%80%D0%B3 HTTP/1.1 "200" 31 "-" "GPS Status 1.5.31 rv:1535 (iPhone; iOS 12.1.2; en_RU)" "-"
2001:470:c:829::2 - - [28/Jan/2019:01:28:21 +0800] GET //weather/weather_data_open.php?city=Huancayo HTTP/1.0 "200" 1968 "-" "-" "-"
190.113.209.0 - - [28/Jan/2019:01:28:21 +0800] GET /weather/weather_data_new.php?city=Huancayo HTTP/1.1 "200" 684 "-" "GPS Status 1.5.31 rv:1535 (iPhone; iOS 12.1.2; en_PE)" "-"
221.13.78.23 - - [28/Jan/2019:01:28:51 +0800] GET /activity.php HTTP/1.1 "200" 88 "-" "GPS\xE7\x8A\xB6\xE6\x80\x81 1.5.31 rv:1535 (iPhone; iOS 12.1.2; zh_CN)" "-"
111.14.118.165 - - [28/Jan/2019:01:29:22 +0800] GET /activity.php HTTP/1.1 "200" 88 "-" "GPS\xE7\x8A\xB6\xE6\x80\x81 1.5.31 rv:1535 (iPhone; iOS 12.1.3; zh_CN)" "-"
111.14.118.165 - - [28/Jan/2019:01:29:23 +0800] GET //save_token.php?token=c94aae41%2057fe6b3a%20cfcd9ab2%20da2782ac%203d73452e%206cf5b1d2%20ed035403%20307483a6&os=IOS&version=12.1.3&type=iPhone6,2&city=%E6%B5%8E%E5%8D%97&loc=%3C+37.30692444,+117.16062130%3E%20+/-%2065.00m%20(speed%20-1.00%20mps%20/%20course%20-1.00)%20@%202019/1/28%20%E4%B8%AD%E5%9B%BD%E6%A0%87%E5%87%86%E6%97%B6%E9%97%B4%2001:29:22&device_id=32B63ADA-1535-4432-83E3-2DEC34F1F2F8&app_version=1.2 HTTP/1.1 "200" 33 "-" "GPS\xE7\x8A\xB6\xE6\x80\x81 1.5.31 rv:1535 (iPhone; iOS 12.1.3; zh_CN)" "-"
2001:470:c:829::2 - - [28/Jan/2019:01:29:24 +0800] GET //weather/weather_data_open.php?city=%E6%B5%8E%E5%8D%97 HTTP/1.0 "200" 1905 "-" "-" "-"
111.14.118.165 - - [28/Jan/2019:01:29:24 +0800] GET /weather/weather_data_new.php?city=%E6%B5%8E%E5%8D%97 HTTP/1.1 "200" 700 "-" "GPS\xE7\x8A\xB6\xE6\x80\x81 1.5.31 rv:1535 (iPhone; iOS 12.1.3; zh_CN)" "-"
221.13.78.23 - - [28/Jan/2019:01:30:31 +0800] GET /activity.php HTTP/1.1 "200" 88 "-" "GPS\xE7\x8A\xB6\xE6\x80\x81 1.5.31 rv:1535 (iPhone; iOS 12.1.2; zh_CN)" "-"
106.11.222.195 - - [28/Jan/2019:01:30:59 +0800] GET / HTTP/1.1 "200" 31 "-" "Mozilla/5.0 (Linux; U; Android 5.1.1; zh-cn; vivo Xplay5A Build/LMY47V) AppleWebKit/534.30 (KHTML, like Gecko) Version/4.0 UCBrowser/1.0.0.100 U3/0.8.0 Mobile Safari/534.30 AliApp(TB/6.6.4) WindVane/8.0.0 1440X2560 GCanvas/1.4.2.21" "-"
190.113.209.0 - - [28/Jan/2019:01:31:08 +0800] GET /activity.php HTTP/1.1 "200" 88 "-" "GPS Status 1.5.31 rv:1535 (iPhone; iOS 12.1.2; en_PE)" "-"
106.11.222.208 - - [28/Jan/2019:01:31:09 +0800] GET / HTTP/1.1 "200" 31 "-" "Mozilla/5.0 (Linux; U; Android 5.1.1; zh-cn; vivo Xplay5A Build/LMY47V) AppleWebKit/534.30 (KHTML, like Gecko) Version/4.0 UCBrowser/1.0.0.100 U3/0.8.0 Mobile Safari/534.30 AliApp(TB/6.6.4) WindVane/8.0.0 1440X2560 GCanvas/1.4.2.21" "-"
14.205.143.146 - - [28/Jan/2019:01:31:57 +0800] GET /activity.php HTTP/1.1 "200" 88 "-" "GPS\xE7\x8A\xB6\xE6\x80\x81 1.5.30 rv:1530 (iPhone; iOS 12.1.2; zh_CN)" "-"
14.205.143.146 - - [28/Jan/2019:01:31:58 +0800] GET //save_token.php?token=24ac8b64%200a6b2846%200197c2cc%20a2f3716d%20e9528311%20d5774d21%208b5654bf%2004e6191d&os=IOS&version=12.1.2&type=iPhone9,2&city=%E5%A4%A7%E7%90%86%E7%99%BD%E6%97%8F%E8%87%AA%E6%B2%BB%E5%B7%9E&loc=%3C+25.63948098,+100.28820469%3E%20+/-%2010.00m%20(speed%200.00%20mps%20/%20course%20354.02)%20@%202019/1/28%20%E4%B8%AD%E5%9B%BD%E6%A0%87%E5%87%86%E6%97%B6%E9%97%B4%2001:31:57&device_id=FBA453FF-6338-4B8B-B682-E7C8895EE6E8&app_version=1.2 HTTP/1.1 "200" 33 "-" "GPS\xE7\x8A\xB6\xE6\x80\x81 1.5.30 rv:1530 (iPhone; iOS 12.1.2; zh_CN)" "-"
2001:470:c:829::2 - - [28/Jan/2019:01:32:00 +0800] GET //weather/weather_data_open.php?city=%E5%A4%A7%E7%90%86%E7%99%BD%E6%97%8F%E8%87%AA%E6%B2%BB%E5%B7%9E HTTP/1.0 "200" 0 "-" "-" "-"
14.205.143.146 - - [28/Jan/2019:01:32:00 +0800] GET /weather/weather_data_new.php?city=%E5%A4%A7%E7%90%86%E7%99%BD%E6%97%8F%E8%87%AA%E6%B2%BB%E5%B7%9E HTTP/1.1 "200" 31 "-" "GPS\xE7\x8A\xB6\xE6\x80\x81 1.5.30 rv:1530 (iPhone; iOS 12.1.2; zh_CN)" "-"
14.205.143.146 - - [28/Jan/2019:01:32:11 +0800] GET /activity.php HTTP/1.1 "200" 88 "-" "GPS\xE7\x8A\xB6\xE6\x80\x81 1.5.30 rv:1530 (iPhone; iOS 12.1.2; zh_CN)" "-"
14.205.143.146 - - [28/Jan/2019:01:32:12 +0800] GET //save_token.php?token=24ac8b64%200a6b2846%200197c2cc%20a2f3716d%20e9528311%20d5774d21%208b5654bf%2004e6191d&os=IOS&version=12.1.2&type=iPhone9,2&city=%E5%A4%A7%E7%90%86%E7%99%BD%E6%97%8F%E8%87%AA%E6%B2%BB%E5%B7%9E&loc=%3C+25.63948098,+100.28820469%3E%20+/-%2010.00m%20(speed%200.00%20mps%20/%20course%20354.02)%20@%202019/1/28%20%E4%B8%AD%E5%9B%BD%E6%A0%87%E5%87%86%E6%97%B6%E9%97%B4%2001:32:10&device_id=FBA453FF-6338-4B8B-B682-E7C8895EE6E8&app_version=1.2 HTTP/1.1 "200" 33 "-" "GPS\xE7\x8A\xB6\xE6\x80\x81 1.5.30 rv:1530 (iPhone; iOS 12.1.2; zh_CN)" "-"
2001:470:c:829::2 - - [28/Jan/2019:01:32:13 +0800] GET //weather/weather_data_open.php?city=%E5%A4%A7%E7%90%86%E7%99%BD%E6%97%8F%E8%87%AA%E6%B2%BB%E5%B7%9E HTTP/1.0 "200" 0 "-" "-" "-"
14.205.143.146 - - [28/Jan/2019:01:32:13 +0800] GET /weather/weather_data_new.php?city=%E5%A4%A7%E7%90%86%E7%99%BD%E6%97%8F%E8%87%AA%E6%B2%BB%E5%B7%9E HTTP/1.1 "200" 31 "-" "GPS\xE7\x8A\xB6\xE6\x80\x81 1.5.30 rv:1530 (iPhone; iOS 12.1.2; zh_CN)" "-"
14.205.143.146 - - [28/Jan/2019:01:32:32 +0800] GET /activity.php HTTP/1.1 "200" 88 "-" "GPS\xE7\x8A\xB6\xE6\x80\x81 1.5.30 rv:1530 (iPhone; iOS 12.1.2; zh_CN)" "-"
14.205.143.146 - - [28/Jan/2019:01:32:33 +0800] GET //save_token.php?token=24ac8b64%200a6b2846%200197c2cc%20a2f3716d%20e9528311%20d5774d21%208b5654bf%2004e6191d&os=IOS&version=12.1.2&type=iPhone9,2&city=%E5%A4%A7%E7%90%86%E7%99%BD%E6%97%8F%E8%87%AA%E6%B2%BB%E5%B7%9E&loc=%3C+25.63947825,+100.28819346%3E%20+/-%205.00m%20(speed%200.25%20mps%20/%20course%20268.95)%20@%202019/1/28%20%E4%B8%AD%E5%9B%BD%E6%A0%87%E5%87%86%E6%97%B6%E9%97%B4%2001:32:33&device_id=FBA453FF-6338-4B8B-B682-E7C8895EE6E8&app_version=1.2 HTTP/1.1 "200" 33 "-" "GPS\xE7\x8A\xB6\xE6\x80\x81 1.5.30 rv:1530 (iPhone; iOS 12.1.2; zh_CN)" "-"
2001:470:c:829::2 - - [28/Jan/2019:01:32:34 +0800] GET //weather/weather_data_open.php?city=%E5%A4%A7%E7%90%86%E7%99%BD%E6%97%8F%E8%87%AA%E6%B2%BB%E5%B7%9E HTTP/1.0 "200" 0 "-" "-" "-"
14.205.143.146 - - [28/Jan/2019:01:32:34 +0800] GET /weather/weather_data_new.php?city=%E5%A4%A7%E7%90%86%E7%99%BD%E6%97%8F%E8%87%AA%E6%B2%BB%E5%B7%9E HTTP/1.1 "200" 31 "-" "GPS\xE7\x8A\xB6\xE6\x80\x81 1.5.30 rv:1530 (iPhone; iOS 12.1.2; zh_CN)" "-"
83.223.242.28 - - [28/Jan/2019:01:32:50 +0800] GET /activity.php HTTP/1.1 "200" 88 "-" "GPS Status 1.5.31 rv:1535 (iPhone; iOS 12.1.2; en_PT)" "-"
2001:470:c:829::2 - - [28/Jan/2019:01:32:51 +0800] GET //weather/weather_data_open.php?city=Amadora HTTP/1.0 "200" 1963 "-" "-" "-"
83.223.242.28 - - [28/Jan/2019:01:32:51 +0800] GET /weather/weather_data_new.php?city=Amadora HTTP/1.1 "200" 690 "-" "GPS Status 1.5.31 rv:1535 (iPhone; iOS 12.1.2; en_PT)" "-"
190.113.209.0 - - [28/Jan/2019:01:33:07 +0800] GET /activity.php HTTP/1.1 "200" 88 "-" "GPS Status 1.5.31 rv:1535 (iPhone; iOS 12.1.2; en_PE)" "-"
175.190.27.143 - - [28/Jan/2019:01:33:12 +0800] GET //save_token.php?token=a3a53a79%20e39c20ed%20f90db1b5%20fb1adfc2%2083b51172%20ebf72ba0%2024ca649e%2034f4ceca&os=IOS&version=12.1.2&type=iPhone9,2&city=%E5%A4%A7%E8%BF%9E&loc=%3C+38.81389411,+121.27364527%3E%20+/-%2065.00m%20(speed%20-1.00%20mps%20/%20course%20-1.00)%20@%202019/1/28%20%E4%B8%AD%E5%9B%BD%E6%A0%87%E5%87%86%E6%97%B6%E9%97%B4%20%E4%B8%8A%E5%8D%881:33:12&device_id=2B58882D-7315-4E73-B720-994680F59351&app_version=1.2 HTTP/1.1 "200" 33 "-" "GPS\xE7\x8A\xB6\xE6\x80\x81 1.5.31 rv:1535 (iPhone; iOS 12.1.2; zh_CN)" "-"
175.190.27.143 - - [28/Jan/2019:01:33:12 +0800] GET /weather/weather_data_new.php?city=%E5%A4%A7%E8%BF%9E HTTP/1.1 "200" 282 "-" "GPS\xE7\x8A\xB6\xE6\x80\x81 1.5.31 rv:1535 (iPhone; iOS 12.1.2; zh_CN)" "-"
177.33.16.216 - - [28/Jan/2019:01:34:48 +0800] GET /activity.php HTTP/1.1 "200" 82 "-" "GPS Status 1.5.31 rv:1535 (iPhone; iOS 12.1.2; en_BR)" "-"
177.33.16.216 - - [28/Jan/2019:01:34:59 +0800] GET //save_token.php?token=3b003ea5%2053d981bc%208bf62fcd%20a09bdf12%20ffe15300%204a2a8302%20032c98c0%20bb465579&os=IOS&version=12.1.2&type=iPhone7,2&city=S%C3%A3o%20Paulo&loc=%3C-23.61265000,-46.62517758%3E%20+/-%2065.00m%20(speed%20-1.00%20mps%20/%20course%20-1.00)%20@%2027/01/19%2015:34:58%20Brasilia%20Summer%20Time&device_id=FAE54CBD-575A-4505-A21F-5D5ED37B110F&app_version=1.2 HTTP/1.1 "200" 33 "-" "GPS Status 1.5.31 rv:1535 (iPhone; iOS 12.1.2; en_BR)" "-"
2001:470:c:829::2 - - [28/Jan/2019:01:35:00 +0800] GET //weather/weather_data_open.php?city=S%C3%A3o+Paulo HTTP/1.0 "200" 0 "-" "-" "-"
177.33.16.216 - - [28/Jan/2019:01:35:00 +0800] GET /weather/weather_data_new.php?city=S%C3%A3o%20Paulo HTTP/1.1 "200" 31 "-" "GPS Status 1.5.31 rv:1535 (iPhone; iOS 12.1.2; en_BR)" "-"
2804:14c:129:8451:90e7:6609:547f:dff2 - - [28/Jan/2019:01:35:30 +0800] GET /activity.php HTTP/1.1 "200" 88 "-" "GPS Status 1.5.31 rv:1535 (iPhone; iOS 12.1.2; en_BR)" "-"
2804:14c:129:8451:90e7:6609:547f:dff2 - - [28/Jan/2019:01:35:33 +0800] GET //save_token.php?token=3b003ea5%2053d981bc%208bf62fcd%20a09bdf12%20ffe15300%204a2a8302%20032c98c0%20bb465579&os=IOS&version=12.1.2&type=iPhone7,2&city=S%C3%A3o%20Paulo&loc=%3C-23.61256814,-46.62516102%3E%20+/-%2065.00m%20(speed%20-1.00%20mps%20/%20course%20-1.00)%20@%2027/01/19%2015:35:30%20Brasilia%20Summer%20Time&device_id=FAE54CBD-575A-4505-A21F-5D5ED37B110F&app_version=1.2 HTTP/1.1 "200" 33 "-" "GPS Status 1.5.31 rv:1535 (iPhone; iOS 12.1.2; en_BR)" "-"
2001:470:c:829::2 - - [28/Jan/2019:01:35:34 +0800] GET //weather/weather_data_open.php?city=S%C3%A3o+Paulo HTTP/1.0 "200" 0 "-" "-" "-"
2804:14c:129:8451:90e7:6609:547f:dff2 - - [28/Jan/2019:01:35:34 +0800] GET /weather/weather_data_new.php?city=S%C3%A3o%20Paulo HTTP/1.1 "200" 31 "-" "GPS Status 1.5.31 rv:1535 (iPhone; iOS 12.1.2; en_BR)" "-"
175.190.27.143 - - [28/Jan/2019:01:35:42 +0800] GET /activity.php HTTP/1.1 "200" 82 "-" "GPS\xE7\x8A\xB6\xE6\x80\x81 1.5.31 rv:1535 (iPhone; iOS 12.1.2; zh_CN)" "-"
175.190.27.143 - - [28/Jan/2019:01:35:56 +0800] GET /activity.php HTTP/1.1 "200" 88 "-" "GPS\xE7\x8A\xB6\xE6\x80\x81 1.5.31 rv:1535 (iPhone; iOS 12.1.2; zh_CN)" "-"
175.190.27.143 - - [28/Jan/2019:01:37:36 +0800] GET /activity.php HTTP/1.1 "200" 88 "-" "GPS\xE7\x8A\xB6\xE6\x80\x81 1.5.31 rv:1535 (iPhone; iOS 12.1.2; zh_CN)" "-"
37.173.71.128 - - [28/Jan/2019:01:40:03 +0800] GET /activity.php HTTP/1.1 "200" 88 "-" "GPS Status 1.5.30 rv:1530 (iPhone; iOS 12.1.2; en_FR)" "-"
37.173.71.128 - - [28/Jan/2019:01:40:09 +0800] GET //save_token.php?token=6b634f88%202b9a92c3%2031ca0ee3%20c791ef1c%20e2fecd5c%207a269d61%203d9d6a41%205858cf02&os=IOS&version=12.1.2&type=iPhone6,2&city=Aude&loc=%3C+43.18759348,+2.36267838%3E%20+/-%2010.00m%20(speed%200.16%20mps%20/%20course%20-1.00)%20@%2027/01/2019%2018:40:09%20Central%20European%20Standard%20Time&device_id=DC0A3275-FEDE-4B53-95F7-938FAA71A0CE&app_version=1.2 HTTP/1.1 "200" 33 "-" "GPS Status 1.5.30 rv:1530 (iPhone; iOS 12.1.2; en_FR)" "-"
2001:470:c:829::2 - - [28/Jan/2019:01:40:14 +0800] GET //weather/weather_data_open.php?city=Aude HTTP/1.0 "200" 1955 "-" "-" "-"
37.173.71.128 - - [28/Jan/2019:01:40:14 +0800] GET /weather/weather_data_new.php?city=Aude HTTP/1.1 "200" 715 "-" "GPS Status 1.5.30 rv:1530 (iPhone; iOS 12.1.2; en_FR)" "-"
112.47.17.119 - - [28/Jan/2019:01:41:19 +0800] GET / HTTP/1.1 "200" 31 "-" "Mozilla/5.0 (Windows NT 6.1; Win64; x64) AppleWebKit/537.36 (KHTML, like Gecko) Chrome/40.0.2214.85 Safari/537.36" "-"
112.47.17.119 - - [28/Jan/2019:01:41:19 +0800] GET / HTTP/1.1 "200" 31 "-" "Mozilla/5.0 (Windows NT 6.1; Win64; x64) AppleWebKit/537.36 (KHTML, like Gecko) Chrome/40.0.2214.85 Safari/537.36" "-"
112.47.17.119 - - [28/Jan/2019:01:41:19 +0800] GET / HTTP/1.1 "200" 31 "-" "Mozilla/5.0 (Windows NT 6.1; Win64; x64) AppleWebKit/537.36 (KHTML, like Gecko) Chrome/40.0.2214.85 Safari/537.36" "-"
113.5.7.24 - - [28/Jan/2019:01:41:29 +0800] GET /activity.php HTTP/1.1 "200" 82 "-" "GPS\xE7\x8A\xB6\xE6\x80\x81 1.5.31 rv:1535 (iPhone; iOS 12.0; zh_CN)" "-"
113.5.7.24 - - [28/Jan/2019:01:41:30 +0800] GET //save_token.php?token=490e22ea%20db45df38%2090aa320f%20e6b15078%202a75b574%20c9b0ba78%200fefdb5d%203e13859b&os=IOS&version=12.0&type=iPhone10,3&city=%E5%93%88%E5%B0%94%E6%BB%A8&loc=%3C+45.73356459,+126.62487374%3E%20+/-%2065.00m%20(speed%20-1.00%20mps%20/%20course%20-1.00)%20@%202019/1/28%20%E4%B8%AD%E5%9B%BD%E6%A0%87%E5%87%86%E6%97%B6%E9%97%B4%2001:41:28&device_id=b6f3359b56336fe9f62514d9618cb5946b351c74&app_version=1.2 HTTP/1.1 "200" 33 "-" "GPS\xE7\x8A\xB6\xE6\x80\x81 1.5.31 rv:1535 (iPhone; iOS 12.0; zh_CN)" "-"
113.5.7.24 - - [28/Jan/2019:01:41:30 +0800] GET /weather/weather_data_new.php?city=%E5%93%88%E5%B0%94%E6%BB%A8 HTTP/1.1 "200" 283 "-" "GPS\xE7\x8A\xB6\xE6\x80\x81 1.5.31 rv:1535 (iPhone; iOS 12.0; zh_CN)" "-"
117.136.12.105 - - [28/Jan/2019:01:41:47 +0800] GET /activity.php HTTP/1.1 "200" 88 "-" "GPS\xE7\x8A\xB6\xE6\x80\x81 1.5.31 rv:1535 (iPhone; iOS 12.1.2; zh-Hans_US)" "-"
117.136.12.105 - - [28/Jan/2019:01:42:03 +0800] GET //save_token.php?token=27fd1a6c%20a9a10f3c%20c4bdceac%20ccd248e6%207d156514%20cb6d7767%20ce8eb286%2087f419f1&os=IOS&version=12.1.2&type=iPhone7,2&city=%E6%B1%95%E5%B0%BE&loc=%3C+22.80994454,+115.32833123%3E%20+/-%201414.00m%20(speed%20-1.00%20mps%20/%20course%20-1.00)%20@%202019/1/28%20%E4%B8%AD%E5%9B%BD%E6%A0%87%E5%87%86%E6%97%B6%E9%97%B4%2001:42:03&device_id=7F94A60A-D2C6-4739-B13A-412C10CFF3B1&app_version=1.2 HTTP/1.1 "200" 33 "-" "GPS\xE7\x8A\xB6\xE6\x80\x81 1.5.31 rv:1535 (iPhone; iOS 12.1.2; zh-Hans_US)" "-"
117.136.12.105 - - [28/Jan/2019:01:42:03 +0800] GET /weather/weather_data_new.php?city=%E6%B1%95%E5%B0%BE HTTP/1.1 "200" 262 "-" "GPS\xE7\x8A\xB6\xE6\x80\x81 1.5.31 rv:1535 (iPhone; iOS 12.1.2; zh-Hans_US)" "-"
190.113.209.0 - - [28/Jan/2019:01:43:44 +0800] GET /activity.php HTTP/1.1 "200" 88 "-" "GPS Status 1.5.31 rv:1535 (iPhone; iOS 12.1.2; en_PE)" "-"
113.5.7.24 - - [28/Jan/2019:01:44:14 +0800] GET /weather/weather_data_new.php?city=%E5%93%88%E5%B0%94%E6%BB%A8 HTTP/1.1 "200" 284 "-" "GPS\xE7\x8A\xB6\xE6\x80\x81 1.5.31 rv:1535 (iPhone; iOS 12.0; zh_CN)" "-"
222.86.95.94 - - [28/Jan/2019:01:44:19 +0800] GET /weather/weather_data_new.php?city=%E9%81%B5%E4%B9%89 HTTP/1.1 "200" 260 "-" "GPS\xE7\x8A\xB6\xE6\x80\x81 1.5.31 rv:1535 (iPhone; iOS 12.1.3; zh_CN)" "-"
222.86.95.94 - - [28/Jan/2019:01:44:19 +0800] GET //save_token.php?token=2dc0753e%20344b494b%20dcb2fd2d%20505c6246%20e8a69238%20fa9a6167%200ad04010%205723f8d4&os=IOS&version=12.1.3&type=iPhone9,1&city=%E9%81%B5%E4%B9%89&loc=%3C+28.11787655,+107.74610855%3E%20+/-%2065.00m%20(speed%20-1.00%20mps%20/%20course%20-1.00)%20@%202019/1/28%20%E4%B8%AD%E5%9B%BD%E6%A0%87%E5%87%86%E6%97%B6%E9%97%B4%20%E4%B8%8A%E5%8D%881:44:17&device_id=035FF306-7516-44B5-AB43-1BFE5B36893E&app_version=1.2 HTTP/1.1 "200" 33 "-" "GPS\xE7\x8A\xB6\xE6\x80\x81 1.5.31 rv:1535 (iPhone; iOS 12.1.3; zh_CN)" "-"
117.136.40.23 - - [28/Jan/2019:01:46:23 +0800] GET /activity.php HTTP/1.1 "200" 82 "-" "GPS\xE7\x8A\xB6\xE6\x80\x81 1.5.31 rv:1535 (iPhone; iOS 12.0.1; zh-Hans_HK)" "-"
112.224.1.10 - - [28/Jan/2019:01:46:24 +0800] GET /activity.php HTTP/1.1 "200" 88 "-" "GPS\xE7\x8A\xB6\xE6\x80\x81 1.5.30 rv:1530 (iPhone; iOS 11.2.6; zh_CN)" "-"
112.224.1.10 - - [28/Jan/2019:01:46:25 +0800] GET //save_token.php?token=89c188a6%200bda5cde%205bd8c872%203b2093fa%20ba61043f%202a46a12f%204bd4b641%202543809a&os=IOS&version=11.2.6&type=iPhone10,2&city=%E6%B7%84%E5%8D%9A&loc=%3C+36.79318280,+117.95872935%3E%20+/-%202000.00m%20(speed%20-1.00%20mps%20/%20course%20-1.00)%20@%202019/1/28%20%E4%B8%AD%E5%9B%BD%E6%A0%87%E5%87%86%E6%97%B6%E9%97%B4%2001:46:24&device_id=4BC4497E-1700-48E4-BFB2-DC791AC8AF3C&app_version=1.2 HTTP/1.1 "200" 33 "-" "GPS\xE7\x8A\xB6\xE6\x80\x81 1.5.30 rv:1530 (iPhone; iOS 11.2.6; zh_CN)" "-"
112.224.1.10 - - [28/Jan/2019:01:46:25 +0800] GET /weather/weather_data_new.php?city=%E6%B7%84%E5%8D%9A HTTP/1.1 "200" 273 "-" "GPS\xE7\x8A\xB6\xE6\x80\x81 1.5.30 rv:1530 (iPhone; iOS 11.2.6; zh_CN)" "-"
117.136.40.23 - - [28/Jan/2019:01:46:43 +0800] GET //save_token.php?token=adee1742%203bf9eee5%20ec6683db%201f07df33%202c6f7a65%20426394eb%2006b875d4%20e578d0f3&os=IOS&version=12.0.1&type=iPhone11,6&city=%E6%BD%AE%E5%B7%9E&loc=%3C+23.65778792,+116.62926776%3E%20+/-%20106.66m%20(speed%20-1.00%20mps%20/%20course%20-1.00)%20@%2028/1/19%20%E4%B8%AD%E5%9B%BD%E6%A0%87%E5%87%86%E6%97%B6%E9%97%B4%2001:46:42&device_id=F43D3502-1FA4-42DA-B71A-22F3E05502CD&app_version=1.2 HTTP/1.1 "200" 33 "-" "GPS\xE7\x8A\xB6\xE6\x80\x81 1.5.31 rv:1535 (iPhone; iOS 12.0.1; zh-Hans_HK)" "-"
117.136.40.23 - - [28/Jan/2019:01:46:43 +0800] GET /weather/weather_data_new.php?city=%E6%BD%AE%E5%B7%9E HTTP/1.1 "200" 241 "-" "GPS\xE7\x8A\xB6\xE6\x80\x81 1.5.31 rv:1535 (iPhone; iOS 12.0.1; zh-Hans_HK)" "-"
2001:e68:5442:3387:503:3de5:187a:b456 - - [28/Jan/2019:01:47:10 +0800] GET /activity.php HTTP/1.1 "200" 88 "-" "GPS\xE7\x8A\xB6\xE6\x80\x81 1.5.31 rv:1535 (iPhone; iOS 12.1.2; zh-Hans_MY)" "-"
112.224.21.68 - - [28/Jan/2019:01:47:54 +0800] GET //save_token.php?token=701e13c9%201acf697c%20fce465f5%20c909164b%20b8305be2%20ec956b6f%203ba7bf32%202631c6f2&os=IOS&version=12.1.2&type=iPhone7,2&city=%E6%B5%8E%E5%8D%97&loc=%3C+36.67988269,+117.00491937%3E%20+/-%2065.00m%20(speed%20-1.00%20mps%20/%20course%20-1.00)%20@%202019/1/28%20%E4%B8%AD%E5%9B%BD%E6%A0%87%E5%87%86%E6%97%B6%E9%97%B4%2001:47:53&device_id=CFD14D5C-50A4-4F34-98BB-7B02F7232FC0&app_version=1.2 HTTP/1.1 "200" 33 "-" "GPS\xE7\x8A\xB6\xE6\x80\x81 1.5.31 rv:1535 (iPhone; iOS 12.1.2; zh_CN)" "-"
112.224.21.68 - - [28/Jan/2019:01:47:54 +0800] GET /weather/weather_data_new.php?city=%E6%B5%8E%E5%8D%97 HTTP/1.1 "200" 270 "-" "GPS\xE7\x8A\xB6\xE6\x80\x81 1.5.31 rv:1535 (iPhone; iOS 12.1.2; zh_CN)" "-"
47.52.210.140 - - [28/Jan/2019:01:48:07 +0800] GET / HTTP/1.0 "200" 0 "-" "-" "-"
112.224.21.68 - - [28/Jan/2019:01:48:13 +0800] GET /activity.php HTTP/1.1 "200" 82 "-" "GPS\xE7\x8A\xB6\xE6\x80\x81 1.5.31 rv:1535 (iPhone; iOS 12.1.2; zh_CN)" "-"
112.224.21.68 - - [28/Jan/2019:01:48:15 +0800] POST /user_login.php HTTP/1.1 "200" 601 "-" "GPS\xE7\x8A\xB6\xE6\x80\x81 1.5.31 rv:1535 (iPhone; iOS 12.1.2; zh_CN)" "-"
61.243.46.80 - - [28/Jan/2019:01:49:41 +0800] GET /weather/weather_data_new.php?city=%E9%81%B5%E4%B9%89 HTTP/1.1 "200" 260 "-" "GPS\xE7\x8A\xB6\xE6\x80\x81 1.5.31 rv:1535 (iPhone; iOS 12.1.2; zh_CN)" "-"
61.243.46.80 - - [28/Jan/2019:01:49:41 +0800] GET //save_token.php?token=e3c957bf%20a25ef9df%20ef826254%20776ead02%2052c5302f%20c62c6639%2061390f56%204d5ab70e&os=IOS&version=12.1.2&type=iPhone7,1&city=%E9%81%B5%E4%B9%89&loc=%3C+28.60464183,+106.55218623%3E%20+/-%2065.00m%20(speed%20-1.00%20mps%20/%20course%20-1.00)%20@%202019/1/28%20%E4%B8%AD%E5%9B%BD%E6%A0%87%E5%87%86%E6%97%B6%E9%97%B4%2001:49:40&device_id=71927E04-5133-460E-940E-7F7BF4D89891&app_version=1.2 HTTP/1.1 "200" 33 "-" "GPS\xE7\x8A\xB6\xE6\x80\x81 1.5.31 rv:1535 (iPhone; iOS 12.1.2; zh_CN)" "-"
61.243.46.80 - - [28/Jan/2019:01:51:15 +0800] GET /activity.php HTTP/1.1 "200" 82 "-" "GPS\xE7\x8A\xB6\xE6\x80\x81 1.5.31 rv:1535 (iPhone; iOS 12.1.2; zh_CN)" "-"
61.243.46.80 - - [28/Jan/2019:01:51:17 +0800] GET //save_token.php?token=e3c957bf%20a25ef9df%20ef826254%20776ead02%2052c5302f%20c62c6639%2061390f56%204d5ab70e&os=IOS&version=12.1.2&type=iPhone7,1&city=%E9%81%B5%E4%B9%89&loc=%3C+28.60464146,+106.55218908%3E%20+/-%2065.00m%20(speed%20-1.00%20mps%20/%20course%20-1.00)%20@%202019/1/28%20%E4%B8%AD%E5%9B%BD%E6%A0%87%E5%87%86%E6%97%B6%E9%97%B4%2001:51:15&device_id=71927E04-5133-460E-940E-7F7BF4D89891&app_version=1.2 HTTP/1.1 "200" 33 "-" "GPS\xE7\x8A\xB6\xE6\x80\x81 1.5.31 rv:1535 (iPhone; iOS 12.1.2; zh_CN)" "-"
61.243.46.80 - - [28/Jan/2019:01:51:17 +0800] GET /weather/weather_data_new.php?city=%E9%81%B5%E4%B9%89 HTTP/1.1 "200" 260 "-" "GPS\xE7\x8A\xB6\xE6\x80\x81 1.5.31 rv:1535 (iPhone; iOS 12.1.2; zh_CN)" "-"
61.243.46.80 - - [28/Jan/2019:01:51:47 +0800] GET /activity.php HTTP/1.1 "200" 88 "-" "GPS\xE7\x8A\xB6\xE6\x80\x81 1.5.31 rv:1535 (iPhone; iOS 12.1.2; zh_CN)" "-"
61.243.46.80 - - [28/Jan/2019:01:51:47 +0800] POST /upload_track.php HTTP/1.1 "200" 33 "-" "GPS\xE7\x8A\xB6\xE6\x80\x81 1.5.31 rv:1535 (iPhone; iOS 12.1.2; zh_CN)" "-"
61.243.46.80 - - [28/Jan/2019:01:51:50 +0800] POST /user_login.php HTTP/1.1 "200" 512 "-" "GPS\xE7\x8A\xB6\xE6\x80\x81 1.5.31 rv:1535 (iPhone; iOS 12.1.2; zh_CN)" "-"
61.243.46.80 - - [28/Jan/2019:01:51:51 +0800] GET /activity.php HTTP/1.1 "200" 88 "-" "GPS\xE7\x8A\xB6\xE6\x80\x81 1.5.31 rv:1535 (iPhone; iOS 12.1.2; zh_CN)" "-"
61.243.46.80 - - [28/Jan/2019:01:51:54 +0800] POST /user_login.php HTTP/1.1 "200" 511 "-" "GPS\xE7\x8A\xB6\xE6\x80\x81 1.5.31 rv:1535 (iPhone; iOS 12.1.2; zh_CN)" "-"
61.243.46.80 - - [28/Jan/2019:01:51:57 +0800] GET /activity.php HTTP/1.1 "200" 88 "-" "GPS\xE7\x8A\xB6\xE6\x80\x81 1.5.31 rv:1535 (iPhone; iOS 12.1.2; zh_CN)" "-"
61.243.46.80 - - [28/Jan/2019:01:51:59 +0800] POST /user_login.php HTTP/1.1 "200" 512 "-" "GPS\xE7\x8A\xB6\xE6\x80\x81 1.5.31 rv:1535 (iPhone; iOS 12.1.2; zh_CN)" "-"
5.22.134.207 - - [28/Jan/2019:01:53:27 +0800] GET /activity.php HTTP/1.1 "200" 88 "-" "GPS Status 1.5.31 rv:1535 (iPhone; iOS 12.1.2; en_IL)" "-"
5.22.134.207 - - [28/Jan/2019:01:53:37 +0800] GET //save_token.php?token=62d80e95%20119e5850%20ac8f4323%2095e99fac%20e9ca18bc%201e26dcff%203129e380%20258e42f2&os=IOS&version=12.1.2&type=iPhone8,1&city=%D7%9B%D7%A4%D7%A8%20%D7%A1%D7%91%D7%90&loc=%3C+32.17341996,+34.89454815%3E%20+/-%2065.00m%20(speed%20-1.00%20mps%20/%20course%20-1.00)%20@%2027/01/2019,%2019:53:36%20Israel%20Standard%20Time&device_id=0056844E-D3F8-4D65-B2DF-11B266DA24C1&app_version=1.2 HTTP/1.1 "200" 33 "-" "GPS Status 1.5.31 rv:1535 (iPhone; iOS 12.1.2; en_IL)" "-"
2001:470:c:829::2 - - [28/Jan/2019:01:53:38 +0800] GET //weather/weather_data_open.php?city=%D7%9B%D7%A4%D7%A8+%D7%A1%D7%91%D7%90 HTTP/1.0 "200" 0 "-" "-" "-"
5.22.134.207 - - [28/Jan/2019:01:53:38 +0800] GET /weather/weather_data_new.php?city=%D7%9B%D7%A4%D7%A8%20%D7%A1%D7%91%D7%90 HTTP/1.1 "200" 31 "-" "GPS Status 1.5.31 rv:1535 (iPhone; iOS 12.1.2; en_IL)" "-"
58.34.167.191 - - [28/Jan/2019:01:54:07 +0800] GET /activity.php HTTP/1.1 "200" 82 "-" "GPS\xE7\x8A\xB6\xE6\x80\x81 1.5.31 rv:1535 (iPhone; iOS 11.4.1; zh_CN)" "-"
58.34.167.191 - - [28/Jan/2019:01:54:08 +0800] GET //save_token.php?token=013f32e0%2073d6a0f7%201dd1f685%2085994a31%20127abf84%202cdf5554%20adf0d4ee%201b70cc85&os=IOS&version=11.4.1&type=iPhone10,2&city=%E4%B8%8A%E6%B5%B7&loc=%3C+31.07574991,+121.50306767%3E%20+/-%2065.00m%20(speed%20-1.00%20mps%20/%20course%20-1.00)%20@%202019/1/28%20%E4%B8%AD%E5%9B%BD%E6%A0%87%E5%87%86%E6%97%B6%E9%97%B4%2001:54:07&device_id=7365123B-C4FB-4DEC-81FE-A717E67E444B&app_version=1.2 HTTP/1.1 "200" 33 "-" "GPS\xE7\x8A\xB6\xE6\x80\x81 1.5.31 rv:1535 (iPhone; iOS 11.4.1; zh_CN)" "-"
58.34.167.191 - - [28/Jan/2019:01:54:08 +0800] GET /weather/weather_data_new.php?city=%E4%B8%8A%E6%B5%B7 HTTP/1.1 "200" 238 "-" "GPS\xE7\x8A\xB6\xE6\x80\x81 1.5.31 rv:1535 (iPhone; iOS 11.4.1; zh_CN)" "-"
223.73.56.65 - - [28/Jan/2019:01:54:29 +0800] GET /activity.php HTTP/1.1 "200" 88 "-" "GPS\xE7\x8A\xB6\xE6\x80\x81 1.5.31 rv:1535 (iPhone; iOS 12.1.2; zh_CN)" "-"
223.73.56.65 - - [28/Jan/2019:01:54:31 +0800] GET /weather/weather_data_new.php?city=%E5%B9%BF%E5%B7%9E HTTP/1.1 "200" 276 "-" "GPS\xE7\x8A\xB6\xE6\x80\x81 1.5.31 rv:1535 (iPhone; iOS 12.1.2; zh_CN)" "-"
223.73.56.65 - - [28/Jan/2019:01:54:31 +0800] GET //save_token.php?token=5f05d4ef%20928b87e7%20f01ae7e7%20403b48f4%20180a73b9%206c4e96e9%20eb62e29d%20ee80f235&os=IOS&version=12.1.2&type=iPhone7,1&city=%E5%B9%BF%E5%B7%9E&loc=%3C+23.07378677,+113.26650740%3E%20+/-%2065.00m%20(speed%20-1.00%20mps%20/%20course%20-1.00)%20@%202019/1/28%20%E4%B8%AD%E5%9B%BD%E6%A0%87%E5%87%86%E6%97%B6%E9%97%B4%2001:54:28&device_id=70620777-78E6-41EC-B1A8-7D6C67E60517&app_version=1.2 HTTP/1.1 "200" 33 "-" "GPS\xE7\x8A\xB6\xE6\x80\x81 1.5.31 rv:1535 (iPhone; iOS 12.1.2; zh_CN)" "-"
117.136.12.105 - - [28/Jan/2019:01:55:32 +0800] GET /activity.php HTTP/1.1 "200" 88 "-" "GPS\xE7\x8A\xB6\xE6\x80\x81 1.5.31 rv:1535 (iPhone; iOS 12.1.2; zh-Hans_US)" "-"
117.136.12.105 - - [28/Jan/2019:01:55:33 +0800] GET /weather/weather_data_new.php?city=%E6%B1%95%E5%B0%BE HTTP/1.1 "200" 263 "-" "GPS\xE7\x8A\xB6\xE6\x80\x81 1.5.31 rv:1535 (iPhone; iOS 12.1.2; zh-Hans_US)" "-"
116.52.220.179 - - [28/Jan/2019:01:56:17 +0800] GET /activity.php HTTP/1.1 "200" 88 "-" "GPS\xE7\x8A\xB6\xE6\x80\x81 1.5.31 rv:1535 (iPhone; iOS 12.1.2; zh_CN)" "-"
116.52.220.179 - - [28/Jan/2019:01:56:17 +0800] GET //save_token.php?token=8c463393%20cd583844%20a76bedb9%20dd0aa9c4%20f246b124%20a18cd426%20e1e544ec%20f5b5bf61&os=IOS&version=12.1.2&type=iPhone8,2&city=%E6%98%86%E6%98%8E&loc=%3C+25.03692336,+102.86769061%3E%20+/-%2065.00m%20(speed%20-1.00%20mps%20/%20course%20-1.00)%20@%202019/1/28%20%E4%B8%AD%E5%9B%BD%E6%A0%87%E5%87%86%E6%97%B6%E9%97%B4%20%E4%B8%8A%E5%8D%881:56:16&device_id=EAE57266-287B-47E8-983B-A1AFE88803D1&app_version=1.2 HTTP/1.1 "200" 33 "-" "GPS\xE7\x8A\xB6\xE6\x80\x81 1.5.31 rv:1535 (iPhone; iOS 12.1.2; zh_CN)" "-"
116.52.220.179 - - [28/Jan/2019:01:56:17 +0800] GET /weather/weather_data_new.php?city=%E6%98%86%E6%98%8E HTTP/1.1 "200" 288 "-" "GPS\xE7\x8A\xB6\xE6\x80\x81 1.5.31 rv:1535 (iPhone; iOS 12.1.2; zh_CN)" "-"
153.0.6.63 - - [28/Jan/2019:01:59:08 +0800] GET /activity.php HTTP/1.1 "200" 88 "-" "GPS\xE7\x8A\xB6\xE6\x80\x81 1.5.31 rv:1535 (iPhone; iOS 11.2.6; zh_CN)" "-"
153.0.6.63 - - [28/Jan/2019:01:59:10 +0800] GET /weather/weather_data_new.php?city=%E6%B9%9B%E6%B1%9F HTTP/1.1 "200" 265 "-" "GPS\xE7\x8A\xB6\xE6\x80\x81 1.5.31 rv:1535 (iPhone; iOS 11.2.6; zh_CN)" "-"
179.35.3.126 - - [28/Jan/2019:02:00:31 +0800] GET /activity.php HTTP/1.1 "200" 82 "-" "GPS Status 1.5.31 rv:1535 (iPhone; iOS 12.1.2; en_BR)" "-"
179.35.3.126 - - [28/Jan/2019:02:00:50 +0800] GET //save_token.php?token=e5c64995%209086c21e%200820128f%20e873e97b%2083418cba%201ef5a91b%207f58eef6%2025b95666&os=IOS&version=12.1.2&type=iPhone7,2&city=S%C3%A3o%20Paulo&loc=%3C-23.53177439,-46.56986192%3E%20+/-%2065.00m%20(speed%20-1.00%20mps%20/%20course%20-1.00)%20@%2027/01/19%2016:00:49%20Brasilia%20Summer%20Time&device_id=606F1B7D-1421-4F86-9B7A-6C1518C32571&app_version=1.2 HTTP/1.1 "200" 33 "-" "GPS Status 1.5.31 rv:1535 (iPhone; iOS 12.1.2; en_BR)" "-"
2001:470:c:829::2 - - [28/Jan/2019:02:00:52 +0800] GET //weather/weather_data_open.php?city=S%C3%A3o+Paulo HTTP/1.0 "200" 0 "-" "-" "-"
179.35.3.126 - - [28/Jan/2019:02:00:52 +0800] GET /weather/weather_data_new.php?city=S%C3%A3o%20Paulo HTTP/1.1 "200" 31 "-" "GPS Status 1.5.31 rv:1535 (iPhone; iOS 12.1.2; en_BR)" "-"
61.144.172.145 - - [28/Jan/2019:02:01:17 +0800] GET //save_token.php?token=4c7cf009%2067dd79e4%20ecbbe929%2029390a0f%20aed905ed%20684f0dea%20aea14b9f%209e36e62e&os=IOS&version=12.1.2&type=iPhone9,2&city=%E6%B7%B1%E5%9C%B3&loc=%3C+22.58642018,+113.95013777%3E%20+/-%2065.00m%20(speed%20-1.00%20mps%20/%20course%20-1.00)%20@%202019/1/28%20%E4%B8%AD%E5%9B%BD%E6%A0%87%E5%87%86%E6%97%B6%E9%97%B4%20%E4%B8%8A%E5%8D%882:01:16&device_id=7F034B84-8DE7-4FF9-847F-FBB5D48951D7&app_version=1.2 HTTP/1.1 "200" 33 "-" "GPS\xE7\x8A\xB6\xE6\x80\x81 1.5.31 rv:1535 (iPhone; iOS 12.1.2; zh_CN)" "-"
2001:470:c:829::2 - - [28/Jan/2019:02:01:18 +0800] GET //weather/weather_data_open.php?city=%E6%B7%B1%E5%9C%B3 HTTP/1.0 "200" 1897 "-" "-" "-"
61.144.172.145 - - [28/Jan/2019:02:01:18 +0800] GET /weather/weather_data_new.php?city=%E6%B7%B1%E5%9C%B3 HTTP/1.1 "200" 689 "-" "GPS\xE7\x8A\xB6\xE6\x80\x81 1.5.31 rv:1535 (iPhone; iOS 12.1.2; zh_CN)" "-"
179.35.3.126 - - [28/Jan/2019:02:01:35 +0800] GET /activity.php HTTP/1.1 "200" 88 "-" "GPS Status 1.5.31 rv:1535 (iPhone; iOS 12.1.2; en_BR)" "-"
189.217.123.97 - - [28/Jan/2019:02:02:56 +0800] GET /activity.php HTTP/1.1 "200" 88 "-" "GPS Status 1.5.31 rv:1535 (iPhone; iOS 12.1.2; en_MX)" "-"
189.217.123.97 - - [28/Jan/2019:02:02:57 +0800] GET //save_token.php?token=436bbabd%205766fd63%2019375e17%2023aaa35e%20b6ff1749%20a1def62b%207911455b%20feb48e56&os=IOS&version=12.1.2&type=iPhone8,1&city=Naucalpan%20de%20Ju%C3%A1rez&loc=%3C+19.47570548,-99.27005624%3E%20+/-%2065.00m%20(speed%20-1.00%20mps%20/%20course%20-1.00)%20@%201/27/19,%2012:02:56%20PM%20Central%20Standard%20Time&device_id=A2A9D449-F82B-4D8B-859C-F93D64AC1152&app_version=1.2 HTTP/1.1 "200" 33 "-" "GPS Status 1.5.31 rv:1535 (iPhone; iOS 12.1.2; en_MX)" "-"
2001:470:c:829::2 - - [28/Jan/2019:02:02:58 +0800] GET //weather/weather_data_open.php?city=Naucalpan+de+Ju%C3%A1rez HTTP/1.0 "200" 0 "-" "-" "-"
189.217.123.97 - - [28/Jan/2019:02:02:58 +0800] GET /weather/weather_data_new.php?city=Naucalpan%20de%20Ju%C3%A1rez HTTP/1.1 "200" 31 "-" "GPS Status 1.5.31 rv:1535 (iPhone; iOS 12.1.2; en_MX)" "-"
94.73.3.88 - - [28/Jan/2019:02:04:02 +0800] GET /activity.php HTTP/1.1 "200" 88 "-" "GPS Status 1.5.31 rv:1535 (iPhone; iOS 11.3; en_IL)" "-"
117.150.18.25 - - [28/Jan/2019:02:04:02 +0800] GET /activity.php HTTP/1.1 "200" 82 "-" "GPS\xE7\x8A\xB6\xE6\x80\x81 1.5.31 rv:1535 (iPhone; iOS 12.1.2; zh_CN)" "-"
2001:470:c:829::2 - - [28/Jan/2019:02:04:05 +0800] GET //weather/weather_data_open.php?city=City+Not+founded HTTP/1.0 "200" 0 "-" "-" "-"
94.73.3.88 - - [28/Jan/2019:02:04:05 +0800] GET /weather/weather_data_new.php?city=City%20Not%20founded HTTP/1.1 "200" 31 "-" "GPS Status 1.5.31 rv:1535 (iPhone; iOS 11.3; en_IL)" "-"
2001:470:c:829::2 - - [28/Jan/2019:02:04:18 +0800] GET //weather/weather_data_open.php?city=Naucalpan+de+Ju%C3%A1rez HTTP/1.0 "200" 0 "-" "-" "-"
189.217.123.97 - - [28/Jan/2019:02:04:18 +0800] GET /weather/weather_data_new.php?city=Naucalpan%20de%20Ju%C3%A1rez HTTP/1.1 "200" 31 "-" "GPS Status 1.5.31 rv:1535 (iPhone; iOS 12.1.2; en_MX)" "-"
2001:470:c:829::2 - - [28/Jan/2019:02:04:19 +0800] GET //weather/weather_data_open.php?city=S%C3%A3o+Paulo HTTP/1.0 "200" 0 "-" "-" "-"
179.35.3.126 - - [28/Jan/2019:02:04:19 +0800] GET /weather/weather_data_new.php?city=S%C3%A3o%20Paulo HTTP/1.1 "200" 31 "-" "GPS Status 1.5.31 rv:1535 (iPhone; iOS 12.1.2; en_BR)" "-"
179.35.3.126 - - [28/Jan/2019:02:04:40 +0800] GET /activity.php HTTP/1.1 "200" 88 "-" "GPS Status 1.5.31 rv:1535 (iPhone; iOS 12.1.2; en_BR)" "-"
179.35.3.126 - - [28/Jan/2019:02:04:43 +0800] GET //save_token.php?token=e5c64995%209086c21e%200820128f%20e873e97b%2083418cba%201ef5a91b%207f58eef6%2025b95666&os=IOS&version=12.1.2&type=iPhone7,2&city=S%C3%A3o%20Paulo&loc=%3C-23.53177395,-46.56986122%3E%20+/-%2065.00m%20(speed%20-1.00%20mps%20/%20course%20-1.00)%20@%2027/01/19%2016:04:42%20Brasilia%20Summer%20Time&device_id=606F1B7D-1421-4F86-9B7A-6C1518C32571&app_version=1.2 HTTP/1.1 "200" 33 "-" "GPS Status 1.5.31 rv:1535 (iPhone; iOS 12.1.2; en_BR)" "-"
2001:470:c:829::2 - - [28/Jan/2019:02:04:44 +0800] GET //weather/weather_data_open.php?city=S%C3%A3o+Paulo HTTP/1.0 "200" 0 "-" "-" "-"
179.35.3.126 - - [28/Jan/2019:02:04:44 +0800] GET /weather/weather_data_new.php?city=S%C3%A3o%20Paulo HTTP/1.1 "200" 31 "-" "GPS Status 1.5.31 rv:1535 (iPhone; iOS 12.1.2; en_BR)" "-"
117.150.18.25 - - [28/Jan/2019:02:04:57 +0800] GET //save_token.php?token=fbc34797%200eab2fdc%204a2d5057%207a2e9a5a%20143a7739%204d1b690f%209f8a51d2%20b9594b93&os=IOS&version=12.1.2&type=iPhone8,1&city=&loc=(null)&device_id=F8D3CD88-87BC-4312-BD97-7D1D12447A90&app_version=1.2 HTTP/1.1 "200" 31 "-" "GPS\xE7\x8A\xB6\xE6\x80\x81 1.5.31 rv:1535 (iPhone; iOS 12.1.2; zh_CN)" "-"
2001:470:c:829::2 - - [28/Jan/2019:02:04:58 +0800] GET //weather/weather_data_open.php?city= HTTP/1.0 "200" 0 "-" "-" "-"
117.150.18.25 - - [28/Jan/2019:02:04:58 +0800] GET /weather/weather_data_new.php?city= HTTP/1.1 "200" 31 "-" "GPS\xE7\x8A\xB6\xE6\x80\x81 1.5.31 rv:1535 (iPhone; iOS 12.1.2; zh_CN)" "-"
186.11.5.195 - - [28/Jan/2019:02:05:28 +0800] GET /activity.php HTTP/1.1 "200" 88 "-" "GPS Status 1.5.31 rv:1535 (iPhone; iOS 11.4.1; es_CL)" "-"
2409:896a:5d20:b7c:8406:fcaf:3826:1c83 - - [28/Jan/2019:02:08:19 +0800] GET /activity.php HTTP/1.1 "200" 88 "-" "GPS\xE7\x8A\xB6\xE6\x80\x81 1.5.30 rv:1530 (iPhone; iOS 12.1; zh_CN)" "-"
2409:896a:5d20:b7c:8406:fcaf:3826:1c83 - - [28/Jan/2019:02:08:24 +0800] GET //save_token.php?token=995206aa%20f3c837e8%20e0924a13%204a978aa7%2085f3723e%2000a378f0%201f6d6694%203d693bd8&os=IOS&version=12.1&type=iPhone9,1&city=%E6%AF%95%E8%8A%82&loc=%3C+27.30058623,+105.29044923%3E%20+/-%2065.00m%20(speed%20-1.00%20mps%20/%20course%20-1.00)%20@%202019/1/28%20%E4%B8%AD%E5%9B%BD%E6%A0%87%E5%87%86%E6%97%B6%E9%97%B4%2002:08:24&device_id=f0c7c158a297bb318a1d3ba3b30c300746ea7ca2&app_version=1.2 HTTP/1.1 "200" 33 "-" "GPS\xE7\x8A\xB6\xE6\x80\x81 1.5.30 rv:1530 (iPhone; iOS 12.1; zh_CN)" "-"
2409:896a:5d20:b7c:8406:fcaf:3826:1c83 - - [28/Jan/2019:02:08:25 +0800] GET /weather/weather_data_new.php?city=%E6%AF%95%E8%8A%82 HTTP/1.1 "200" 278 "-" "GPS\xE7\x8A\xB6\xE6\x80\x81 1.5.30 rv:1530 (iPhone; iOS 12.1; zh_CN)" "-"
2409:8930:8475:139a:b522:85e9:e8ac:cc08 - - [28/Jan/2019:02:08:41 +0800] GET //save_token.php?token=479c10f2%2072ce600c%2099493374%2019829135%20aa291029%20cd153bcb%20955fbe44%2061bcc6e4&os=IOS&version=12.2&type=iPhone10,1&city=%E8%9A%8C%E5%9F%A0&loc=%3C+33.03043373,+117.14285276%3E%20+/-%2010.00m%20(speed%203.73%20mps%20/%20course%20281.60)%20@%202019/1/28%20%E4%B8%AD%E5%9B%BD%E6%A0%87%E5%87%86%E6%97%B6%E9%97%B4%20%E4%B8%8A%E5%8D%882:08:39&device_id=63FC6B70-9EB8-4C7D-B4C5-8970AB6B09E4&app_version=1.2 HTTP/1.1 "200" 33 "-" "GPS\xE7\x8A\xB6\xE6\x80\x81 1.5.31 rv:1535 (iPhone; iOS 12.2; zh_CN)" "-"
2409:8930:8475:139a:b522:85e9:e8ac:cc08 - - [28/Jan/2019:02:08:41 +0800] GET /weather/weather_data_new.php?city=%E8%9A%8C%E5%9F%A0 HTTP/1.1 "200" 284 "-" "GPS\xE7\x8A\xB6\xE6\x80\x81 1.5.31 rv:1535 (iPhone; iOS 12.2; zh_CN)" "-"
180.97.106.164 - - [28/Jan/2019:02:09:07 +0800] OPTIONS / HTTP/1.0 "400" 271 "-" "-" "-"
189.217.123.97 - - [28/Jan/2019:02:09:21 +0800] GET /activity.php HTTP/1.1 "200" 88 "-" "GPS Status 1.5.31 rv:1535 (iPhone; iOS 12.1.2; en_MX)" "-"
2409:8930:8475:139a:b522:85e9:e8ac:cc08 - - [28/Jan/2019:02:09:21 +0800] GET /weather/weather_data_new.php?city=%E8%9A%8C%E5%9F%A0 HTTP/1.1 "200" 284 "-" "GPS\xE7\x8A\xB6\xE6\x80\x81 1.5.31 rv:1535 (iPhone; iOS 12.2; zh_CN)" "-"
189.217.123.97 - - [28/Jan/2019:02:09:23 +0800] GET //save_token.php?token=436bbabd%205766fd63%2019375e17%2023aaa35e%20b6ff1749%20a1def62b%207911455b%20feb48e56&os=IOS&version=12.1.2&type=iPhone8,1&city=Naucalpan%20de%20Ju%C3%A1rez&loc=%3C+19.47575429,-99.27013618%3E%20+/-%2065.00m%20(speed%20-1.00%20mps%20/%20course%20-1.00)%20@%201/27/19,%2012:09:22%20PM%20Central%20Standard%20Time&device_id=A2A9D449-F82B-4D8B-859C-F93D64AC1152&app_version=1.2 HTTP/1.1 "200" 33 "-" "GPS Status 1.5.31 rv:1535 (iPhone; iOS 12.1.2; en_MX)" "-"
2001:470:c:829::2 - - [28/Jan/2019:02:09:25 +0800] GET //weather/weather_data_open.php?city=Naucalpan+de+Ju%C3%A1rez HTTP/1.0 "200" 0 "-" "-" "-"
189.217.123.97 - - [28/Jan/2019:02:09:25 +0800] GET /weather/weather_data_new.php?city=Naucalpan%20de%20Ju%C3%A1rez HTTP/1.1 "200" 31 "-" "GPS Status 1.5.31 rv:1535 (iPhone; iOS 12.1.2; en_MX)" "-"
180.97.106.164 - - [28/Jan/2019:02:09:26 +0800] GET / HTTP/1.1 "200" 5 "-" "Mozilla/5.0 (Windows NT 6.1; WOW64) AppleWebKit/537.36 (KHTML, like Gecko) Chrome/52.0.2743.116 Safari/537.36 SSLyze/0.14.2" "-"
140.205.205.25 - - [28/Jan/2019:02:11:44 +0800] HEAD / HTTP/1.1 "200" 0 "-" "Go-http-client/1.1" "-"
101.84.182.110 - - [28/Jan/2019:02:12:17 +0800] GET /activity.php HTTP/1.1 "200" 88 "-" "GPS\xE7\x8A\xB6\xE6\x80\x81 1.5.31 rv:1535 (iPhone; iOS 12.1.3; zh-Hans_HK)" "-"
101.84.182.110 - - [28/Jan/2019:02:12:19 +0800] GET //save_token.php?token=5bad4c6f%20885faa6c%20940d57ae%20606382c2%206852d5a0%2077243d75%20aabe694b%2059ca3c1e&os=IOS&version=12.1.3&type=iPhone9,1&city=%E5%B9%BF%E5%B7%9E&loc=%3C+23.31689090,+113.26840444%3E%20+/-%2010.00m%20(speed%2024.93%20mps%20/%20course%20181.41)%20@%2028/1/19%20%E4%B8%AD%E5%9B%BD%E6%A0%87%E5%87%86%E6%97%B6%E9%97%B4%20%E4%B8%8A%E5%8D%882:12:18&device_id=10117764-2B72-42F9-A6BD-F24D00A5EEF4&app_version=1.2 HTTP/1.1 "200" 33 "-" "GPS\xE7\x8A\xB6\xE6\x80\x81 1.5.31 rv:1535 (iPhone; iOS 12.1.3; zh-Hans_HK)" "-"
101.84.182.110 - - [28/Jan/2019:02:12:19 +0800] GET /weather/weather_data_new.php?city=%E5%B9%BF%E5%B7%9E HTTP/1.1 "200" 276 "-" "GPS\xE7\x8A\xB6\xE6\x80\x81 1.5.31 rv:1535 (iPhone; iOS 12.1.3; zh-Hans_HK)" "-"
83.223.242.28 - - [28/Jan/2019:02:12:56 +0800] GET /activity.php HTTP/1.1 "200" 88 "-" "GPS Status 1.5.31 rv:1535 (iPhone; iOS 12.1.2; en_PT)" "-"
2001:470:c:829::2 - - [28/Jan/2019:02:12:58 +0800] GET //weather/weather_data_open.php?city=Lisboa HTTP/1.0 "200" 1962 "-" "-" "-"
83.223.242.28 - - [28/Jan/2019:02:12:58 +0800] GET /weather/weather_data_new.php?city=Lisboa HTTP/1.1 "200" 691 "-" "GPS Status 1.5.31 rv:1535 (iPhone; iOS 12.1.2; en_PT)" "-"
