2409:893c:e00:d95:a59c:1b90:e519:874c - - [28/Jan/2019:00:16:20 +0800] GET //save_token.php?token=189bd090%20a671e199%205e0b3819%20bcb70545%20c31b5d77%207d8cf058%20806eec34%208789cd04&os=IOS&version=12.1&type=iPhone9,1&city=%E9%9D%92%E5%B2%9B&loc=%3C+36.21242734,+120.39326504%3E%20+/-%2050.00m%20(speed%2069.61%20mps%20/%20course%20343.48)%20@%202019/1/28%20%E4%B8%AD%E5%9B%BD%E6%A0%87%E5%87%86%E6%97%B6%E9%97%B4%2000:15:22&device_id=898F24AC-3902-450B-AB8D-747C5C38B219&app_version=1.2 HTTP/1.1 "200" 33 "-" "GPS\xE7\x8A\xB6\xE6\x80\x81 1.5.31 rv:1535 (iPhone; iOS 12.1; zh-Hans_US)" "-"
2409:893c:e00:d95:a59c:1b90:e519:874c - - [28/Jan/2019:00:16:20 +0800] GET /weather/weather_data_new.php?city=%E9%9D%92%E5%B2%9B HTTP/1.1 "200" 291 "-" "GPS\xE7\x8A\xB6\xE6\x80\x81 1.5.31 rv:1535 (iPhone; iOS 12.1; zh-Hans_US)" "-"
114.103.55.178 - - [28/Jan/2019:00:16:21 +0800] GET /activity.php HTTP/1.1 "200" 82 "-" "GPS\xE7\x8A\xB6\xE6\x80\x81 1.5.31 rv:1535 (iPhone; iOS 12.1.2; zh_CN)" "-"
36.250.88.165 - - [28/Jan/2019:00:16:50 +0800] GET /activity.php HTTP/1.1 "200" 88 "-" "GPS\xE7\x8A\xB6\xE6\x80\x81 1.5.31 rv:1535 (iPhone; iOS 12.1.2; zh_CN)" "-"
36.250.88.165 - - [28/Jan/2019:00:16:59 +0800] GET //save_token.php?token=40903f8f%206c8d0cc5%20c05f8270%20f78bc3f7%2012fdbad1%2094302c23%2087d3b7d9%20a39d8047&os=IOS&version=12.1.2&type=iPhone8,1&city=%E6%B3%89%E5%B7%9E&loc=%3C+25.10584964,+117.90989566%3E%20+/-%2065.00m%20(speed%20-1.00%20mps%20/%20course%20-1.00)%20@%202019/1/28%20%E4%B8%AD%E5%9B%BD%E6%A0%87%E5%87%86%E6%97%B6%E9%97%B4%2000:16:57&device_id=C325E50F-A357-408E-A106-797DEAF3C71D&app_version=1.2 HTTP/1.1 "200" 33 "-" "GPS\xE7\x8A\xB6\xE6\x80\x81 1.5.31 rv:1535 (iPhone; iOS 12.1.2; zh_CN)" "-"
2001:470:c:829::2 - - [28/Jan/2019:00:16:59 +0800] GET //weather/weather_data_open.php?city=%E6%B3%89%E5%B7%9E HTTP/1.0 "200" 1892 "-" "-" "-"
36.250.88.165 - - [28/Jan/2019:00:16:59 +0800] GET /weather/weather_data_new.php?city=%E6%B3%89%E5%B7%9E HTTP/1.1 "200" 666 "-" "GPS\xE7\x8A\xB6\xE6\x80\x81 1.5.31 rv:1535 (iPhone; iOS 12.1.2; zh_CN)" "-"
186.151.62.171 - - [28/Jan/2019:00:17:21 +0800] GET /activity.php HTTP/1.1 "200" 88 "-" "GPS Status 1.5.31 rv:1535 (iPhone; iOS 11.4.1; es_GT)" "-"
186.151.62.171 - - [28/Jan/2019:00:17:21 +0800] GET //save_token.php?token=678cd521%2043a07c86%20f1de6e96%20ac9986c9%2044f70fb3%200f64fdae%20d3093da7%20ae9bd264&os=IOS&version=11.4.1&type=iPhone8,1&city=Ciudad%20de%20Guatemala&loc=%3C+14.65667895,-90.57129334%3E%20+/-%2030.00m%20(speed%200.00%20mps%20/%20course%20-1.00)%20@%2027/01/19%2010:17:21%20hora%20est%C3%A1ndar%20central&device_id=7068e2d58859635fa47c2ff5dca550b3ea6f4a25&app_version=1.2 HTTP/1.1 "200" 33 "-" "GPS Status 1.5.31 rv:1535 (iPhone; iOS 11.4.1; es_GT)" "-"
2001:470:c:829::2 - - [28/Jan/2019:00:17:23 +0800] GET //weather/weather_data_open.php?city=Ciudad+de+Guatemala HTTP/1.0 "200" 0 "-" "-" "-"
186.151.62.171 - - [28/Jan/2019:00:17:23 +0800] GET /weather/weather_data_new.php?city=Ciudad%20de%20Guatemala HTTP/1.1 "200" 31 "-" "GPS Status 1.5.31 rv:1535 (iPhone; iOS 11.4.1; es_GT)" "-"
101.206.169.106 - - [28/Jan/2019:00:17:46 +0800] GET /activity.php HTTP/1.1 "200" 88 "-" "GPS\xE7\x8A\xB6\xE6\x80\x81 1.5.30 rv:1530 (iPhone; iOS 10.3.3; zh_CN)" "-"
101.206.169.106 - - [28/Jan/2019:00:17:48 +0800] GET //save_token.php?token=cd131c45%20ce8cd150%200c9bcdd4%201bb55a44%20a726b5fb%20e48ff6a0%208eeb46d4%200c1ac1b8&os=IOS&version=10.3.3&type=iPhone8,2&city=%E6%B4%9B%E9%98%B3&loc=%3C+34.74086005,+112.05499464%3E%20+/-%201414.00m%20(speed%20-1.00%20mps%20/%20course%20-1.00)%20@%202019/1/28%20%E4%B8%AD%E5%9B%BD%E6%A0%87%E5%87%86%E6%97%B6%E9%97%B4%2000:17:47&device_id=fe7398088e78389bb466d2d49bc9d7e9b1faa89d&app_version=1.2 HTTP/1.1 "200" 33 "-" "GPS\xE7\x8A\xB6\xE6\x80\x81 1.5.30 rv:1530 (iPhone; iOS 10.3.3; zh_CN)" "-"
101.206.169.106 - - [28/Jan/2019:00:17:48 +0800] GET /weather/weather_data_new.php?city=%E6%B4%9B%E9%98%B3 HTTP/1.1 "200" 290 "-" "GPS\xE7\x8A\xB6\xE6\x80\x81 1.5.30 rv:1530 (iPhone; iOS 10.3.3; zh_CN)" "-"
223.104.1.193 - - [28/Jan/2019:00:18:04 +0800] GET /activity.php HTTP/1.1 "200" 88 "-" "GPS\xE7\x8A\xB6\xE6\x80\x81 1.5.31 rv:1535 (iPhone; iOS 12.1; zh_CN)" "-"
223.104.1.193 - - [28/Jan/2019:00:18:06 +0800] GET /weather/weather_data_new.php?city=%E6%B1%9F%E9%97%A8 HTTP/1.1 "200" 266 "-" "GPS\xE7\x8A\xB6\xE6\x80\x81 1.5.31 rv:1535 (iPhone; iOS 12.1; zh_CN)" "-"
113.203.85.52 - - [28/Jan/2019:00:18:07 +0800] GET /activity.php HTTP/1.1 "200" 88 "-" "GPS Status 1.5.31 rv:1535 (iPhone; iOS 12.1.2; en_US)" "-"
113.74.135.210 - - [28/Jan/2019:00:18:37 +0800] GET /activity.php HTTP/1.1 "200" 88 "-" "GPS\xE7\x8A\xB6\xE6\x80\x81 1.5.31 rv:1535 (iPhone; iOS 12.1.2; zh_CN)" "-"
114.103.55.178 - - [28/Jan/2019:00:18:40 +0800] GET /activity.php HTTP/1.1 "200" 88 "-" "GPS\xE7\x8A\xB6\xE6\x80\x81 1.5.31 rv:1535 (iPhone; iOS 12.1.2; zh_CN)" "-"
114.103.55.178 - - [28/Jan/2019:00:18:44 +0800] GET //save_token.php?token=5b4c4b7c%2076b3435f%20af067ad8%2069ca4c4d%20c413f150%2058861454%20f10e5f9b%20c9ad123f&os=IOS&version=12.1.2&type=iPhone10,3&city=%E6%B1%A0%E5%B7%9E&loc=%3C+30.69851535,+117.55540941%3E%20+/-%2065.00m%20(speed%20-1.00%20mps%20/%20course%20-1.00)%20@%202019/1/28%20%E4%B8%AD%E5%9B%BD%E6%A0%87%E5%87%86%E6%97%B6%E9%97%B4%2000:18:44&device_id=943FC88B-CB71-477D-8584-16C6ABBA70A1&app_version=1.2 HTTP/1.1 "200" 33 "-" "GPS\xE7\x8A\xB6\xE6\x80\x81 1.5.31 rv:1535 (iPhone; iOS 12.1.2; zh_CN)" "-"
114.103.55.178 - - [28/Jan/2019:00:18:44 +0800] GET /weather/weather_data_new.php?city=%E6%B1%A0%E5%B7%9E HTTP/1.1 "200" 285 "-" "GPS\xE7\x8A\xB6\xE6\x80\x81 1.5.31 rv:1535 (iPhone; iOS 12.1.2; zh_CN)" "-"
191.39.23.184 - - [28/Jan/2019:00:18:52 +0800] GET /activity.php HTTP/1.1 "200" 88 "-" "GPS Status 1.5.31 rv:1535 (iPhone; iOS 12.1.2; en_BR)" "-"
114.103.55.178 - - [28/Jan/2019:00:19:04 +0800] GET /activity.php HTTP/1.1 "200" 88 "-" "GPS\xE7\x8A\xB6\xE6\x80\x81 1.5.31 rv:1535 (iPhone; iOS 12.1.2; zh_CN)" "-"
114.103.55.178 - - [28/Jan/2019:00:19:05 +0800] GET //save_token.php?token=5b4c4b7c%2076b3435f%20af067ad8%2069ca4c4d%20c413f150%2058861454%20f10e5f9b%20c9ad123f&os=IOS&version=12.1.2&type=iPhone10,3&city=%E6%B1%A0%E5%B7%9E&loc=%3C+30.69838409,+117.55560368%3E%20+/-%20200.00m%20(speed%203.47%20mps%20/%20course%20-1.00)%20@%202019/1/28%20%E4%B8%AD%E5%9B%BD%E6%A0%87%E5%87%86%E6%97%B6%E9%97%B4%2000:19:05&device_id=943FC88B-CB71-477D-8584-16C6ABBA70A1&app_version=1.2 HTTP/1.1 "200" 33 "-" "GPS\xE7\x8A\xB6\xE6\x80\x81 1.5.31 rv:1535 (iPhone; iOS 12.1.2; zh_CN)" "-"
114.103.55.178 - - [28/Jan/2019:00:19:05 +0800] GET /weather/weather_data_new.php?city=%E6%B1%A0%E5%B7%9E HTTP/1.1 "200" 285 "-" "GPS\xE7\x8A\xB6\xE6\x80\x81 1.5.31 rv:1535 (iPhone; iOS 12.1.2; zh_CN)" "-"
117.136.3.155 - - [28/Jan/2019:00:19:07 +0800] GET /activity.php HTTP/1.1 "200" 88 "-" "GPS\xE7\x8A\xB6\xE6\x80\x81 1.5.31 rv:1535 (iPhone; iOS 12.1.2; zh_CN)" "-"
117.136.3.155 - - [28/Jan/2019:00:19:09 +0800] GET /weather/weather_data_new.php?city=%E5%B7%B4%E5%BD%A6%E6%B7%96%E5%B0%94 HTTP/1.1 "200" 271 "-" "GPS\xE7\x8A\xB6\xE6\x80\x81 1.5.31 rv:1535 (iPhone; iOS 12.1.2; zh_CN)" "-"
117.136.79.228 - - [28/Jan/2019:00:19:41 +0800] GET /activity.php HTTP/1.1 "200" 88 "-" "GPS\xE7\x8A\xB6\xE6\x80\x81 1.5.31 rv:1535 (iPhone; iOS 12.1.2; zh_CN)" "-"
101.206.169.106 - - [28/Jan/2019:00:20:06 +0800] GET /activity.php HTTP/1.1 "200" 88 "-" "GPS\xE7\x8A\xB6\xE6\x80\x81 1.5.30 rv:1530 (iPhone; iOS 10.3.3; zh_CN)" "-"
219.232.77.21 - - [28/Jan/2019:00:21:46 +0800] GET //save_token.php?token=88465355%205072a4a2%20ad9364ae%20ae951258%20ee7afb66%20e766d549%204ad05e10%20dfdd05c0&os=IOS&version=12.1.2&type=iPhone9,2&city=%E5%8C%97%E6%B5%B7&loc=%3C+21.49742837,+109.13984652%3E%20+/-%2065.00m%20(speed%20-1.00%20mps%20/%20course%20-1.00)%20@%202019/1/28%20%E4%B8%AD%E5%9B%BD%E6%A0%87%E5%87%86%E6%97%B6%E9%97%B4%20%E4%B8%8A%E5%8D%8812:21:45&device_id=3E6931B3-B017-4CF3-8714-45E2DC125F91&app_version=1.2 HTTP/1.1 "200" 33 "-" "GPS\xE7\x8A\xB6\xE6\x80\x81 1.5.31 rv:1535 (iPhone; iOS 12.1.2; zh_CN)" "-"
219.232.77.21 - - [28/Jan/2019:00:21:46 +0800] GET /weather/weather_data_new.php?city=%E5%8C%97%E6%B5%B7 HTTP/1.1 "200" 265 "-" "GPS\xE7\x8A\xB6\xE6\x80\x81 1.5.31 rv:1535 (iPhone; iOS 12.1.2; zh_CN)" "-"
223.104.106.179 - - [28/Jan/2019:00:22:09 +0800] GET /activity.php HTTP/1.1 "200" 88 "-" "GPS\xE7\x8A\xB6\xE6\x80\x81 1.5.30 rv:1530 (iPhone; iOS 10.3.3; zh-Hans_IE)" "-"
219.232.77.21 - - [28/Jan/2019:00:22:25 +0800] GET /activity.php HTTP/1.1 "200" 82 "-" "GPS\xE7\x8A\xB6\xE6\x80\x81 1.5.31 rv:1535 (iPhone; iOS 12.1.2; zh_CN)" "-"
101.206.169.106 - - [28/Jan/2019:00:22:41 +0800] GET /activity.php HTTP/1.1 "200" 88 "-" "GPS\xE7\x8A\xB6\xE6\x80\x81 1.5.30 rv:1530 (iPhone; iOS 10.3.3; zh_CN)" "-"
114.102.137.14 - - [28/Jan/2019:00:23:19 +0800] GET /activity.php HTTP/1.1 "200" 88 "-" "GPS\xE7\x8A\xB6\xE6\x80\x81 1.5.30 rv:1530 (iPhone; iOS 12.0; zh_CN)" "-"
114.102.137.14 - - [28/Jan/2019:00:23:19 +0800] GET //save_token.php?token=82b48b7a%20b35ba61a%207b92cb38%2088cabafe%2039678576%202b92f7ba%207fc13cc0%20f9b77403&os=IOS&version=12.0&type=iPhone10,2&city=%E5%90%88%E8%82%A5&loc=%3C+31.84273061,+117.23410405%3E%20+/-%2065.00m%20(speed%20-1.00%20mps%20/%20course%20-1.00)%20@%202019/1/28%20%E4%B8%AD%E5%9B%BD%E6%A0%87%E5%87%86%E6%97%B6%E9%97%B4%2000:23:18&device_id=553F4038-6261-4644-8B0A-E3D174CA12C1&app_version=1.2 HTTP/1.1 "200" 33 "-" "GPS\xE7\x8A\xB6\xE6\x80\x81 1.5.30 rv:1530 (iPhone; iOS 12.0; zh_CN)" "-"
114.102.137.14 - - [28/Jan/2019:00:23:20 +0800] GET /weather/weather_data_new.php?city=%E5%90%88%E8%82%A5 HTTP/1.1 "200" 280 "-" "GPS\xE7\x8A\xB6\xE6\x80\x81 1.5.30 rv:1530 (iPhone; iOS 12.0; zh_CN)" "-"
218.14.91.96 - - [28/Jan/2019:00:23:38 +0800] GET /activity.php HTTP/1.1 "200" 93 "-" "GPS\xE7\x8A\xB6\xE6\x80\x81 1.5.31 rv:1535 (iPhone; iOS 11.4.1; zh_CN)" "-"
218.14.91.96 - - [28/Jan/2019:00:23:39 +0800] GET /vote.php?winSize=375.000000,667.000000 HTTP/1.1 "200" 1318 "-" "Mozilla/5.0 (iPhone; CPU iPhone OS 11_4_1 like Mac OS X) AppleWebKit/605.1.15 (KHTML, like Gecko) Mobile/15G77" "-"
218.14.91.96 - - [28/Jan/2019:00:23:39 +0800] GET /js/jquery.min.js HTTP/1.1 "200" 95786 "http://gps.ilvs.cn/vote.php?winSize=375.000000,667.000000" "Mozilla/5.0 (iPhone; CPU iPhone OS 11_4_1 like Mac OS X) AppleWebKit/605.1.15 (KHTML, like Gecko) Mobile/15G77" "-"
218.14.91.96 - - [28/Jan/2019:00:23:39 +0800] GET /weather/weather_data_new.php?city=%E6%83%A0%E5%B7%9E HTTP/1.1 "200" 255 "-" "GPS\xE7\x8A\xB6\xE6\x80\x81 1.5.31 rv:1535 (iPhone; iOS 11.4.1; zh_CN)" "-"
219.232.77.21 - - [28/Jan/2019:00:23:43 +0800] GET /activity.php HTTP/1.1 "200" 88 "-" "GPS\xE7\x8A\xB6\xE6\x80\x81 1.5.31 rv:1535 (iPhone; iOS 12.1.2; zh_CN)" "-"
117.136.3.155 - - [28/Jan/2019:00:24:00 +0800] GET /activity.php HTTP/1.1 "200" 88 "-" "GPS\xE7\x8A\xB6\xE6\x80\x81 1.5.31 rv:1535 (iPhone; iOS 12.1.2; zh_CN)" "-"
219.232.77.21 - - [28/Jan/2019:00:24:34 +0800] GET /activity.php HTTP/1.1 "200" 88 "-" "GPS\xE7\x8A\xB6\xE6\x80\x81 1.5.31 rv:1535 (iPhone; iOS 12.1.2; zh_CN)" "-"
219.232.77.21 - - [28/Jan/2019:00:24:56 +0800] GET /activity.php HTTP/1.1 "200" 88 "-" "GPS\xE7\x8A\xB6\xE6\x80\x81 1.5.31 rv:1535 (iPhone; iOS 12.1.2; zh_CN)" "-"
88.21.201.213 - - [28/Jan/2019:00:24:57 +0800] GET /activity.php HTTP/1.1 "200" 88 "-" "GPS Status 1.5.31 rv:1535 (iPhone; iOS 12.1.2; en_ES)" "-"
2001:470:c:829::2 - - [28/Jan/2019:00:24:57 +0800] GET //weather/weather_data_open.php?city=Barcelona HTTP/1.0 "200" 1895 "-" "-" "-"
88.21.201.213 - - [28/Jan/2019:00:24:57 +0800] GET /weather/weather_data_new.php?city=Barcelona HTTP/1.1 "200" 659 "-" "GPS Status 1.5.31 rv:1535 (iPhone; iOS 12.1.2; en_ES)" "-"
88.21.201.213 - - [28/Jan/2019:00:24:58 +0800] GET //save_token.php?token=0489970f%2080a17dc0%20894f2963%20ba869d4a%20dfc639bf%2094fed882%20369aff1d%202276a359&os=IOS&version=12.1.2&type=iPhone9,3&city=Barcelona&loc=%3C+41.42205441,+2.15655493%3E%20+/-%2065.00m%20(speed%20-1.00%20mps%20/%20course%20-1.00)%20@%2027/01/2019,%2017:24:55%20Central%20European%20Standard%20Time&device_id=18FCDCFD-41E8-493B-87D3-C2599646F023&app_version=1.2 HTTP/1.1 "200" 33 "-" "GPS Status 1.5.31 rv:1535 (iPhone; iOS 12.1.2; en_ES)" "-"
117.136.3.155 - - [28/Jan/2019:00:26:29 +0800] GET /activity.php HTTP/1.1 "200" 88 "-" "GPS\xE7\x8A\xB6\xE6\x80\x81 1.5.31 rv:1535 (iPhone; iOS 12.1.2; zh_CN)" "-"
2001:470:c:829::2 - - [28/Jan/2019:00:27:20 +0800] GET //weather/weather_data_open.php?city= HTTP/1.0 "200" 0 "-" "-" "-"
186.151.62.171 - - [28/Jan/2019:00:27:20 +0800] GET /weather/weather_data_new.php?city= HTTP/1.1 "200" 31 "-" "GPS Status 1.5.31 rv:1535 (iPhone; iOS 11.4.1; es_GT)" "-"
218.14.91.96 - - [28/Jan/2019:00:27:30 +0800] GET /activity.php HTTP/1.1 "200" 88 "-" "GPS\xE7\x8A\xB6\xE6\x80\x81 1.5.31 rv:1535 (iPhone; iOS 11.4.1; zh_CN)" "-"
123.147.250.4 - - [28/Jan/2019:00:27:32 +0800] GET /activity.php HTTP/1.1 "200" 88 "-" "GPS\xE7\x8A\xB6\xE6\x80\x81 1.5.31 rv:1535 (iPhone; iOS 10.2; zh_CN)" "-"
123.147.250.4 - - [28/Jan/2019:00:27:33 +0800] GET //save_token.php?token=1938d7d4%20f2adf0d4%206268eca0%20b7021607%209ae90129%2095689c43%207ccafacf%20c5d7d811&os=IOS&version=10.2&type=iPhone9,1&city=%E9%87%8D%E5%BA%86&loc=%3C+28.56421998,+108.90944280%3E%20+/-%2010.00m%20(speed%200.00%20mps%20/%20course%20-1.00)%20@%202019/1/28%20%E4%B8%AD%E5%9B%BD%E6%A0%87%E5%87%86%E6%97%B6%E9%97%B4%2000:27:33&device_id=E9A7A794-3EC9-499E-AC82-FC3E81CEEC5D&app_version=1.2 HTTP/1.1 "200" 33 "-" "GPS\xE7\x8A\xB6\xE6\x80\x81 1.5.31 rv:1535 (iPhone; iOS 10.2; zh_CN)" "-"
123.147.250.4 - - [28/Jan/2019:00:27:34 +0800] GET /weather/weather_data_new.php?city=%E9%87%8D%E5%BA%86 HTTP/1.1 "200" 261 "-" "GPS\xE7\x8A\xB6\xE6\x80\x81 1.5.31 rv:1535 (iPhone; iOS 10.2; zh_CN)" "-"
123.151.77.81 - - [28/Jan/2019:00:27:45 +0800] GET /share_my_pos.php?loc=42.635271,126.270803&device=A9894E5F-C849-4E41-AE7B-8C93DC374CB0&from=timeline HTTP/1.1 "200" 1352 "-" "Mozilla/5.0 (Linux; Android 8.0; LDN-AL00 Build/HUAWEILDN-AL00; wv) AppleWebKit/537.36 (KHTML, like Gecko) Version/4.0 Chrome/57.0.2987.132 MQQBrowser/6.2 TBS/044408 Mobile Safari/537.36 MMWEBID/8314 MicroMessenger/7.0.1380(0x2700003C) Process/tools NetType/WIFI Language/zh_CN" "139.211.213.177"
139.211.213.177 - - [28/Jan/2019:00:27:45 +0800] GET /client/css/my-app.css HTTP/1.1 "200" 0 "http://gps.ilvs.cn/share_my_pos.php?loc=42.635271,126.270803&device=A9894E5F-C849-4E41-AE7B-8C93DC374CB0&from=timeline" "Mozilla/5.0 (Linux; Android 8.0; LDN-AL00 Build/HUAWEILDN-AL00; wv) AppleWebKit/537.36 (KHTML, like Gecko) Version/4.0 Chrome/57.0.2987.132 MQQBrowser/6.2 TBS/044408 Mobile Safari/537.36 MMWEBID/8314 MicroMessenger/7.0.1380(0x2700003C) Process/tools NetType/WIFI Language/zh_CN" "-"
139.211.213.177 - - [28/Jan/2019:00:27:45 +0800] GET /client/css/framework7.min.css HTTP/1.1 "200" 125344 "http://gps.ilvs.cn/share_my_pos.php?loc=42.635271,126.270803&device=A9894E5F-C849-4E41-AE7B-8C93DC374CB0&from=timeline" "Mozilla/5.0 (Linux; Android 8.0; LDN-AL00 Build/HUAWEILDN-AL00; wv) AppleWebKit/537.36 (KHTML, like Gecko) Version/4.0 Chrome/57.0.2987.132 MQQBrowser/6.2 TBS/044408 Mobile Safari/537.36 MMWEBID/8314 MicroMessenger/7.0.1380(0x2700003C) Process/tools NetType/WIFI Language/zh_CN" "-"
123.151.77.81 - - [28/Jan/2019:00:27:45 +0800] GET /client/js/my-app.js HTTP/1.1 "200" 1666 "http://gps.ilvs.cn/share_my_pos.php?loc=42.635271,126.270803&device=A9894E5F-C849-4E41-AE7B-8C93DC374CB0&from=timeline" "Mozilla/5.0 (Linux; Android 8.0; LDN-AL00 Build/HUAWEILDN-AL00; wv) AppleWebKit/537.36 (KHTML, like Gecko) Version/4.0 Chrome/57.0.2987.132 MQQBrowser/6.2 TBS/044408 Mobile Safari/537.36 MMWEBID/8314 MicroMessenger/7.0.1380(0x2700003C) Process/tools NetType/WIFI Language/zh_CN" "139.211.213.177"
123.151.77.81 - - [28/Jan/2019:00:27:46 +0800] GET /client/js/framework7.min.js HTTP/1.1 "200" 138183 "http://gps.ilvs.cn/share_my_pos.php?loc=42.635271,126.270803&device=A9894E5F-C849-4E41-AE7B-8C93DC374CB0&from=timeline" "Mozilla/5.0 (Linux; Android 8.0; LDN-AL00 Build/HUAWEILDN-AL00; wv) AppleWebKit/537.36 (KHTML, like Gecko) Version/4.0 Chrome/57.0.2987.132 MQQBrowser/6.2 TBS/044408 Mobile Safari/537.36 MMWEBID/8314 MicroMessenger/7.0.1380(0x2700003C) Process/tools NetType/WIFI Language/zh_CN" "139.211.213.177"
181.176.59.42 - - [28/Jan/2019:00:28:19 +0800] GET /activity.php HTTP/1.1 "200" 88 "-" "GPS Status 1.5.31 rv:1535 (iPhone; iOS 12.1.2; en_PE)" "-"
61.151.178.236 - - [28/Jan/2019:00:28:44 +0800] GET /share_my_pos.php?loc=42.635271,126.270803&device=A9894E5F-C849-4E41-AE7B-8C93DC374CB0&from=timeline HTTP/1.1 "200" 2911 "-" "Mozilla/5.0 (Windows NT 6.1; WOW64) AppleWebKit/537.36 (KHTML, like Gecko) Chrome/39.0.2171.95 Safari/537.36 MicroMessenger/6.5.2.501 NetType/WIFI WindowsWechat QBCore/3.43.27.400 QQBrowser/9.0.2524.400" "-"
61.151.178.236 - - [28/Jan/2019:00:28:44 +0800] GET /client/js/framework7.min.js HTTP/1.1 "200" 138183 "http://gps.ilvs.cn/share_my_pos.php?loc=42.635271,126.270803&device=A9894E5F-C849-4E41-AE7B-8C93DC374CB0&from=timeline" "Mozilla/5.0 (Linux; Android 4.4.4; Coolpad Y82-520 Build/KTU84P) AppleWebKit/537.36 (KHTML, like Gecko) Version/4.0 Chrome/33.0.0.0 Mobile Safari/537.36 MicroMessenger/6.5.4.1000 NetType/4G Language/zh_CN" "-"
61.151.178.236 - - [28/Jan/2019:00:28:44 +0800] GET /client/js/my-app.js HTTP/1.1 "200" 1666 "http://gps.ilvs.cn/share_my_pos.php?loc=42.635271,126.270803&device=A9894E5F-C849-4E41-AE7B-8C93DC374CB0&from=timeline" "Mozilla/5.0 (iPhone; CPU iPhone OS 10_2_1 like Mac OS X) AppleWebKit/602.4.6 (KHTML, like Gecko) Mobile/14D27 MicroMessenger/6.5.5 NetType/WIFI Language/en" "-"
181.43.160.74 - - [28/Jan/2019:00:28:50 +0800] GET /activity.php HTTP/1.1 "200" 88 "-" "GPS Status 1.5.31 rv:1535 (iPhone; iOS 11.4.1; es_CL)" "-"
181.43.160.74 - - [28/Jan/2019:00:28:59 +0800] GET /activity.php HTTP/1.1 "200" 88 "-" "GPS Status 1.5.31 rv:1535 (iPhone; iOS 11.4.1; es_CL)" "-"
181.176.59.42 - - [28/Jan/2019:00:28:59 +0800] GET //save_token.php?token=856d41c0%202c0984ee%20374e4c1e%20c5c59a8c%206edc7671%20015c4d9d%2023050bde%2058e6baef&os=IOS&version=12.1.2&type=iPhone7,2&city=Departamento%20de%20Cusco&loc=%3C-13.05051568,-72.44553144%3E%20+/-%20200.00m%20(speed%200.21%20mps%20/%20course%20-1.00)%20@%201/27/19,%2011:28:58%20AM%20Peru%20Standard%20Time&device_id=6A8D3AED-96E8-4F90-BEF3-3D01BE9E9EDA&app_version=1.2 HTTP/1.1 "200" 33 "-" "GPS Status 1.5.31 rv:1535 (iPhone; iOS 12.1.2; en_PE)" "-"
2001:470:c:829::2 - - [28/Jan/2019:00:29:01 +0800] GET //weather/weather_data_open.php?city=Departamento+de+Cusco HTTP/1.0 "200" 0 "-" "-" "-"
181.176.59.42 - - [28/Jan/2019:00:29:01 +0800] GET /weather/weather_data_new.php?city=Departamento%20de%20Cusco HTTP/1.1 "200" 31 "-" "GPS Status 1.5.31 rv:1535 (iPhone; iOS 12.1.2; en_PE)" "-"
200.85.80.63 - - [28/Jan/2019:00:29:08 +0800] GET /activity.php HTTP/1.1 "200" 82 "-" "GPS Status 1.5.31 rv:1535 (iPhone; iOS 12.0.1; en_EC)" "-"
181.43.160.74 - - [28/Jan/2019:00:29:13 +0800] GET /activity.php HTTP/1.1 "200" 88 "-" "GPS Status 1.5.31 rv:1535 (iPhone; iOS 11.4.1; es_CL)" "-"
2001:470:c:829::2 - - [28/Jan/2019:00:29:14 +0800] GET //weather/weather_data_open.php?city=Colb%C3%BAn HTTP/1.0 "200" 0 "-" "-" "-"
181.43.160.74 - - [28/Jan/2019:00:29:14 +0800] GET /weather/weather_data_new.php?city=Colb%C3%BAn HTTP/1.1 "200" 31 "-" "GPS Status 1.5.31 rv:1535 (iPhone; iOS 11.4.1; es_CL)" "-"
181.43.160.74 - - [28/Jan/2019:00:29:19 +0800] GET /activity.php HTTP/1.1 "200" 88 "-" "GPS Status 1.5.31 rv:1535 (iPhone; iOS 11.4.1; es_CL)" "-"
181.43.160.74 - - [28/Jan/2019:00:29:27 +0800] GET /activity.php HTTP/1.1 "200" 88 "-" "GPS Status 1.5.31 rv:1535 (iPhone; iOS 11.4.1; es_CL)" "-"
181.43.160.74 - - [28/Jan/2019:00:29:56 +0800] GET /activity.php HTTP/1.1 "200" 88 "-" "GPS Status 1.5.31 rv:1535 (iPhone; iOS 11.4.1; es_CL)" "-"
113.249.241.90 - - [28/Jan/2019:00:30:43 +0800] GET /activity.php HTTP/1.1 "200" 88 "-" "GPS\xE7\x8A\xB6\xE6\x80\x81 1.5.31 rv:1535 (iPhone; iOS 12.1.2; zh_CN)" "-"
113.249.241.90 - - [28/Jan/2019:00:30:44 +0800] GET //save_token.php?token=7abbfb3b%205732b5ea%20226d61f7%204f49c1b1%20d806aab0%201dabf496%20f1ad47da%2053f1a41b&os=IOS&version=12.1.2&type=iPhone9,2&city=%E9%87%8D%E5%BA%86&loc=%3C+29.82362191,+106.06023584%3E%20+/-%2065.00m%20(speed%20-1.00%20mps%20/%20course%20-1.00)%20@%202019/1/28%20%E4%B8%AD%E5%9B%BD%E6%A0%87%E5%87%86%E6%97%B6%E9%97%B4%2000:30:43&device_id=7280C81E-C4C1-41B9-87B3-E2B62723632B&app_version=1.2 HTTP/1.1 "200" 33 "-" "GPS\xE7\x8A\xB6\xE6\x80\x81 1.5.31 rv:1535 (iPhone; iOS 12.1.2; zh_CN)" "-"
113.249.241.90 - - [28/Jan/2019:00:30:44 +0800] GET /weather/weather_data_new.php?city=%E9%87%8D%E5%BA%86 HTTP/1.1 "200" 260 "-" "GPS\xE7\x8A\xB6\xE6\x80\x81 1.5.31 rv:1535 (iPhone; iOS 12.1.2; zh_CN)" "-"
117.136.3.155 - - [28/Jan/2019:00:31:27 +0800] GET /activity.php HTTP/1.1 "200" 88 "-" "GPS\xE7\x8A\xB6\xE6\x80\x81 1.5.31 rv:1535 (iPhone; iOS 12.1.2; zh_CN)" "-"
117.136.3.155 - - [28/Jan/2019:00:31:29 +0800] GET /weather/weather_data_new.php?city=%E5%B7%B4%E5%BD%A6%E6%B7%96%E5%B0%94 HTTP/1.1 "200" 270 "-" "GPS\xE7\x8A\xB6\xE6\x80\x81 1.5.31 rv:1535 (iPhone; iOS 12.1.2; zh_CN)" "-"
27.42.94.127 - - [28/Jan/2019:00:31:31 +0800] GET /activity.php HTTP/1.1 "200" 88 "-" "GPS\xE7\x8A\xB6\xE6\x80\x81 1.5.31 rv:1535 (iPhone; iOS 12.2; zh_CN)" "-"
27.42.94.127 - - [28/Jan/2019:00:31:32 +0800] GET //save_token.php?token=07d85339%20a55147a5%2018db4757%20b6563538%20ee1fc01b%207c10a242%20fab12b26%207bdeef4e&os=IOS&version=12.2&type=iPhone9,2&city=%E7%8F%A0%E6%B5%B7&loc=%3C+22.21294442,+113.46899342%3E%20+/-%2065.00m%20(speed%20-1.00%20mps%20/%20course%20-1.00)%20@%202019/1/28%20%E4%B8%AD%E5%9B%BD%E6%A0%87%E5%87%86%E6%97%B6%E9%97%B4%2000:31:31&device_id=769E28E4-4E89-490D-8169-1A77AAE5A7B3&app_version=1.2 HTTP/1.1 "200" 33 "-" "GPS\xE7\x8A\xB6\xE6\x80\x81 1.5.31 rv:1535 (iPhone; iOS 12.2; zh_CN)" "-"
27.42.94.127 - - [28/Jan/2019:00:31:32 +0800] GET /weather/weather_data_new.php?city=%E7%8F%A0%E6%B5%B7 HTTP/1.1 "200" 277 "-" "GPS\xE7\x8A\xB6\xE6\x80\x81 1.5.31 rv:1535 (iPhone; iOS 12.2; zh_CN)" "-"
117.136.67.3 - - [28/Jan/2019:00:32:18 +0800] GET /activity.php HTTP/1.1 "200" 88 "-" "GPS\xE7\x8A\xB6\xE6\x80\x81 1.5.31 rv:1535 (iPhone; iOS 12.1.2; zh_CN)" "-"
117.136.67.3 - - [28/Jan/2019:00:32:21 +0800] GET //save_token.php?token=43b49bc9%20141d364c%2002e38ecf%20fd2343e3%201ab3d350%203ee25e94%20dd5696ae%20452348c2&os=IOS&version=12.1.2&type=iPhone7,1&city=%E5%AE%89%E5%BA%86&loc=%3C+30.63919490,+117.00668474%3E%20+/-%205.00m%20(speed%2021.12%20mps%20/%20course%20351.47)%20@%202019/1/28%20%E4%B8%AD%E5%9B%BD%E6%A0%87%E5%87%86%E6%97%B6%E9%97%B4%2000:32:20&device_id=4CAA4061-CF39-4E18-83C3-78B62F52DED8&app_version=1.2 HTTP/1.1 "200" 33 "-" "GPS\xE7\x8A\xB6\xE6\x80\x81 1.5.31 rv:1535 (iPhone; iOS 12.1.2; zh_CN)" "-"
117.136.67.3 - - [28/Jan/2019:00:32:21 +0800] GET /weather/weather_data_new.php?city=%E5%AE%89%E5%BA%86 HTTP/1.1 "200" 273 "-" "GPS\xE7\x8A\xB6\xE6\x80\x81 1.5.31 rv:1535 (iPhone; iOS 12.1.2; zh_CN)" "-"
113.249.241.90 - - [28/Jan/2019:00:32:23 +0800] GET /activity.php HTTP/1.1 "200" 88 "-" "GPS\xE7\x8A\xB6\xE6\x80\x81 1.5.31 rv:1535 (iPhone; iOS 12.1.2; zh_CN)" "-"
117.136.3.155 - - [28/Jan/2019:00:32:43 +0800] GET /activity.php HTTP/1.1 "200" 88 "-" "GPS\xE7\x8A\xB6\xE6\x80\x81 1.5.31 rv:1535 (iPhone; iOS 12.1.2; zh_CN)" "-"
106.118.149.16 - - [28/Jan/2019:00:33:00 +0800] GET /weather/weather_data_new.php?city=%E5%BC%A0%E5%AE%B6%E5%8F%A3 HTTP/1.1 "200" 276 "-" "GPS\xE7\x8A\xB6\xE6\x80\x81 1.5.31 rv:1535 (iPhone; iOS 10.3.3; zh_CN)" "-"
106.118.149.16 - - [28/Jan/2019:00:33:00 +0800] GET //save_token.php?token=d8baa148%2026f1bcf9%2007a1d3d3%20c13b1c99%208585e0c3%20ef7d29dc%2018a3e98c%203b229573&os=IOS&version=10.3.3&type=iPhone7,2&city=%E5%BC%A0%E5%AE%B6%E5%8F%A3&loc=%3C+40.36801307,+115.20964443%3E%20+/-%20495.05m%20(speed%20-1.00%20mps%20/%20course%20-1.00)%20@%202019/1/28%20%E4%B8%AD%E5%9B%BD%E6%A0%87%E5%87%86%E6%97%B6%E9%97%B4%20%E4%B8%8A%E5%8D%8812:32:59&device_id=FFB01229-B488-4817-87AD-5FDC8B5E9AAF&app_version=1.2 HTTP/1.1 "200" 33 "-" "GPS\xE7\x8A\xB6\xE6\x80\x81 1.5.31 rv:1535 (iPhone; iOS 10.3.3; zh_CN)" "-"
113.249.241.90 - - [28/Jan/2019:00:33:01 +0800] GET /activity.php HTTP/1.1 "200" 88 "-" "GPS\xE7\x8A\xB6\xE6\x80\x81 1.5.31 rv:1535 (iPhone; iOS 12.1.2; zh_CN)" "-"
113.249.241.90 - - [28/Jan/2019:00:33:39 +0800] GET /activity.php HTTP/1.1 "200" 88 "-" "GPS\xE7\x8A\xB6\xE6\x80\x81 1.5.31 rv:1535 (iPhone; iOS 12.1.2; zh_CN)" "-"
62.90.167.102 - - [28/Jan/2019:00:33:47 +0800] GET /activity.php HTTP/1.1 "200" 93 "-" "GPS Status 1.5.31 rv:1535 (iPhone; iOS 12.1.2; en_IL)" "-"
62.90.167.102 - - [28/Jan/2019:00:33:48 +0800] GET /vote.php?winSize=375.000000,667.000000 HTTP/1.1 "200" 1318 "-" "Mozilla/5.0 (iPhone; CPU iPhone OS 12_1_2 like Mac OS X) AppleWebKit/605.1.15 (KHTML, like Gecko) Mobile/16C101" "-"
62.90.167.102 - - [28/Jan/2019:00:33:50 +0800] GET /js/jquery.min.js HTTP/1.1 "200" 95786 "http://gps.ilvs.cn/vote.php?winSize=375.000000,667.000000" "Mozilla/5.0 (iPhone; CPU iPhone OS 12_1_2 like Mac OS X) AppleWebKit/605.1.15 (KHTML, like Gecko) Mobile/16C101" "-"
61.148.243.83 - - [28/Jan/2019:00:34:08 +0800] GET /activity.php HTTP/1.1 "200" 82 "-" "GPS\xE7\x8A\xB6\xE6\x80\x81 1.5.31 rv:1535 (iPhone; iOS 12.1.2; zh_CN)" "-"
31.221.146.247 - - [28/Jan/2019:00:35:20 +0800] GET /activity.php HTTP/1.1 "200" 82 "-" "GPS Status 1.5.31 rv:1535 (iPhone; iOS 12.1.2; en_ES)" "-"
31.221.146.247 - - [28/Jan/2019:00:35:20 +0800] GET //save_token.php?token=e55d7782%20349491b4%20025ba9df%206fcd85d2%20cdb4a58a%2009b8fd67%2065ed55ae%20169a46d4&os=IOS&version=12.1.2&type=iPhone8,1&city=A%20Coru%C3%B1a&loc=%3C+43.51056469,-8.05734848%3E%20+/-%205.00m%20(speed%2031.88%20mps%20/%20course%20251.27)%20@%2027/01/2019,%2017:35:19%20Central%20European%20Standard%20Time&device_id=df134d70fec983ff6b96aeff9a6b3ef1e26929f8&app_version=1.2 HTTP/1.1 "200" 33 "-" "GPS Status 1.5.31 rv:1535 (iPhone; iOS 12.1.2; en_ES)" "-"
2001:470:c:829::2 - - [28/Jan/2019:00:35:22 +0800] GET //weather/weather_data_open.php?city=A+Coru%C3%B1a HTTP/1.0 "200" 0 "-" "-" "-"
31.221.146.247 - - [28/Jan/2019:00:35:22 +0800] GET /weather/weather_data_new.php?city=A%20Coru%C3%B1a HTTP/1.1 "200" 31 "-" "GPS Status 1.5.31 rv:1535 (iPhone; iOS 12.1.2; en_ES)" "-"
180.130.2.198 - - [28/Jan/2019:00:35:35 +0800] GET /activity.php HTTP/1.1 "200" 82 "-" "GPS\xE7\x8A\xB6\xE6\x80\x81 1.5.31 rv:1535 (iPhone; iOS 11.4.1; zh_CN)" "-"
180.130.2.198 - - [28/Jan/2019:00:35:37 +0800] GET //save_token.php?token=be5ebe41%20252a3c9d%2009f91706%20369523a3%207c579c18%204a4bff7d%2091ea2a65%203e40834f&os=IOS&version=11.4.1&type=iPhone7,2&city=%E6%98%86%E6%98%8E&loc=%3C+24.98606728,+102.66802364%3E%20+/-%20165.00m%20(speed%20-1.00%20mps%20/%20course%20-1.00)%20@%202019/1/28%20%E4%B8%AD%E5%9B%BD%E6%A0%87%E5%87%86%E6%97%B6%E9%97%B4%2000:35:34&device_id=3A2A03A0-9109-4298-AA7B-EB70A08C527E&app_version=1.2 HTTP/1.1 "200" 33 "-" "GPS\xE7\x8A\xB6\xE6\x80\x81 1.5.31 rv:1535 (iPhone; iOS 11.4.1; zh_CN)" "-"
180.130.2.198 - - [28/Jan/2019:00:35:37 +0800] GET /weather/weather_data_new.php?city=%E6%98%86%E6%98%8E HTTP/1.1 "200" 287 "-" "GPS\xE7\x8A\xB6\xE6\x80\x81 1.5.31 rv:1535 (iPhone; iOS 11.4.1; zh_CN)" "-"
180.130.2.198 - - [28/Jan/2019:00:36:15 +0800] GET /weather/weather_data_new.php?city=%E6%98%86%E6%98%8E HTTP/1.1 "200" 287 "-" "GPS\xE7\x8A\xB6\xE6\x80\x81 1.5.31 rv:1535 (iPhone; iOS 11.4.1; zh_CN)" "-"
106.118.149.16 - - [28/Jan/2019:00:36:31 +0800] GET /activity.php HTTP/1.1 "200" 82 "-" "GPS\xE7\x8A\xB6\xE6\x80\x81 1.5.31 rv:1535 (iPhone; iOS 10.3.3; zh_CN)" "-"
221.219.236.6 - - [28/Jan/2019:00:36:40 +0800] GET /activity.php HTTP/1.1 "200" 88 "-" "GPS\xE7\x8A\xB6\xE6\x80\x81 1.5.31 rv:1535 (iPhone; iOS 12.0.1; zh_CN)" "-"
170.231.122.73 - - [28/Jan/2019:00:36:56 +0800] GET /activity.php HTTP/1.1 "200" 88 "-" "GPS Status 1.5.31 rv:1535 (iPhone; iOS 12.1.2; en_BR)" "-"
170.231.122.73 - - [28/Jan/2019:00:36:56 +0800] GET //save_token.php?token=2dc50bf2%20dd45c9d5%200aa7c341%207c9345ca%20aca6e887%20a2494092%2074bd3354%204db0d118&os=IOS&version=12.1.2&type=iPhone9,3&city=Ibirit%C3%A9&loc=%3C-19.97433704,-44.06814395%3E%20+/-%2065.00m%20(speed%20-1.00%20mps%20/%20course%20-1.00)%20@%2027/01/19%2014:36:55%20Brasilia%20Summer%20Time&device_id=131CF51D-7DCD-4E24-8E94-399B910B0E35&app_version=1.2 HTTP/1.1 "200" 33 "-" "GPS Status 1.5.31 rv:1535 (iPhone; iOS 12.1.2; en_BR)" "-"
2001:470:c:829::2 - - [28/Jan/2019:00:36:58 +0800] GET //weather/weather_data_open.php?city=Ibirit%C3%A9 HTTP/1.0 "200" 0 "-" "-" "-"
170.231.122.73 - - [28/Jan/2019:00:36:58 +0800] GET /weather/weather_data_new.php?city=Ibirit%C3%A9 HTTP/1.1 "200" 31 "-" "GPS Status 1.5.31 rv:1535 (iPhone; iOS 12.1.2; en_BR)" "-"
184.105.247.196 - - [28/Jan/2019:00:37:05 +0800] GET / HTTP/1.1 "200" 5 "-" "-" "-"
170.231.122.73 - - [28/Jan/2019:00:37:06 +0800] GET /activity.php HTTP/1.1 "200" 88 "-" "GPS Status 1.5.31 rv:1535 (iPhone; iOS 12.1.2; en_BR)" "-"
106.118.149.16 - - [28/Jan/2019:00:37:09 +0800] GET /weather/weather_data_new.php?city=%E5%BC%A0%E5%AE%B6%E5%8F%A3 HTTP/1.1 "200" 276 "-" "GPS\xE7\x8A\xB6\xE6\x80\x81 1.5.31 rv:1535 (iPhone; iOS 10.3.3; zh_CN)" "-"
39.130.100.85 - - [28/Jan/2019:00:37:22 +0800] GET /activity.php HTTP/1.1 "200" 88 "-" "GPS\xE7\x8A\xB6\xE6\x80\x81 1.5.31 rv:1535 (iPhone; iOS 12.1.2; zh_CN)" "-"
39.130.100.85 - - [28/Jan/2019:00:37:29 +0800] GET //save_token.php?token=50a08f97%20b9779611%209c6d4592%20bed316a6%2005ee64a7%207cec9581%20f610c100%20d1d68d22&os=IOS&version=12.1.2&type=iPhone10,3&city=%E6%98%86%E6%98%8E&loc=%3C+24.99654017,+102.69397778%3E%20+/-%2065.00m%20(speed%20-1.00%20mps%20/%20course%20-1.00)%20@%202019/1/28%20%E4%B8%AD%E5%9B%BD%E6%A0%87%E5%87%86%E6%97%B6%E9%97%B4%2000:37:28&device_id=14BEA812-1017-4328-BDFD-47FC1CDE45AE&app_version=1.2 HTTP/1.1 "200" 33 "-" "GPS\xE7\x8A\xB6\xE6\x80\x81 1.5.31 rv:1535 (iPhone; iOS 12.1.2; zh_CN)" "-"
39.130.100.85 - - [28/Jan/2019:00:37:29 +0800] GET /weather/weather_data_new.php?city=%E6%98%86%E6%98%8E HTTP/1.1 "200" 287 "-" "GPS\xE7\x8A\xB6\xE6\x80\x81 1.5.31 rv:1535 (iPhone; iOS 12.1.2; zh_CN)" "-"
39.130.100.85 - - [28/Jan/2019:00:37:42 +0800] GET /activity.php HTTP/1.1 "200" 88 "-" "GPS\xE7\x8A\xB6\xE6\x80\x81 1.5.31 rv:1535 (iPhone; iOS 12.1.2; zh_CN)" "-"
39.130.100.85 - - [28/Jan/2019:00:37:52 +0800] GET /activity.php HTTP/1.1 "200" 88 "-" "GPS\xE7\x8A\xB6\xE6\x80\x81 1.5.31 rv:1535 (iPhone; iOS 12.1.2; zh_CN)" "-"
39.130.100.85 - - [28/Jan/2019:00:37:53 +0800] GET //save_token.php?token=50a08f97%20b9779611%209c6d4592%20bed316a6%2005ee64a7%207cec9581%20f610c100%20d1d68d22&os=IOS&version=12.1.2&type=iPhone10,3&city=%E6%98%86%E6%98%8E&loc=%3C+24.99650840,+102.69400057%3E%20+/-%2065.00m%20(speed%20-1.00%20mps%20/%20course%20-1.00)%20@%202019/1/28%20%E4%B8%AD%E5%9B%BD%E6%A0%87%E5%87%86%E6%97%B6%E9%97%B4%2000:37:53&device_id=14BEA812-1017-4328-BDFD-47FC1CDE45AE&app_version=1.2 HTTP/1.1 "200" 33 "-" "GPS\xE7\x8A\xB6\xE6\x80\x81 1.5.31 rv:1535 (iPhone; iOS 12.1.2; zh_CN)" "-"
39.130.100.85 - - [28/Jan/2019:00:37:53 +0800] GET /weather/weather_data_new.php?city=%E6%98%86%E6%98%8E HTTP/1.1 "200" 287 "-" "GPS\xE7\x8A\xB6\xE6\x80\x81 1.5.31 rv:1535 (iPhone; iOS 12.1.2; zh_CN)" "-"
117.136.3.155 - - [28/Jan/2019:00:38:10 +0800] GET /activity.php HTTP/1.1 "200" 88 "-" "GPS\xE7\x8A\xB6\xE6\x80\x81 1.5.31 rv:1535 (iPhone; iOS 12.1.2; zh_CN)" "-"
39.130.100.85 - - [28/Jan/2019:00:38:26 +0800] GET /activity.php HTTP/1.1 "200" 88 "-" "GPS\xE7\x8A\xB6\xE6\x80\x81 1.5.31 rv:1535 (iPhone; iOS 12.1.2; zh_CN)" "-"
184.105.247.196 - - [28/Jan/2019:00:38:32 +0800] GET / HTTP/1.1 "200" 5 "-" "-" "-"
39.130.100.85 - - [28/Jan/2019:00:38:32 +0800] GET //save_token.php?token=50a08f97%20b9779611%209c6d4592%20bed316a6%2005ee64a7%207cec9581%20f610c100%20d1d68d22&os=IOS&version=12.1.2&type=iPhone10,3&city=%E6%98%86%E6%98%8E&loc=%3C+24.99662440,+102.69407027%3E%20+/-%2065.00m%20(speed%20-1.00%20mps%20/%20course%20-1.00)%20@%202019/1/28%20%E4%B8%AD%E5%9B%BD%E6%A0%87%E5%87%86%E6%97%B6%E9%97%B4%2000:38:31&device_id=14BEA812-1017-4328-BDFD-47FC1CDE45AE&app_version=1.2 HTTP/1.1 "200" 33 "-" "GPS\xE7\x8A\xB6\xE6\x80\x81 1.5.31 rv:1535 (iPhone; iOS 12.1.2; zh_CN)" "-"
39.130.100.85 - - [28/Jan/2019:00:38:32 +0800] GET /weather/weather_data_new.php?city=%E6%98%86%E6%98%8E HTTP/1.1 "200" 287 "-" "GPS\xE7\x8A\xB6\xE6\x80\x81 1.5.31 rv:1535 (iPhone; iOS 12.1.2; zh_CN)" "-"
2804:18:60:2d12:9140:3b69:9888:c236 - - [28/Jan/2019:00:38:32 +0800] GET /activity.php HTTP/1.1 "200" 88 "-" "GPS Status 1.5.23 rv:1523 (iPhone; iOS 12.1.2; en_BR)" "-"
2804:18:60:2d12:9140:3b69:9888:c236 - - [28/Jan/2019:00:38:33 +0800] GET //save_token.php?token=fa52d3fb%20cb1f5b5f%202995cf1f%20ef5f45bd%207b3440a4%2092aa5450%207d0711e2%20309bc7d6&os=IOS&version=12.1.2&type=iPhone10,4&city=S%C3%A3o%20Paulo&loc=%3C-23.42161560,-46.47819529%3E%20+/-%202000.00m%20(speed%20-1.00%20mps%20/%20course%20-1.00)%20@%2027/01/19%2014:38:31%20Brasilia%20Summer%20Time&device_id=62A70BA5-DB4B-49D5-AD37-F579A3EA1C73&app_version=1.2 HTTP/1.1 "200" 33 "-" "GPS Status 1.5.23 rv:1523 (iPhone; iOS 12.1.2; en_BR)" "-"
2001:470:c:829::2 - - [28/Jan/2019:00:38:34 +0800] GET //weather/weather_data_open.php?city=S%C3%A3o+Paulo HTTP/1.0 "200" 0 "-" "-" "-"
2804:18:60:2d12:9140:3b69:9888:c236 - - [28/Jan/2019:00:38:34 +0800] GET /weather/weather_data_new.php?city=S%C3%A3o%20Paulo HTTP/1.1 "200" 31 "-" "GPS Status 1.5.23 rv:1523 (iPhone; iOS 12.1.2; en_BR)" "-"
117.44.187.196 - - [28/Jan/2019:00:39:18 +0800] GET /activity.php HTTP/1.1 "200" 88 "-" "GPS\xE7\x8A\xB6\xE6\x80\x81 1.5.23 rv:1523 (iPhone; iOS 12.1.2; zh_CN)" "-"
223.104.64.149 - - [28/Jan/2019:00:39:27 +0800] GET /activity.php HTTP/1.1 "200" 88 "-" "GPS\xE7\x8A\xB6\xE6\x80\x81 1.5.31 rv:1535 (iPhone; iOS 12.2; zh_CN)" "-"
2001:470:c:829::2 - - [28/Jan/2019:00:39:38 +0800] GET //weather/weather_data_open.php?city=%E6%B7%B1%E5%9C%B3 HTTP/1.0 "200" 1892 "-" "-" "-"
223.104.64.149 - - [28/Jan/2019:00:39:38 +0800] GET /weather/weather_data_new.php?city=%E6%B7%B1%E5%9C%B3 HTTP/1.1 "200" 697 "-" "GPS\xE7\x8A\xB6\xE6\x80\x81 1.5.31 rv:1535 (iPhone; iOS 12.2; zh_CN)" "-"
117.44.187.196 - - [28/Jan/2019:00:39:48 +0800] GET //save_token.php?token=f8d975e3%20d2a61e32%203e126eeb%206dedafe4%200155771d%20d2a69924%20897158c5%207e51d162&os=IOS&version=12.1.2&type=iPhone6,2&city=&loc=(null)&device_id=AD730626-56F3-44BB-83B2-D097FDFAB32F&app_version=1.2 HTTP/1.1 "200" 31 "-" "GPS\xE7\x8A\xB6\xE6\x80\x81 1.5.23 rv:1523 (iPhone; iOS 12.1.2; zh_CN)" "-"
2001:470:c:829::2 - - [28/Jan/2019:00:39:49 +0800] GET //weather/weather_data_open.php?city= HTTP/1.0 "200" 0 "-" "-" "-"
117.44.187.196 - - [28/Jan/2019:00:39:49 +0800] GET /weather/weather_data_new.php?city= HTTP/1.1 "200" 31 "-" "GPS\xE7\x8A\xB6\xE6\x80\x81 1.5.23 rv:1523 (iPhone; iOS 12.1.2; zh_CN)" "-"
2409:8955:41c:1b65:9168:741c:3ed6:667d - - [28/Jan/2019:00:39:51 +0800] GET /activity.php HTTP/1.1 "200" 88 "-" "GPS\xE7\x8A\xB6\xE6\x80\x81 1.5.31 rv:1535 (iPhone; iOS 12.1.2; zh-Hans_US)" "-"
117.136.3.155 - - [28/Jan/2019:00:40:14 +0800] GET /activity.php HTTP/1.1 "200" 88 "-" "GPS\xE7\x8A\xB6\xE6\x80\x81 1.5.31 rv:1535 (iPhone; iOS 12.1.2; zh_CN)" "-"
223.104.64.149 - - [28/Jan/2019:00:42:53 +0800] GET /activity.php HTTP/1.1 "200" 88 "-" "GPS\xE7\x8A\xB6\xE6\x80\x81 1.5.31 rv:1535 (iPhone; iOS 12.2; zh_CN)" "-"
83.39.35.131 - - [28/Jan/2019:00:43:36 +0800] GET /activity.php HTTP/1.1 "200" 88 "-" "GPS Status 1.5.31 rv:1535 (iPad; iOS 12.1.1; en_ES)" "-"
2001:470:c:829::2 - - [28/Jan/2019:00:43:38 +0800] GET //weather/weather_data_open.php?city=Barcelona HTTP/1.0 "200" 1895 "-" "-" "-"
83.39.35.131 - - [28/Jan/2019:00:43:38 +0800] GET /weather/weather_data_new.php?city=Barcelona HTTP/1.1 "200" 683 "-" "GPS Status 1.5.31 rv:1535 (iPad; iOS 12.1.1; en_ES)" "-"
117.136.3.155 - - [28/Jan/2019:00:43:40 +0800] GET /activity.php HTTP/1.1 "200" 88 "-" "GPS\xE7\x8A\xB6\xE6\x80\x81 1.5.31 rv:1535 (iPhone; iOS 12.1.2; zh_CN)" "-"
117.136.3.155 - - [28/Jan/2019:00:43:42 +0800] GET /weather/weather_data_new.php?city=%E5%B7%B4%E5%BD%A6%E6%B7%96%E5%B0%94 HTTP/1.1 "200" 270 "-" "GPS\xE7\x8A\xB6\xE6\x80\x81 1.5.31 rv:1535 (iPhone; iOS 12.1.2; zh_CN)" "-"
187.217.217.83 - - [28/Jan/2019:00:43:56 +0800] GET /activity.php HTTP/1.1 "200" 88 "-" "GPS Status 1.5.31 rv:1535 (iPhone; iOS 11.3; en_US)" "-"
187.217.217.83 - - [28/Jan/2019:00:43:57 +0800] GET //save_token.php?token=1adb82e1%20cad72f2a%200340bba3%2004d2aab4%20edb020dd%206ba24b69%205e3b7fca%20be170713&os=IOS&version=11.3&type=iPhone7,1&city=Centro&loc=%3C+17.99459159,-92.98794272%3E%20+/-%2065.00m%20(speed%20-1.00%20mps%20/%20course%20-1.00)%20@%201/27/19,%2010:43:53%20AM%20Central%20Standard%20Time&device_id=00B3E87A-BBC9-4E2F-A161-0AF3618D42BA&app_version=1.2 HTTP/1.1 "200" 33 "-" "GPS Status 1.5.31 rv:1535 (iPhone; iOS 11.3; en_US)" "-"
2001:470:c:829::2 - - [28/Jan/2019:00:44:02 +0800] GET //weather/weather_data_open.php?city=Centro HTTP/1.0 "200" 1950 "-" "-" "-"
187.217.217.83 - - [28/Jan/2019:00:44:02 +0800] GET /weather/weather_data_new.php?city=Centro HTTP/1.1 "200" 692 "-" "GPS Status 1.5.31 rv:1535 (iPhone; iOS 11.3; en_US)" "-"
112.20.216.145 - - [28/Jan/2019:00:44:28 +0800] GET /activity.php HTTP/1.1 "200" 88 "-" "GPS\xE7\x8A\xB6\xE6\x80\x81 1.5.31 rv:1535 (iPhone; iOS 12.1; zh_CN)" "-"
112.20.216.145 - - [28/Jan/2019:00:44:28 +0800] GET /weather/weather_data_new.php?city=%E5%AE%BF%E8%BF%81 HTTP/1.1 "200" 297 "-" "GPS\xE7\x8A\xB6\xE6\x80\x81 1.5.31 rv:1535 (iPhone; iOS 12.1; zh_CN)" "-"
117.136.53.90 - - [28/Jan/2019:00:44:46 +0800] GET /activity.php HTTP/1.1 "200" 82 "-" "GPS\xE7\x8A\xB6\xE6\x80\x81 1.5.31 rv:1535 (iPhone; iOS 10.3.2; zh_CN)" "-"
117.136.53.90 - - [28/Jan/2019:00:45:11 +0800] GET //save_token.php?token=21342036%20e2355c44%203dcc9599%204f7f59df%20c8f080eb%206c951db0%20fefd692d%209d5d060f&os=IOS&version=10.3.2&type=iPhone8,2&city=&loc=(null)&device_id=312b20b05128aea9760d476e74e513880be21a39&app_version=1.2 HTTP/1.1 "200" 31 "-" "GPS\xE7\x8A\xB6\xE6\x80\x81 1.5.31 rv:1535 (iPhone; iOS 10.3.2; zh_CN)" "-"
2001:470:c:829::2 - - [28/Jan/2019:00:45:12 +0800] GET //weather/weather_data_open.php?city= HTTP/1.0 "200" 0 "-" "-" "-"
117.136.53.90 - - [28/Jan/2019:00:45:12 +0800] GET /weather/weather_data_new.php?city= HTTP/1.1 "200" 31 "-" "GPS\xE7\x8A\xB6\xE6\x80\x81 1.5.31 rv:1535 (iPhone; iOS 10.3.2; zh_CN)" "-"
117.136.3.155 - - [28/Jan/2019:00:45:16 +0800] GET /activity.php HTTP/1.1 "200" 88 "-" "GPS\xE7\x8A\xB6\xE6\x80\x81 1.5.31 rv:1535 (iPhone; iOS 12.1.2; zh_CN)" "-"
240e:82:f086:495e:f9d0:54ec:1494:2d15 - - [28/Jan/2019:00:46:18 +0800] GET //save_token.php?token=4060cfb8%207aee39a5%2087c9b585%20481a18a5%20cfb545fd%208cbfdef3%205588de0c%202c7f8c97&os=IOS&version=12.1.2&type=iPhone10,3&city=%E5%BB%8A%E5%9D%8A&loc=%3C+39.43416849,+116.67447477%3E%20+/-%2065.00m%20(speed%20-1.00%20mps%20/%20course%20-1.00)%20@%202019/1/28%20%E4%B8%AD%E5%9B%BD%E6%A0%87%E5%87%86%E6%97%B6%E9%97%B4%2000:46:16&device_id=62CB20B1-77AA-4772-9841-E765B01D9A4F&app_version=1.2 HTTP/1.1 "200" 33 "-" "GPS\xE7\x8A\xB6\xE6\x80\x81 1.5.31 rv:1535 (iPhone; iOS 12.1.2; zh_CN)" "-"
240e:82:f086:495e:f9d0:54ec:1494:2d15 - - [28/Jan/2019:00:46:18 +0800] GET /weather/weather_data_new.php?city=%E5%BB%8A%E5%9D%8A HTTP/1.1 "200" 272 "-" "GPS\xE7\x8A\xB6\xE6\x80\x81 1.5.31 rv:1535 (iPhone; iOS 12.1.2; zh_CN)" "-"
240e:82:f086:495e:f9d0:54ec:1494:2d15 - - [28/Jan/2019:00:46:36 +0800] GET /weather/weather_data_new.php?city=%E5%BB%8A%E5%9D%8A HTTP/1.1 "200" 272 "-" "GPS\xE7\x8A\xB6\xE6\x80\x81 1.5.31 rv:1535 (iPhone; iOS 12.1.2; zh_CN)" "-"
171.212.139.65 - - [28/Jan/2019:00:46:42 +0800] GET /activity.php HTTP/1.1 "200" 88 "-" "GPS\xE7\x8A\xB6\xE6\x80\x81 1.5.31 rv:1535 (iPhone; iPhone OS 9.2; zh_CN)" "-"
171.212.139.65 - - [28/Jan/2019:00:46:44 +0800] GET //save_token.php?token=3f05e1be%205474232b%200a95f3c8%202686d3e2%20d03e0d44%20ea9e9cb8%2075eece5c%207c624dab&os=IOS&version=9.2&type=iPhone7,1&city=%E6%88%90%E9%83%BD&loc=%3C+30.51607092,+104.05756340%3E%20+/-%2065.00m%20(speed%20-1.00%20mps%20/%20course%20-1.00)%20@%2019/1/28%20%E4%B8%AD%E5%9B%BD%E6%A0%87%E5%87%86%E6%97%B6%E9%97%B4%20%E4%B8%8A%E5%8D%8812:46:42&device_id=D076C62A-E040-417C-BBB3-C50D2EF5463F&app_version=1.2 HTTP/1.1 "200" 33 "-" "GPS\xE7\x8A\xB6\xE6\x80\x81 1.5.31 rv:1535 (iPhone; iPhone OS 9.2; zh_CN)" "-"
171.212.139.65 - - [28/Jan/2019:00:46:45 +0800] GET /weather/weather_data_new.php?city=%E6%88%90%E9%83%BD HTTP/1.1 "200" 285 "-" "GPS\xE7\x8A\xB6\xE6\x80\x81 1.5.31 rv:1535 (iPhone; iPhone OS 9.2; zh_CN)" "-"
14.136.108.59 - - [28/Jan/2019:00:46:47 +0800] GET /activity.php HTTP/1.1 "200" 82 "-" "GPS Status 1.5.31 rv:1535 (iPhone; iOS 11.3; en_HK)" "-"
240e:82:f086:495e:f9d0:54ec:1494:2d15 - - [28/Jan/2019:00:46:48 +0800] GET /activity.php HTTP/1.1 "200" 82 "-" "GPS\xE7\x8A\xB6\xE6\x80\x81 1.5.31 rv:1535 (iPhone; iOS 12.1.2; zh_CN)" "-"
106.121.139.220 - - [28/Jan/2019:00:47:03 +0800] GET /activity.php HTTP/1.1 "200" 88 "-" "GPS\xE7\x8A\xB6\xE6\x80\x81 1.5.31 rv:1535 (iPhone; iOS 12.1.2; zh_CN)" "-"
106.121.139.220 - - [28/Jan/2019:00:47:08 +0800] GET /weather/weather_data_new.php?city=%E5%BB%8A%E5%9D%8A HTTP/1.1 "200" 273 "-" "GPS\xE7\x8A\xB6\xE6\x80\x81 1.5.31 rv:1535 (iPhone; iOS 12.1.2; zh_CN)" "-"
189.40.75.225 - - [28/Jan/2019:00:47:10 +0800] GET /activity.php HTTP/1.1 "200" 88 "-" "GPS Status 1.5.31 rv:1535 (iPhone; iOS 12.1.2; en_BR)" "-"
189.40.75.225 - - [28/Jan/2019:00:47:11 +0800] GET //save_token.php?token=cd5ffbb9%2023af89f1%20e44fb5fb%20279589be%204f8c8d1b%203b7eba4e%20464da075%20ce9e74c7&os=IOS&version=12.1.2&type=iPhone7,2&city=S%C3%A3o%20Paulo&loc=%3C-23.62691596,-46.76385312%3E%20+/-%2065.00m%20(speed%20-1.00%20mps%20/%20course%20-1.00)%20@%2027/01/19%2014:47:07%20Brasilia%20Summer%20Time&device_id=93C01D37-C716-463E-B8AE-901BEDFEAD70&app_version=1.2 HTTP/1.1 "200" 33 "-" "GPS Status 1.5.31 rv:1535 (iPhone; iOS 12.1.2; en_BR)" "-"
189.40.75.225 - - [28/Jan/2019:00:47:12 +0800] GET /weather/weather_data_new.php?city=S%C3%A3o%20Paulo HTTP/1.1 "499" 0 "-" "GPS Status 1.5.31 rv:1535 (iPhone; iOS 12.1.2; en_BR)" "-"
2001:470:c:829::2 - - [28/Jan/2019:00:47:13 +0800] GET //weather/weather_data_open.php?city=S%C3%A3o+Paulo HTTP/1.0 "200" 0 "-" "-" "-"
14.136.108.59 - - [28/Jan/2019:00:47:21 +0800] GET /activity.php HTTP/1.1 "200" 88 "-" "GPS Status 1.5.31 rv:1535 (iPhone; iOS 11.3; en_HK)" "-"
105.38.155.13 - - [28/Jan/2019:00:47:22 +0800] GET /activity.php HTTP/1.1 "200" 82 "-" "GPS Status 1.5.31 rv:1535 (iPhone; iOS 12.1.2; en_EG)" "-"
14.136.108.59 - - [28/Jan/2019:00:47:28 +0800] POST /upload_track.php HTTP/1.1 "200" 33 "-" "GPS Status 1.5.31 rv:1535 (iPhone; iOS 11.3; en_HK)" "-"
105.38.155.13 - - [28/Jan/2019:00:47:31 +0800] GET //save_token.php?token=37edc876%202ec9014a%205484fc7e%20ffae2544%20dae6adc8%207773c70d%20e36008bb%20e947899b&os=IOS&version=12.1.2&type=iPhone7,2&city=Al%20Basatin%20wa%20Dar%20Al%20salam&loc=%3C+29.98224253,+31.33994509%3E%20+/-%2030.00m%20(speed%200.93%20mps%20/%20course%20325.20)%20@%201/27/19,%2018:47:31%20Eastern%20European%20Standard%20Time&device_id=8B2809B5-4E28-4F20-A74C-E52A22B1A450&app_version=1.2 HTTP/1.1 "200" 33 "-" "GPS Status 1.5.31 rv:1535 (iPhone; iOS 12.1.2; en_EG)" "-"
2001:470:c:829::2 - - [28/Jan/2019:00:47:33 +0800] GET //weather/weather_data_open.php?city=Al+Basatin+wa+Dar+Al+salam HTTP/1.0 "200" 0 "-" "-" "-"
105.38.155.13 - - [28/Jan/2019:00:47:33 +0800] GET /weather/weather_data_new.php?city=Al%20Basatin%20wa%20Dar%20Al%20salam HTTP/1.1 "200" 31 "-" "GPS Status 1.5.31 rv:1535 (iPhone; iOS 12.1.2; en_EG)" "-"
203.93.166.183 - - [28/Jan/2019:00:47:39 +0800] GET /activity.php HTTP/1.1 "200" 82 "-" "GPS\xE7\x8A\xB6\xE6\x80\x81 1.5.31 rv:1535 (iPhone; iOS 12.1.1; zh_CN)" "-"
101.244.220.218 - - [28/Jan/2019:00:47:49 +0800] GET /activity.php HTTP/1.1 "200" 82 "-" "GPS\xE7\x8A\xB6\xE6\x80\x81 1.5.31 rv:1535 (iPhone; iOS 12.1.3; zh_CN)" "-"
203.93.166.183 - - [28/Jan/2019:00:47:54 +0800] GET //save_token.php?token=6dfd64cb%20ff669dc5%20c588ee4b%209b825c29%2053ef796c%2082c7f9d2%2020202774%20b520e656&os=IOS&version=12.1.1&type=iPhone6,1&city=%E9%93%B6%E5%B7%9D&loc=%3C+38.49037885,+106.10121914%3E%20+/-%201070.91m%20(speed%20-1.00%20mps%20/%20course%20-1.00)%20@%202019/1/28%20%E4%B8%AD%E5%9B%BD%E6%A0%87%E5%87%86%E6%97%B6%E9%97%B4%20%E4%B8%8A%E5%8D%8812:47:54&device_id=80533E31-AEFD-4EBB-A907-B579DE6E3F75&app_version=1.2 HTTP/1.1 "200" 33 "-" "GPS\xE7\x8A\xB6\xE6\x80\x81 1.5.31 rv:1535 (iPhone; iOS 12.1.1; zh_CN)" "-"
203.93.166.183 - - [28/Jan/2019:00:47:54 +0800] GET /weather/weather_data_new.php?city=%E9%93%B6%E5%B7%9D HTTP/1.1 "200" 284 "-" "GPS\xE7\x8A\xB6\xE6\x80\x81 1.5.31 rv:1535 (iPhone; iOS 12.1.1; zh_CN)" "-"
101.244.220.218 - - [28/Jan/2019:00:47:57 +0800] GET //save_token.php?token=30b83f34%2027cf1d2b%2057b3938c%206bae6912%20f02c6dce%20912c24fd%20f24fc08e%209690b9ef&os=IOS&version=12.1.3&type=iPhone9,2&city=%E4%B8%8A%E6%B5%B7&loc=%3C+31.25676768,+121.49154905%3E%20+/-%2065.00m%20(speed%20-1.00%20mps%20/%20course%20-1.00)%20@%202019/1/28%20%E4%B8%AD%E5%9B%BD%E6%A0%87%E5%87%86%E6%97%B6%E9%97%B4%2000:47:56&device_id=E839D313-D7C0-4BD3-8224-3205A6755D97&app_version=1.2 HTTP/1.1 "200" 33 "-" "GPS\xE7\x8A\xB6\xE6\x80\x81 1.5.31 rv:1535 (iPhone; iOS 12.1.3; zh_CN)" "-"
101.244.220.218 - - [28/Jan/2019:00:47:57 +0800] GET /weather/weather_data_new.php?city=%E4%B8%8A%E6%B5%B7 HTTP/1.1 "200" 238 "-" "GPS\xE7\x8A\xB6\xE6\x80\x81 1.5.31 rv:1535 (iPhone; iOS 12.1.3; zh_CN)" "-"
106.121.139.220 - - [28/Jan/2019:00:48:01 +0800] GET /weather/weather_data_new.php?city=%E5%BB%8A%E5%9D%8A HTTP/1.1 "200" 272 "-" "GPS\xE7\x8A\xB6\xE6\x80\x81 1.5.31 rv:1535 (iPhone; iOS 12.1.2; zh_CN)" "-"
106.121.139.220 - - [28/Jan/2019:00:48:04 +0800] GET /weather/weather_data_new.php?city=%E5%BB%8A%E5%9D%8A HTTP/1.1 "200" 272 "-" "GPS\xE7\x8A\xB6\xE6\x80\x81 1.5.31 rv:1535 (iPhone; iOS 12.1.2; zh_CN)" "-"
223.104.1.112 - - [28/Jan/2019:00:48:36 +0800] GET /activity.php HTTP/1.1 "200" 88 "-" "GPS\xE7\x8A\xB6\xE6\x80\x81 1.5.31 rv:1535 (iPhone; iOS 12.1.2; zh_CN)" "-"
14.136.108.59 - - [28/Jan/2019:00:48:37 +0800] GET /activity.php HTTP/1.1 "200" 88 "-" "GPS Status 1.5.31 rv:1535 (iPhone; iOS 11.3; en_HK)" "-"
223.104.1.112 - - [28/Jan/2019:00:48:37 +0800] GET //save_token.php?token=f62819c0%20b7f17c32%20c9433520%20ba95c0e8%209f995fd2%20c0cb399e%201ccbf60a%20cf76bb71&os=IOS&version=12.1.2&type=iPhone8,1&city=%E6%B1%95%E5%A4%B4&loc=%3C+23.20607293,+116.35783500%3E%20+/-%2065.00m%20(speed%20-1.00%20mps%20/%20course%20-1.00)%20@%202019/1/28%20%E4%B8%AD%E5%9B%BD%E6%A0%87%E5%87%86%E6%97%B6%E9%97%B4%20%E4%B8%8A%E5%8D%8812:48:37&device_id=4258300D-304C-4A15-86A2-4E6BB48EA688&app_version=1.2 HTTP/1.1 "200" 33 "-" "GPS\xE7\x8A\xB6\xE6\x80\x81 1.5.31 rv:1535 (iPhone; iOS 12.1.2; zh_CN)" "-"
125.94.189.77 - - [28/Jan/2019:00:48:37 +0800] GET /weather/weather_data_new.php?city=%E6%B1%95%E5%A4%B4 HTTP/1.1 "200" 238 "-" "GPS\xE7\x8A\xB6\xE6\x80\x81 1.5.31 rv:1535 (iPhone; iOS 12.1.2; zh_CN)" "-"
14.136.108.59 - - [28/Jan/2019:00:48:44 +0800] GET //save_token.php?token=cf05e138%206917ead8%2088182782%20e3106f8a%202fb5fc4b%203ef8c43a%20e20a67f3%20bf591dd6&os=IOS&version=11.3&type=iPhone9,2&city=Yau%20Tsim%20Mong&loc=%3C+22.29932439,+114.17461877%3E%20+/-%2065.00m%20(speed%20-1.00%20mps%20/%20course%20-1.00)%20@%2028/1/2019,%2012:47:38%20AM%20Hong%20Kong%20Standard%20Time&device_id=7362f40c2572294cd121eefe00f0f4e4cf9f02a0&app_version=1.2 HTTP/1.1 "200" 33 "-" "GPS Status 1.5.31 rv:1535 (iPhone; iOS 11.3; en_HK)" "-"
2001:470:c:829::2 - - [28/Jan/2019:00:48:45 +0800] GET //weather/weather_data_open.php?city=Guarulhos HTTP/1.0 "200" 1922 "-" "-" "-"
2804:18:60:2d12:9140:3b69:9888:c236 - - [28/Jan/2019:00:48:45 +0800] GET /weather/weather_data_new.php?city=Guarulhos HTTP/1.1 "200" 678 "-" "GPS Status 1.5.23 rv:1523 (iPhone; iOS 12.1.2; en_BR)" "-"
2001:470:c:829::2 - - [28/Jan/2019:00:48:45 +0800] GET //weather/weather_data_open.php?city=Yau+Tsim+Mong HTTP/1.0 "200" 0 "-" "-" "-"
14.136.108.59 - - [28/Jan/2019:00:48:45 +0800] GET /weather/weather_data_new.php?city=Yau%20Tsim%20Mong HTTP/1.1 "200" 31 "-" "GPS Status 1.5.31 rv:1535 (iPhone; iOS 11.3; en_HK)" "-"
221.232.230.207 - - [28/Jan/2019:00:48:47 +0800] GET /activity.php HTTP/1.1 "200" 88 "-" "GPS\xE7\x8A\xB6\xE6\x80\x81 1.5.31 rv:1535 (iPhone; iOS 12.2; zh_CN)" "-"
221.232.230.207 - - [28/Jan/2019:00:48:48 +0800] GET //save_token.php?token=5861b0ce%205ffa87a1%2082e81c7e%209f965fba%20d7c60533%20af6595e6%20039740f9%200220d83f&os=IOS&version=12.2&type=iPhone8,1&city=%E6%AD%A6%E6%B1%89&loc=%3C+30.46860669,+114.12854233%3E%20+/-%2065.00m%20(speed%20-1.00%20mps%20/%20course%20-1.00)%20@%202019/1/28%20%E4%B8%AD%E5%9B%BD%E6%A0%87%E5%87%86%E6%97%B6%E9%97%B4%20%E4%B8%8A%E5%8D%8812:48:46&device_id=5f7f983c49e88032d72da706e86fdadcd3fef738&app_version=1.2 HTTP/1.1 "200" 33 "-" "GPS\xE7\x8A\xB6\xE6\x80\x81 1.5.31 rv:1535 (iPhone; iOS 12.2; zh_CN)" "-"
221.232.230.207 - - [28/Jan/2019:00:48:48 +0800] GET /weather/weather_data_new.php?city=%E6%AD%A6%E6%B1%89 HTTP/1.1 "200" 276 "-" "GPS\xE7\x8A\xB6\xE6\x80\x81 1.5.31 rv:1535 (iPhone; iOS 12.2; zh_CN)" "-"
125.94.189.77 - - [28/Jan/2019:00:48:49 +0800] GET /activity.php HTTP/1.1 "200" 88 "-" "GPS\xE7\x8A\xB6\xE6\x80\x81 1.5.31 rv:1535 (iPhone; iOS 12.1.2; zh_CN)" "-"
183.228.21.160 - - [28/Jan/2019:00:48:55 +0800] GET /weather/weather_data.php?city=%E9%87%8D%E5%BA%86 HTTP/1.1 "404" 47 "-" "GPS\xE7\x8A\xB6\xE6\x80\x81 1.5 rv:1506 (iPhone; iOS 12.1.3; zh_CN)" "-"
183.228.21.160 - - [28/Jan/2019:00:48:56 +0800] GET //save_token.php?token=3c0a7ec1%2009e75f55%20cb60a836%208b720778%20c37bdc62%20d71384fc%20a9cb0b46%20e6bad3d3&os=IOS&version=12.1.3&type=iPhone10,2&city=%E9%87%8D%E5%BA%86&loc=%3C+29.60427185,+106.52297404%3E%20+/-%2065.00m%20(speed%20-1.00%20mps%20/%20course%20-1.00)%20@%202019/1/28%20%E4%B8%AD%E5%9B%BD%E6%A0%87%E5%87%86%E6%97%B6%E9%97%B4%2000:48:55&device_id=9CF51CDF-8576-4D82-AFE5-55159ACB9154&app_version=1.2 HTTP/1.1 "200" 33 "-" "GPS\xE7\x8A\xB6\xE6\x80\x81 1.5 rv:1506 (iPhone; iOS 12.1.3; zh_CN)" "-"
